C51 COMPILER V9.54   MAIN                                                                  11/25/2024 15:43:56 PAGE 1   


C51 COMPILER V9.54, COMPILATION OF MODULE MAIN
OBJECT MODULE PLACED IN .\Objects\main.obj
COMPILER INVOKED BY: C:\Keil_v5\C51\BIN\C51.EXE main.c OMF2 OPTIMIZE(8,SPEED) BROWSE INCDIR(..\51project) DEBUG PRINT(.\
                    -Listings\main.lst) TABS(2) OBJECT(.\Objects\main.obj)

line level    source

   1          #include "c8051F410.h"
   2          #include "stdio.h"
   3          //#include "C8051F410_defs.h"
   4          
   5          int main()
   6          {
   7   1        P1=0x0f;
   8   1        P2=0x00;
   9   1        while(1);
  10   1      }


MODULE INFORMATION:   STATIC OVERLAYABLE
   CODE SIZE        =      8    ----
   CONSTANT SIZE    =   ----    ----
   XDATA SIZE       =   ----    ----
   PDATA SIZE       =   ----    ----
   DATA SIZE        =   ----    ----
   IDATA SIZE       =   ----    ----
   BIT SIZE         =   ----    ----
   EDATA SIZE       =   ----    ----
   HDATA SIZE       =   ----    ----
   XDATA CONST SIZE =   ----    ----
   FAR CONST SIZE   =   ----    ----
END OF MODULE INFORMATION.


C51 COMPILATION COMPLETE.  0 WARNING(S),  0 ERROR(S)
