Component: ARM Compiler 5.06 update 5 (build 528) Tool: armlink [4d35e2]

==============================================================================

Removing Unused input sections from the image.

    Removing system_stm32h7xx.o(.rev16_text), (4 bytes).
    Removing system_stm32h7xx.o(.revsh_text), (4 bytes).
    Removing system_stm32h7xx.o(.rrx_text), (6 bytes).
    Removing system_stm32h7xx.o(i.SystemCoreClockUpdate), (548 bytes).
    Removing startup_stm32h7b3xx.o(HEAP), (1024 bytes).
    Removing main.o(.rev16_text), (4 bytes).
    Removing main.o(.revsh_text), (4 bytes).
    Removing main.o(.rrx_text), (6 bytes).
    Removing main.o(i.JumpToBootloader), (108 bytes).
    Removing main.o(i.osc_disable_all_it), (44 bytes).
    Removing stm32h7xx_it.o(.rev16_text), (4 bytes).
    Removing stm32h7xx_it.o(.revsh_text), (4 bytes).
    Removing stm32h7xx_it.o(.rrx_text), (6 bytes).
    Removing stm32h7xx_it.o(i.OTG_FS_IRQHandler), (2 bytes).
    Removing stm32h7xx_hal_msp.o(.rev16_text), (4 bytes).
    Removing stm32h7xx_hal_msp.o(.revsh_text), (4 bytes).
    Removing stm32h7xx_hal_msp.o(.rrx_text), (6 bytes).
    Removing stm32h7xx_hal_cortex.o(.rev16_text), (4 bytes).
    Removing stm32h7xx_hal_cortex.o(.revsh_text), (4 bytes).
    Removing stm32h7xx_hal_cortex.o(.rrx_text), (6 bytes).
    Removing stm32h7xx_hal_cortex.o(i.HAL_GetCurrentCPUID), (4 bytes).
    Removing stm32h7xx_hal_cortex.o(i.HAL_MPU_ConfigRegion), (92 bytes).
    Removing stm32h7xx_hal_cortex.o(i.HAL_MPU_Disable), (44 bytes).
    Removing stm32h7xx_hal_cortex.o(i.HAL_MPU_Enable), (64 bytes).
    Removing stm32h7xx_hal_cortex.o(i.HAL_NVIC_ClearPendingIRQ), (36 bytes).
    Removing stm32h7xx_hal_cortex.o(i.HAL_NVIC_GetActive), (48 bytes).
    Removing stm32h7xx_hal_cortex.o(i.HAL_NVIC_GetPendingIRQ), (48 bytes).
    Removing stm32h7xx_hal_cortex.o(i.HAL_NVIC_GetPriority), (148 bytes).
    Removing stm32h7xx_hal_cortex.o(i.HAL_NVIC_GetPriorityGrouping), (8 bytes).
    Removing stm32h7xx_hal_cortex.o(i.HAL_NVIC_SetPendingIRQ), (36 bytes).
    Removing stm32h7xx_hal_cortex.o(i.HAL_NVIC_SystemReset), (68 bytes).
    Removing stm32h7xx_hal_cortex.o(i.HAL_SYSTICK_CLKSourceConfig), (40 bytes).
    Removing stm32h7xx_hal_cortex.o(i.HAL_SYSTICK_Callback), (2 bytes).
    Removing stm32h7xx_hal_cortex.o(i.HAL_SYSTICK_IRQHandler), (8 bytes).
    Removing stm32h7xx_hal_tim.o(.rev16_text), (4 bytes).
    Removing stm32h7xx_hal_tim.o(.revsh_text), (4 bytes).
    Removing stm32h7xx_hal_tim.o(.rrx_text), (6 bytes).
    Removing stm32h7xx_hal_tim.o(i.HAL_TIM_Base_DeInit), (70 bytes).
    Removing stm32h7xx_hal_tim.o(i.HAL_TIM_Base_GetState), (8 bytes).
    Removing stm32h7xx_hal_tim.o(i.HAL_TIM_Base_MspDeInit), (2 bytes).
    Removing stm32h7xx_hal_tim.o(i.HAL_TIM_Base_MspInit), (2 bytes).
    Removing stm32h7xx_hal_tim.o(i.HAL_TIM_Base_Start_DMA), (148 bytes).
    Removing stm32h7xx_hal_tim.o(i.HAL_TIM_Base_Stop), (56 bytes).
    Removing stm32h7xx_hal_tim.o(i.HAL_TIM_Base_Stop_DMA), (70 bytes).
    Removing stm32h7xx_hal_tim.o(i.HAL_TIM_Base_Stop_IT), (56 bytes).
    Removing stm32h7xx_hal_tim.o(i.HAL_TIM_ConfigOCrefClear), (346 bytes).
    Removing stm32h7xx_hal_tim.o(i.HAL_TIM_ConfigTI1Input), (22 bytes).
    Removing stm32h7xx_hal_tim.o(i.HAL_TIM_DMABurst_MultiReadStart), (468 bytes).
    Removing stm32h7xx_hal_tim.o(i.HAL_TIM_DMABurst_MultiWriteStart), (468 bytes).
    Removing stm32h7xx_hal_tim.o(i.HAL_TIM_DMABurst_ReadStart), (38 bytes).
    Removing stm32h7xx_hal_tim.o(i.HAL_TIM_DMABurst_ReadStop), (146 bytes).
    Removing stm32h7xx_hal_tim.o(i.HAL_TIM_DMABurst_WriteStart), (38 bytes).
    Removing stm32h7xx_hal_tim.o(i.HAL_TIM_DMABurst_WriteStop), (146 bytes).
    Removing stm32h7xx_hal_tim.o(i.HAL_TIM_Encoder_DeInit), (70 bytes).
    Removing stm32h7xx_hal_tim.o(i.HAL_TIM_Encoder_GetState), (8 bytes).
    Removing stm32h7xx_hal_tim.o(i.HAL_TIM_Encoder_Init), (176 bytes).
    Removing stm32h7xx_hal_tim.o(i.HAL_TIM_Encoder_MspDeInit), (2 bytes).
    Removing stm32h7xx_hal_tim.o(i.HAL_TIM_Encoder_MspInit), (2 bytes).
    Removing stm32h7xx_hal_tim.o(i.HAL_TIM_Encoder_Start), (78 bytes).
    Removing stm32h7xx_hal_tim.o(i.HAL_TIM_Encoder_Start_DMA), (380 bytes).
    Removing stm32h7xx_hal_tim.o(i.HAL_TIM_Encoder_Start_IT), (126 bytes).
    Removing stm32h7xx_hal_tim.o(i.HAL_TIM_Encoder_Stop), (104 bytes).
    Removing stm32h7xx_hal_tim.o(i.HAL_TIM_Encoder_Stop_DMA), (176 bytes).
    Removing stm32h7xx_hal_tim.o(i.HAL_TIM_Encoder_Stop_IT), (152 bytes).
    Removing stm32h7xx_hal_tim.o(i.HAL_TIM_ErrorCallback), (2 bytes).
    Removing stm32h7xx_hal_tim.o(i.HAL_TIM_GenerateEvent), (54 bytes).
    Removing stm32h7xx_hal_tim.o(i.HAL_TIM_IC_CaptureHalfCpltCallback), (2 bytes).
    Removing stm32h7xx_hal_tim.o(i.HAL_TIM_IC_ConfigChannel), (224 bytes).
    Removing stm32h7xx_hal_tim.o(i.HAL_TIM_IC_DeInit), (70 bytes).
    Removing stm32h7xx_hal_tim.o(i.HAL_TIM_IC_GetState), (8 bytes).
    Removing stm32h7xx_hal_tim.o(i.HAL_TIM_IC_Init), (52 bytes).
    Removing stm32h7xx_hal_tim.o(i.HAL_TIM_IC_MspDeInit), (2 bytes).
    Removing stm32h7xx_hal_tim.o(i.HAL_TIM_IC_MspInit), (2 bytes).
    Removing stm32h7xx_hal_tim.o(i.HAL_TIM_IC_Start), (56 bytes).
    Removing stm32h7xx_hal_tim.o(i.HAL_TIM_IC_Start_DMA), (348 bytes).
    Removing stm32h7xx_hal_tim.o(i.HAL_TIM_IC_Start_IT), (132 bytes).
    Removing stm32h7xx_hal_tim.o(i.HAL_TIM_IC_Stop), (58 bytes).
    Removing stm32h7xx_hal_tim.o(i.HAL_TIM_IC_Stop_DMA), (164 bytes).
    Removing stm32h7xx_hal_tim.o(i.HAL_TIM_IC_Stop_IT), (134 bytes).
    Removing stm32h7xx_hal_tim.o(i.HAL_TIM_OC_ConfigChannel), (148 bytes).
    Removing stm32h7xx_hal_tim.o(i.HAL_TIM_OC_DeInit), (70 bytes).
    Removing stm32h7xx_hal_tim.o(i.HAL_TIM_OC_GetState), (8 bytes).
    Removing stm32h7xx_hal_tim.o(i.HAL_TIM_OC_Init), (52 bytes).
    Removing stm32h7xx_hal_tim.o(i.HAL_TIM_OC_MspDeInit), (2 bytes).
    Removing stm32h7xx_hal_tim.o(i.HAL_TIM_OC_MspInit), (2 bytes).
    Removing stm32h7xx_hal_tim.o(i.HAL_TIM_OC_Start), (136 bytes).
    Removing stm32h7xx_hal_tim.o(i.HAL_TIM_OC_Start_DMA), (428 bytes).
    Removing stm32h7xx_hal_tim.o(i.HAL_TIM_OC_Start_IT), (212 bytes).
    Removing stm32h7xx_hal_tim.o(i.HAL_TIM_OC_Stop), (164 bytes).
    Removing stm32h7xx_hal_tim.o(i.HAL_TIM_OC_Stop_DMA), (272 bytes).
    Removing stm32h7xx_hal_tim.o(i.HAL_TIM_OC_Stop_IT), (240 bytes).
    Removing stm32h7xx_hal_tim.o(i.HAL_TIM_OnePulse_ConfigChannel), (296 bytes).
    Removing stm32h7xx_hal_tim.o(i.HAL_TIM_OnePulse_DeInit), (70 bytes).
    Removing stm32h7xx_hal_tim.o(i.HAL_TIM_OnePulse_GetState), (8 bytes).
    Removing stm32h7xx_hal_tim.o(i.HAL_TIM_OnePulse_Init), (76 bytes).
    Removing stm32h7xx_hal_tim.o(i.HAL_TIM_OnePulse_MspDeInit), (2 bytes).
    Removing stm32h7xx_hal_tim.o(i.HAL_TIM_OnePulse_MspInit), (2 bytes).
    Removing stm32h7xx_hal_tim.o(i.HAL_TIM_OnePulse_Start), (112 bytes).
    Removing stm32h7xx_hal_tim.o(i.HAL_TIM_OnePulse_Start_IT), (136 bytes).
    Removing stm32h7xx_hal_tim.o(i.HAL_TIM_OnePulse_Stop), (176 bytes).
    Removing stm32h7xx_hal_tim.o(i.HAL_TIM_OnePulse_Stop_IT), (200 bytes).
    Removing stm32h7xx_hal_tim.o(i.HAL_TIM_PWM_DeInit), (70 bytes).
    Removing stm32h7xx_hal_tim.o(i.HAL_TIM_PWM_GetState), (8 bytes).
    Removing stm32h7xx_hal_tim.o(i.HAL_TIM_PWM_MspDeInit), (2 bytes).
    Removing stm32h7xx_hal_tim.o(i.HAL_TIM_PWM_PulseFinishedHalfCpltCallback), (2 bytes).
    Removing stm32h7xx_hal_tim.o(i.HAL_TIM_PWM_Start_DMA), (428 bytes).
    Removing stm32h7xx_hal_tim.o(i.HAL_TIM_PWM_Start_IT), (212 bytes).
    Removing stm32h7xx_hal_tim.o(i.HAL_TIM_PWM_Stop), (172 bytes).
    Removing stm32h7xx_hal_tim.o(i.HAL_TIM_PWM_Stop_DMA), (272 bytes).
    Removing stm32h7xx_hal_tim.o(i.HAL_TIM_PWM_Stop_IT), (240 bytes).
    Removing stm32h7xx_hal_tim.o(i.HAL_TIM_PeriodElapsedHalfCpltCallback), (2 bytes).
    Removing stm32h7xx_hal_tim.o(i.HAL_TIM_ReadCapturedValue), (50 bytes).
    Removing stm32h7xx_hal_tim.o(i.HAL_TIM_SlaveConfigSynchro_IT), (108 bytes).
    Removing stm32h7xx_hal_tim.o(i.HAL_TIM_TriggerHalfCpltCallback), (2 bytes).
    Removing stm32h7xx_hal_tim.o(i.TIM_DMACaptureCplt), (70 bytes).
    Removing stm32h7xx_hal_tim.o(i.TIM_DMACaptureHalfCplt), (70 bytes).
    Removing stm32h7xx_hal_tim.o(i.TIM_DMADelayPulseCplt), (70 bytes).
    Removing stm32h7xx_hal_tim.o(i.TIM_DMADelayPulseHalfCplt), (70 bytes).
    Removing stm32h7xx_hal_tim.o(i.TIM_DMAError), (20 bytes).
    Removing stm32h7xx_hal_tim.o(i.TIM_DMAPeriodElapsedCplt), (20 bytes).
    Removing stm32h7xx_hal_tim.o(i.TIM_DMAPeriodElapsedHalfCplt), (20 bytes).
    Removing stm32h7xx_hal_tim.o(i.TIM_DMATriggerCplt), (20 bytes).
    Removing stm32h7xx_hal_tim.o(i.TIM_DMATriggerHalfCplt), (20 bytes).
    Removing stm32h7xx_hal_tim.o(i.TIM_TI1_SetConfig), (144 bytes).
    Removing stm32h7xx_hal_tim.o(i.TIM_TI2_SetConfig), (58 bytes).
    Removing stm32h7xx_hal_tim.o(i.TIM_TI3_SetConfig), (56 bytes).
    Removing stm32h7xx_hal_tim.o(i.TIM_TI4_SetConfig), (60 bytes).
    Removing stm32h7xx_hal_tim_ex.o(.rev16_text), (4 bytes).
    Removing stm32h7xx_hal_tim_ex.o(.revsh_text), (4 bytes).
    Removing stm32h7xx_hal_tim_ex.o(.rrx_text), (6 bytes).
    Removing stm32h7xx_hal_tim_ex.o(i.HAL_TIMEx_CommutHalfCpltCallback), (2 bytes).
    Removing stm32h7xx_hal_tim_ex.o(i.HAL_TIMEx_ConfigBreakInput), (214 bytes).
    Removing stm32h7xx_hal_tim_ex.o(i.HAL_TIMEx_ConfigCommutEvent), (140 bytes).
    Removing stm32h7xx_hal_tim_ex.o(i.HAL_TIMEx_ConfigCommutEvent_DMA), (168 bytes).
    Removing stm32h7xx_hal_tim_ex.o(i.HAL_TIMEx_ConfigCommutEvent_IT), (140 bytes).
    Removing stm32h7xx_hal_tim_ex.o(i.HAL_TIMEx_GroupChannel5), (72 bytes).
    Removing stm32h7xx_hal_tim_ex.o(i.HAL_TIMEx_HallSensor_DeInit), (70 bytes).
    Removing stm32h7xx_hal_tim_ex.o(i.HAL_TIMEx_HallSensor_GetState), (8 bytes).
    Removing stm32h7xx_hal_tim_ex.o(i.HAL_TIMEx_HallSensor_Init), (216 bytes).
    Removing stm32h7xx_hal_tim_ex.o(i.HAL_TIMEx_HallSensor_MspDeInit), (2 bytes).
    Removing stm32h7xx_hal_tim_ex.o(i.HAL_TIMEx_HallSensor_MspInit), (2 bytes).
    Removing stm32h7xx_hal_tim_ex.o(i.HAL_TIMEx_HallSensor_Start), (56 bytes).
    Removing stm32h7xx_hal_tim_ex.o(i.HAL_TIMEx_HallSensor_Start_DMA), (156 bytes).
    Removing stm32h7xx_hal_tim_ex.o(i.HAL_TIMEx_HallSensor_Start_IT), (68 bytes).
    Removing stm32h7xx_hal_tim_ex.o(i.HAL_TIMEx_HallSensor_Stop), (56 bytes).
    Removing stm32h7xx_hal_tim_ex.o(i.HAL_TIMEx_HallSensor_Stop_DMA), (74 bytes).
    Removing stm32h7xx_hal_tim_ex.o(i.HAL_TIMEx_HallSensor_Stop_IT), (68 bytes).
    Removing stm32h7xx_hal_tim_ex.o(i.HAL_TIMEx_OCN_Start), (68 bytes).
    Removing stm32h7xx_hal_tim_ex.o(i.HAL_TIMEx_OCN_Start_DMA), (300 bytes).
    Removing stm32h7xx_hal_tim_ex.o(i.HAL_TIMEx_OCN_Start_IT), (140 bytes).
    Removing stm32h7xx_hal_tim_ex.o(i.HAL_TIMEx_OCN_Stop), (96 bytes).
    Removing stm32h7xx_hal_tim_ex.o(i.HAL_TIMEx_OCN_Stop_DMA), (178 bytes).
    Removing stm32h7xx_hal_tim_ex.o(i.HAL_TIMEx_OCN_Stop_IT), (178 bytes).
    Removing stm32h7xx_hal_tim_ex.o(i.HAL_TIMEx_OnePulseN_Start), (32 bytes).
    Removing stm32h7xx_hal_tim_ex.o(i.HAL_TIMEx_OnePulseN_Start_IT), (56 bytes).
    Removing stm32h7xx_hal_tim_ex.o(i.HAL_TIMEx_OnePulseN_Stop), (96 bytes).
    Removing stm32h7xx_hal_tim_ex.o(i.HAL_TIMEx_OnePulseN_Stop_IT), (120 bytes).
    Removing stm32h7xx_hal_tim_ex.o(i.HAL_TIMEx_PWMN_Start_DMA), (300 bytes).
    Removing stm32h7xx_hal_tim_ex.o(i.HAL_TIMEx_PWMN_Start_IT), (140 bytes).
    Removing stm32h7xx_hal_tim_ex.o(i.HAL_TIMEx_PWMN_Stop), (96 bytes).
    Removing stm32h7xx_hal_tim_ex.o(i.HAL_TIMEx_PWMN_Stop_DMA), (178 bytes).
    Removing stm32h7xx_hal_tim_ex.o(i.HAL_TIMEx_PWMN_Stop_IT), (178 bytes).
    Removing stm32h7xx_hal_tim_ex.o(i.HAL_TIMEx_RemapConfig), (52 bytes).
    Removing stm32h7xx_hal_tim_ex.o(i.HAL_TIMEx_TISelection), (128 bytes).
    Removing stm32h7xx_hal_tim_ex.o(i.TIMEx_DMACommutationCplt), (20 bytes).
    Removing stm32h7xx_hal_tim_ex.o(i.TIMEx_DMACommutationHalfCplt), (20 bytes).
    Removing stm32h7xx_hal_rcc.o(.rev16_text), (4 bytes).
    Removing stm32h7xx_hal_rcc.o(.revsh_text), (4 bytes).
    Removing stm32h7xx_hal_rcc.o(.rrx_text), (6 bytes).
    Removing stm32h7xx_hal_rcc.o(i.HAL_RCC_CSSCallback), (2 bytes).
    Removing stm32h7xx_hal_rcc.o(i.HAL_RCC_DeInit), (460 bytes).
    Removing stm32h7xx_hal_rcc.o(i.HAL_RCC_DisableCSS), (20 bytes).
    Removing stm32h7xx_hal_rcc.o(i.HAL_RCC_EnableCSS), (20 bytes).
    Removing stm32h7xx_hal_rcc.o(i.HAL_RCC_GetClockConfig), (108 bytes).
    Removing stm32h7xx_hal_rcc.o(i.HAL_RCC_GetHCLKFreq), (48 bytes).
    Removing stm32h7xx_hal_rcc.o(i.HAL_RCC_GetOscConfig), (408 bytes).
    Removing stm32h7xx_hal_rcc.o(i.HAL_RCC_GetPCLK1Freq), (36 bytes).
    Removing stm32h7xx_hal_rcc.o(i.HAL_RCC_GetPCLK2Freq), (36 bytes).
    Removing stm32h7xx_hal_rcc.o(i.HAL_RCC_MCOConfig), (188 bytes).
    Removing stm32h7xx_hal_rcc.o(i.HAL_RCC_NMI_IRQHandler), (36 bytes).
    Removing stm32h7xx_hal_rcc_ex.o(.rev16_text), (4 bytes).
    Removing stm32h7xx_hal_rcc_ex.o(.revsh_text), (4 bytes).
    Removing stm32h7xx_hal_rcc_ex.o(.rrx_text), (6 bytes).
    Removing stm32h7xx_hal_rcc_ex.o(i.HAL_RCCEx_CRSConfig), (124 bytes).
    Removing stm32h7xx_hal_rcc_ex.o(i.HAL_RCCEx_CRSGetSynchronizationInfo), (48 bytes).
    Removing stm32h7xx_hal_rcc_ex.o(i.HAL_RCCEx_CRSSoftwareSynchronizationGenerate), (20 bytes).
    Removing stm32h7xx_hal_rcc_ex.o(i.HAL_RCCEx_CRSWaitSynchronization), (208 bytes).
    Removing stm32h7xx_hal_rcc_ex.o(i.HAL_RCCEx_CRS_ErrorCallback), (2 bytes).
    Removing stm32h7xx_hal_rcc_ex.o(i.HAL_RCCEx_CRS_ExpectedSyncCallback), (2 bytes).
    Removing stm32h7xx_hal_rcc_ex.o(i.HAL_RCCEx_CRS_IRQHandler), (156 bytes).
    Removing stm32h7xx_hal_rcc_ex.o(i.HAL_RCCEx_CRS_SyncOkCallback), (2 bytes).
    Removing stm32h7xx_hal_rcc_ex.o(i.HAL_RCCEx_CRS_SyncWarnCallback), (2 bytes).
    Removing stm32h7xx_hal_rcc_ex.o(i.HAL_RCCEx_DisableLSECSS), (36 bytes).
    Removing stm32h7xx_hal_rcc_ex.o(i.HAL_RCCEx_EnableLSECSS), (20 bytes).
    Removing stm32h7xx_hal_rcc_ex.o(i.HAL_RCCEx_GetD1PCLK1Freq), (36 bytes).
    Removing stm32h7xx_hal_rcc_ex.o(i.HAL_RCCEx_GetD1SysClockFreq), (48 bytes).
    Removing stm32h7xx_hal_rcc_ex.o(i.HAL_RCCEx_GetD3PCLK1Freq), (36 bytes).
    Removing stm32h7xx_hal_rcc_ex.o(i.HAL_RCCEx_GetPeriphCLKConfig), (568 bytes).
    Removing stm32h7xx_hal_rcc_ex.o(i.HAL_RCCEx_KerWakeUpStopCLKConfig), (20 bytes).
    Removing stm32h7xx_hal_rcc_ex.o(i.HAL_RCCEx_WWDGxSysResetConfig), (16 bytes).
    Removing stm32h7xx_hal_rcc_ex.o(i.HAL_RCCEx_WakeUpStopCLKConfig), (20 bytes).
    Removing stm32h7xx_hal_flash.o(.rev16_text), (4 bytes).
    Removing stm32h7xx_hal_flash.o(.revsh_text), (4 bytes).
    Removing stm32h7xx_hal_flash.o(.rrx_text), (6 bytes).
    Removing stm32h7xx_hal_flash.o(i.FLASH_CRC_WaitForLastOperation), (208 bytes).
    Removing stm32h7xx_hal_flash.o(i.FLASH_OB_WaitForLastOperation), (96 bytes).
    Removing stm32h7xx_hal_flash.o(i.HAL_FLASH_EndOfOperationCallback), (2 bytes).
    Removing stm32h7xx_hal_flash.o(i.HAL_FLASH_GetError), (12 bytes).
    Removing stm32h7xx_hal_flash.o(i.HAL_FLASH_IRQHandler), (536 bytes).
    Removing stm32h7xx_hal_flash.o(i.HAL_FLASH_Lock), (68 bytes).
    Removing stm32h7xx_hal_flash.o(i.HAL_FLASH_OB_Launch), (68 bytes).
    Removing stm32h7xx_hal_flash.o(i.HAL_FLASH_OB_Lock), (36 bytes).
    Removing stm32h7xx_hal_flash.o(i.HAL_FLASH_OB_Unlock), (52 bytes).
    Removing stm32h7xx_hal_flash.o(i.HAL_FLASH_OperationErrorCallback), (2 bytes).
    Removing stm32h7xx_hal_flash.o(i.HAL_FLASH_Program_IT), (272 bytes).
    Removing stm32h7xx_hal_flash_ex.o(.rev16_text), (4 bytes).
    Removing stm32h7xx_hal_flash_ex.o(.revsh_text), (4 bytes).
    Removing stm32h7xx_hal_flash_ex.o(.rrx_text), (6 bytes).
    Removing stm32h7xx_hal_flash_ex.o(i.FLASH_CRC_AddSector), (72 bytes).
    Removing stm32h7xx_hal_flash_ex.o(i.FLASH_CRC_SelectAddress), (32 bytes).
    Removing stm32h7xx_hal_flash_ex.o(i.FLASH_MassErase), (168 bytes).
    Removing stm32h7xx_hal_flash_ex.o(i.FLASH_OB_BOR_LevelConfig), (20 bytes).
    Removing stm32h7xx_hal_flash_ex.o(i.FLASH_OB_BootAddConfig), (52 bytes).
    Removing stm32h7xx_hal_flash_ex.o(i.FLASH_OB_DisableWRP), (52 bytes).
    Removing stm32h7xx_hal_flash_ex.o(i.FLASH_OB_EnableWRP), (52 bytes).
    Removing stm32h7xx_hal_flash_ex.o(i.FLASH_OB_GetBOR), (16 bytes).
    Removing stm32h7xx_hal_flash_ex.o(i.FLASH_OB_GetBootAdd), (20 bytes).
    Removing stm32h7xx_hal_flash_ex.o(i.FLASH_OB_GetPCROP), (80 bytes).
    Removing stm32h7xx_hal_flash_ex.o(i.FLASH_OB_GetRDP), (36 bytes).
    Removing stm32h7xx_hal_flash_ex.o(i.FLASH_OB_GetSecureArea), (80 bytes).
    Removing stm32h7xx_hal_flash_ex.o(i.FLASH_OB_GetUser), (16 bytes).
    Removing stm32h7xx_hal_flash_ex.o(i.FLASH_OB_GetWRP), (60 bytes).
    Removing stm32h7xx_hal_flash_ex.o(i.FLASH_OB_PCROPConfig), (68 bytes).
    Removing stm32h7xx_hal_flash_ex.o(i.FLASH_OB_RDPConfig), (20 bytes).
    Removing stm32h7xx_hal_flash_ex.o(i.FLASH_OB_SecureAreaConfig), (76 bytes).
    Removing stm32h7xx_hal_flash_ex.o(i.FLASH_OB_UserConfig), (168 bytes).
    Removing stm32h7xx_hal_flash_ex.o(i.HAL_FLASHEx_ComputeCRC), (404 bytes).
    Removing stm32h7xx_hal_flash_ex.o(i.HAL_FLASHEx_Erase), (316 bytes).
    Removing stm32h7xx_hal_flash_ex.o(i.HAL_FLASHEx_Erase_IT), (244 bytes).
    Removing stm32h7xx_hal_flash_ex.o(i.HAL_FLASHEx_Lock_Bank1), (20 bytes).
    Removing stm32h7xx_hal_flash_ex.o(i.HAL_FLASHEx_Lock_Bank2), (28 bytes).
    Removing stm32h7xx_hal_flash_ex.o(i.HAL_FLASHEx_OBGetConfig), (106 bytes).
    Removing stm32h7xx_hal_flash_ex.o(i.HAL_FLASHEx_OBProgram), (228 bytes).
    Removing stm32h7xx_hal_flash_ex.o(i.HAL_FLASHEx_Unlock_Bank1), (52 bytes).
    Removing stm32h7xx_hal_flash_ex.o(i.HAL_FLASHEx_Unlock_Bank2), (60 bytes).
    Removing stm32h7xx_hal_gpio.o(.rev16_text), (4 bytes).
    Removing stm32h7xx_hal_gpio.o(.revsh_text), (4 bytes).
    Removing stm32h7xx_hal_gpio.o(.rrx_text), (6 bytes).
    Removing stm32h7xx_hal_gpio.o(i.HAL_GPIO_DeInit), (376 bytes).
    Removing stm32h7xx_hal_gpio.o(i.HAL_GPIO_EXTI_Callback), (2 bytes).
    Removing stm32h7xx_hal_gpio.o(i.HAL_GPIO_LockPin), (46 bytes).
    Removing stm32h7xx_hal_hsem.o(.rev16_text), (4 bytes).
    Removing stm32h7xx_hal_hsem.o(.revsh_text), (4 bytes).
    Removing stm32h7xx_hal_hsem.o(.rrx_text), (6 bytes).
    Removing stm32h7xx_hal_hsem.o(i.HAL_HSEM_ActivateNotification), (16 bytes).
    Removing stm32h7xx_hal_hsem.o(i.HAL_HSEM_DeactivateNotification), (16 bytes).
    Removing stm32h7xx_hal_hsem.o(i.HAL_HSEM_FastTake), (32 bytes).
    Removing stm32h7xx_hal_hsem.o(i.HAL_HSEM_FreeCallback), (2 bytes).
    Removing stm32h7xx_hal_hsem.o(i.HAL_HSEM_GetClearKey), (12 bytes).
    Removing stm32h7xx_hal_hsem.o(i.HAL_HSEM_IRQHandler), (36 bytes).
    Removing stm32h7xx_hal_hsem.o(i.HAL_HSEM_IsSemTaken), (20 bytes).
    Removing stm32h7xx_hal_hsem.o(i.HAL_HSEM_Release), (24 bytes).
    Removing stm32h7xx_hal_hsem.o(i.HAL_HSEM_ReleaseAll), (16 bytes).
    Removing stm32h7xx_hal_hsem.o(i.HAL_HSEM_SetClearKey), (20 bytes).
    Removing stm32h7xx_hal_hsem.o(i.HAL_HSEM_Take), (56 bytes).
    Removing stm32h7xx_hal_dma.o(.rev16_text), (4 bytes).
    Removing stm32h7xx_hal_dma.o(.revsh_text), (4 bytes).
    Removing stm32h7xx_hal_dma.o(.rrx_text), (6 bytes).
    Removing stm32h7xx_hal_dma.o(i.HAL_DMA_Abort), (748 bytes).
    Removing stm32h7xx_hal_dma.o(i.HAL_DMA_Abort_IT), (672 bytes).
    Removing stm32h7xx_hal_dma.o(i.HAL_DMA_DeInit), (644 bytes).
    Removing stm32h7xx_hal_dma.o(i.HAL_DMA_GetError), (6 bytes).
    Removing stm32h7xx_hal_dma.o(i.HAL_DMA_GetState), (8 bytes).
    Removing stm32h7xx_hal_dma.o(i.HAL_DMA_IRQHandler), (2808 bytes).
    Removing stm32h7xx_hal_dma.o(i.HAL_DMA_PollForTransfer), (1244 bytes).
    Removing stm32h7xx_hal_dma.o(i.HAL_DMA_RegisterCallback), (100 bytes).
    Removing stm32h7xx_hal_dma.o(i.HAL_DMA_Start), (480 bytes).
    Removing stm32h7xx_hal_dma.o(i.HAL_DMA_UnRegisterCallback), (130 bytes).
    Removing stm32h7xx_hal_dma_ex.o(.rev16_text), (4 bytes).
    Removing stm32h7xx_hal_dma_ex.o(.revsh_text), (4 bytes).
    Removing stm32h7xx_hal_dma_ex.o(.rrx_text), (6 bytes).
    Removing stm32h7xx_hal_dma_ex.o(i.DMA_MultiBufferSetConfig), (236 bytes).
    Removing stm32h7xx_hal_dma_ex.o(i.HAL_DMAEx_ChangeMemory), (208 bytes).
    Removing stm32h7xx_hal_dma_ex.o(i.HAL_DMAEx_ConfigMuxRequestGenerator), (276 bytes).
    Removing stm32h7xx_hal_dma_ex.o(i.HAL_DMAEx_ConfigMuxSync), (296 bytes).
    Removing stm32h7xx_hal_dma_ex.o(i.HAL_DMAEx_DisableMuxRequestGenerator), (32 bytes).
    Removing stm32h7xx_hal_dma_ex.o(i.HAL_DMAEx_EnableMuxRequestGenerator), (32 bytes).
    Removing stm32h7xx_hal_dma_ex.o(i.HAL_DMAEx_MUX_IRQHandler), (102 bytes).
    Removing stm32h7xx_hal_dma_ex.o(i.HAL_DMAEx_MultiBufferStart), (556 bytes).
    Removing stm32h7xx_hal_dma_ex.o(i.HAL_DMAEx_MultiBufferStart_IT), (840 bytes).
    Removing stm32h7xx_hal_mdma.o(.rev16_text), (4 bytes).
    Removing stm32h7xx_hal_mdma.o(.revsh_text), (4 bytes).
    Removing stm32h7xx_hal_mdma.o(.rrx_text), (6 bytes).
    Removing stm32h7xx_hal_mdma.o(i.HAL_MDMA_Abort), (144 bytes).
    Removing stm32h7xx_hal_mdma.o(i.HAL_MDMA_Abort_IT), (46 bytes).
    Removing stm32h7xx_hal_mdma.o(i.HAL_MDMA_ConfigPostRequestMask), (110 bytes).
    Removing stm32h7xx_hal_mdma.o(i.HAL_MDMA_DeInit), (110 bytes).
    Removing stm32h7xx_hal_mdma.o(i.HAL_MDMA_GenerateSWRequest), (72 bytes).
    Removing stm32h7xx_hal_mdma.o(i.HAL_MDMA_GetError), (6 bytes).
    Removing stm32h7xx_hal_mdma.o(i.HAL_MDMA_GetState), (8 bytes).
    Removing stm32h7xx_hal_mdma.o(i.HAL_MDMA_IRQHandler), (480 bytes).
    Removing stm32h7xx_hal_mdma.o(i.HAL_MDMA_Init), (108 bytes).
    Removing stm32h7xx_hal_mdma.o(i.HAL_MDMA_LinkedList_AddNode), (228 bytes).
    Removing stm32h7xx_hal_mdma.o(i.HAL_MDMA_LinkedList_CreateNode), (272 bytes).
    Removing stm32h7xx_hal_mdma.o(i.HAL_MDMA_LinkedList_DisableCircularMode), (88 bytes).
    Removing stm32h7xx_hal_mdma.o(i.HAL_MDMA_LinkedList_EnableCircularMode), (88 bytes).
    Removing stm32h7xx_hal_mdma.o(i.HAL_MDMA_LinkedList_RemoveNode), (216 bytes).
    Removing stm32h7xx_hal_mdma.o(i.HAL_MDMA_PollForTransfer), (290 bytes).
    Removing stm32h7xx_hal_mdma.o(i.HAL_MDMA_RegisterCallback), (100 bytes).
    Removing stm32h7xx_hal_mdma.o(i.HAL_MDMA_Start), (144 bytes).
    Removing stm32h7xx_hal_mdma.o(i.HAL_MDMA_Start_IT), (204 bytes).
    Removing stm32h7xx_hal_mdma.o(i.HAL_MDMA_UnRegisterCallback), (130 bytes).
    Removing stm32h7xx_hal_mdma.o(i.MDMA_Init), (196 bytes).
    Removing stm32h7xx_hal_mdma.o(i.MDMA_SetConfig), (130 bytes).
    Removing stm32h7xx_hal_pwr.o(.rev16_text), (4 bytes).
    Removing stm32h7xx_hal_pwr.o(.revsh_text), (4 bytes).
    Removing stm32h7xx_hal_pwr.o(.rrx_text), (6 bytes).
    Removing stm32h7xx_hal_pwr.o(i.HAL_PWR_ConfigPVD), (180 bytes).
    Removing stm32h7xx_hal_pwr.o(i.HAL_PWR_DeInit), (2 bytes).
    Removing stm32h7xx_hal_pwr.o(i.HAL_PWR_DisableBkUpAccess), (20 bytes).
    Removing stm32h7xx_hal_pwr.o(i.HAL_PWR_DisablePVD), (20 bytes).
    Removing stm32h7xx_hal_pwr.o(i.HAL_PWR_DisableSEVOnPend), (20 bytes).
    Removing stm32h7xx_hal_pwr.o(i.HAL_PWR_DisableSleepOnExit), (20 bytes).
    Removing stm32h7xx_hal_pwr.o(i.HAL_PWR_DisableWakeUpPin), (20 bytes).
    Removing stm32h7xx_hal_pwr.o(i.HAL_PWR_EnableBkUpAccess), (20 bytes).
    Removing stm32h7xx_hal_pwr.o(i.HAL_PWR_EnablePVD), (20 bytes).
    Removing stm32h7xx_hal_pwr.o(i.HAL_PWR_EnableSEVOnPend), (20 bytes).
    Removing stm32h7xx_hal_pwr.o(i.HAL_PWR_EnableSleepOnExit), (20 bytes).
    Removing stm32h7xx_hal_pwr.o(i.HAL_PWR_EnableWakeUpPin), (24 bytes).
    Removing stm32h7xx_hal_pwr.o(i.HAL_PWR_EnterSLEEPMode), (28 bytes).
    Removing stm32h7xx_hal_pwr.o(i.HAL_PWR_EnterSTANDBYMode), (60 bytes).
    Removing stm32h7xx_hal_pwr.o(i.HAL_PWR_EnterSTOPMode), (128 bytes).
    Removing stm32h7xx_hal_pwr.o(i.HAL_PWR_PVDCallback), (2 bytes).
    Removing stm32h7xx_hal_pwr.o(i.HAL_PWR_PVD_IRQHandler), (40 bytes).
    Removing stm32h7xx_hal_pwr_ex.o(.rev16_text), (4 bytes).
    Removing stm32h7xx_hal_pwr_ex.o(.revsh_text), (4 bytes).
    Removing stm32h7xx_hal_pwr_ex.o(.rrx_text), (6 bytes).
    Removing stm32h7xx_hal_pwr_ex.o(i.HAL_PWREx_AVDCallback), (2 bytes).
    Removing stm32h7xx_hal_pwr_ex.o(i.HAL_PWREx_ClearPendingEvent), (4 bytes).
    Removing stm32h7xx_hal_pwr_ex.o(i.HAL_PWREx_ClearWakeupFlag), (32 bytes).
    Removing stm32h7xx_hal_pwr_ex.o(i.HAL_PWREx_ConfigAVD), (180 bytes).
    Removing stm32h7xx_hal_pwr_ex.o(i.HAL_PWREx_ConfigD3Domain), (20 bytes).
    Removing stm32h7xx_hal_pwr_ex.o(i.HAL_PWREx_ControlStopModeVoltageScaling), (24 bytes).
    Removing stm32h7xx_hal_pwr_ex.o(i.HAL_PWREx_ControlVoltageScaling), (64 bytes).
    Removing stm32h7xx_hal_pwr_ex.o(i.HAL_PWREx_DisableAVD), (20 bytes).
    Removing stm32h7xx_hal_pwr_ex.o(i.HAL_PWREx_DisableBatteryCharging), (20 bytes).
    Removing stm32h7xx_hal_pwr_ex.o(i.HAL_PWREx_DisableBkUpReg), (60 bytes).
    Removing stm32h7xx_hal_pwr_ex.o(i.HAL_PWREx_DisableFlashPowerDown), (20 bytes).
    Removing stm32h7xx_hal_pwr_ex.o(i.HAL_PWREx_DisableMonitoring), (20 bytes).
    Removing stm32h7xx_hal_pwr_ex.o(i.HAL_PWREx_DisableUSBReg), (60 bytes).
    Removing stm32h7xx_hal_pwr_ex.o(i.HAL_PWREx_DisableUSBVoltageDetector), (20 bytes).
    Removing stm32h7xx_hal_pwr_ex.o(i.HAL_PWREx_DisableWakeUpPin), (16 bytes).
    Removing stm32h7xx_hal_pwr_ex.o(i.HAL_PWREx_EnableAVD), (20 bytes).
    Removing stm32h7xx_hal_pwr_ex.o(i.HAL_PWREx_EnableBatteryCharging), (32 bytes).
    Removing stm32h7xx_hal_pwr_ex.o(i.HAL_PWREx_EnableBkUpReg), (60 bytes).
    Removing stm32h7xx_hal_pwr_ex.o(i.HAL_PWREx_EnableFlashPowerDown), (20 bytes).
    Removing stm32h7xx_hal_pwr_ex.o(i.HAL_PWREx_EnableMonitoring), (20 bytes).
    Removing stm32h7xx_hal_pwr_ex.o(i.HAL_PWREx_EnableUSBReg), (60 bytes).
    Removing stm32h7xx_hal_pwr_ex.o(i.HAL_PWREx_EnableWakeUpPin), (148 bytes).
    Removing stm32h7xx_hal_pwr_ex.o(i.HAL_PWREx_EnterSTANDBYMode), (76 bytes).
    Removing stm32h7xx_hal_pwr_ex.o(i.HAL_PWREx_EnterSTOPMode), (152 bytes).
    Removing stm32h7xx_hal_pwr_ex.o(i.HAL_PWREx_GetStopModeVoltageRange), (16 bytes).
    Removing stm32h7xx_hal_pwr_ex.o(i.HAL_PWREx_GetSupplyConfig), (16 bytes).
    Removing stm32h7xx_hal_pwr_ex.o(i.HAL_PWREx_GetTemperatureLevel), (40 bytes).
    Removing stm32h7xx_hal_pwr_ex.o(i.HAL_PWREx_GetVBATLevel), (40 bytes).
    Removing stm32h7xx_hal_pwr_ex.o(i.HAL_PWREx_GetVoltageRange), (16 bytes).
    Removing stm32h7xx_hal_pwr_ex.o(i.HAL_PWREx_GetWakeupFlag), (16 bytes).
    Removing stm32h7xx_hal_pwr_ex.o(i.HAL_PWREx_PVD_AVD_IRQHandler), (92 bytes).
    Removing stm32h7xx_hal_pwr_ex.o(i.HAL_PWREx_WAKEUP_PIN_IRQHandler), (188 bytes).
    Removing stm32h7xx_hal_pwr_ex.o(i.HAL_PWREx_WKUP1_Callback), (2 bytes).
    Removing stm32h7xx_hal_pwr_ex.o(i.HAL_PWREx_WKUP2_Callback), (2 bytes).
    Removing stm32h7xx_hal_pwr_ex.o(i.HAL_PWREx_WKUP3_Callback), (2 bytes).
    Removing stm32h7xx_hal_pwr_ex.o(i.HAL_PWREx_WKUP4_Callback), (2 bytes).
    Removing stm32h7xx_hal_pwr_ex.o(i.HAL_PWREx_WKUP5_Callback), (2 bytes).
    Removing stm32h7xx_hal_pwr_ex.o(i.HAL_PWREx_WKUP6_Callback), (2 bytes).
    Removing stm32h7xx_hal.o(.rev16_text), (4 bytes).
    Removing stm32h7xx_hal.o(.revsh_text), (4 bytes).
    Removing stm32h7xx_hal.o(.rrx_text), (6 bytes).
    Removing stm32h7xx_hal.o(i.HAL_DBGMCU_DisableDBGSleepMode), (20 bytes).
    Removing stm32h7xx_hal.o(i.HAL_DBGMCU_DisableDBGStandbyMode), (20 bytes).
    Removing stm32h7xx_hal.o(i.HAL_DBGMCU_DisableDBGStopMode), (20 bytes).
    Removing stm32h7xx_hal.o(i.HAL_DBGMCU_EnableDBGSleepMode), (20 bytes).
    Removing stm32h7xx_hal.o(i.HAL_DBGMCU_EnableDBGStandbyMode), (20 bytes).
    Removing stm32h7xx_hal.o(i.HAL_DBGMCU_EnableDBGStopMode), (20 bytes).
    Removing stm32h7xx_hal.o(i.HAL_DeInit), (108 bytes).
    Removing stm32h7xx_hal.o(i.HAL_DisableCompensationCell), (20 bytes).
    Removing stm32h7xx_hal.o(i.HAL_DisableDomain3DBGStandbyMode), (20 bytes).
    Removing stm32h7xx_hal.o(i.HAL_DisableDomain3DBGStopMode), (20 bytes).
    Removing stm32h7xx_hal.o(i.HAL_EXTI_D1_ClearFlag), (36 bytes).
    Removing stm32h7xx_hal.o(i.HAL_EXTI_D1_EventInputConfig), (168 bytes).
    Removing stm32h7xx_hal.o(i.HAL_EXTI_D3_EventInputConfig), (128 bytes).
    Removing stm32h7xx_hal.o(i.HAL_EXTI_EdgeConfig), (144 bytes).
    Removing stm32h7xx_hal.o(i.HAL_EXTI_GenerateSWInterrupt), (32 bytes).
    Removing stm32h7xx_hal.o(i.HAL_EnableCompensationCell), (20 bytes).
    Removing stm32h7xx_hal.o(i.HAL_EnableDomain3DBGStandbyMode), (20 bytes).
    Removing stm32h7xx_hal.o(i.HAL_EnableDomain3DBGStopMode), (20 bytes).
    Removing stm32h7xx_hal.o(i.HAL_GetDEVID), (16 bytes).
    Removing stm32h7xx_hal.o(i.HAL_GetFMCMemorySwappingConfig), (16 bytes).
    Removing stm32h7xx_hal.o(i.HAL_GetHalVersion), (6 bytes).
    Removing stm32h7xx_hal.o(i.HAL_GetTickFreq), (12 bytes).
    Removing stm32h7xx_hal.o(i.HAL_GetTickPrio), (12 bytes).
    Removing stm32h7xx_hal.o(i.HAL_GetUIDw0), (12 bytes).
    Removing stm32h7xx_hal.o(i.HAL_GetUIDw1), (12 bytes).
    Removing stm32h7xx_hal.o(i.HAL_GetUIDw2), (12 bytes).
    Removing stm32h7xx_hal.o(i.HAL_MspDeInit), (2 bytes).
    Removing stm32h7xx_hal.o(i.HAL_MspInit), (2 bytes).
    Removing stm32h7xx_hal.o(i.HAL_ResumeTick), (18 bytes).
    Removing stm32h7xx_hal.o(i.HAL_SYSCFG_AnalogSwitchConfig), (20 bytes).
    Removing stm32h7xx_hal.o(i.HAL_SYSCFG_CM7BootAddConfig), (44 bytes).
    Removing stm32h7xx_hal.o(i.HAL_SYSCFG_CompensationCodeConfig), (24 bytes).
    Removing stm32h7xx_hal.o(i.HAL_SYSCFG_CompensationCodeSelect), (20 bytes).
    Removing stm32h7xx_hal.o(i.HAL_SYSCFG_DisableBOOST), (20 bytes).
    Removing stm32h7xx_hal.o(i.HAL_SYSCFG_DisableIOSpeedOptimize), (20 bytes).
    Removing stm32h7xx_hal.o(i.HAL_SYSCFG_DisableVREFBUF), (20 bytes).
    Removing stm32h7xx_hal.o(i.HAL_SYSCFG_ETHInterfaceSelect), (20 bytes).
    Removing stm32h7xx_hal.o(i.HAL_SYSCFG_EnableBOOST), (20 bytes).
    Removing stm32h7xx_hal.o(i.HAL_SYSCFG_EnableIOSpeedOptimize), (20 bytes).
    Removing stm32h7xx_hal.o(i.HAL_SYSCFG_EnableVREFBUF), (56 bytes).
    Removing stm32h7xx_hal.o(i.HAL_SYSCFG_VREFBUF_HighImpedanceConfig), (20 bytes).
    Removing stm32h7xx_hal.o(i.HAL_SYSCFG_VREFBUF_TrimmingConfig), (20 bytes).
    Removing stm32h7xx_hal.o(i.HAL_SYSCFG_VREFBUF_VoltageScalingConfig), (20 bytes).
    Removing stm32h7xx_hal.o(i.HAL_SetFMCMemorySwappingConfig), (20 bytes).
    Removing stm32h7xx_hal.o(i.HAL_SetTickFreq), (40 bytes).
    Removing stm32h7xx_hal.o(i.HAL_SuspendTick), (18 bytes).
    Removing stm32h7xx_hal_i2c.o(.rev16_text), (4 bytes).
    Removing stm32h7xx_hal_i2c.o(.revsh_text), (4 bytes).
    Removing stm32h7xx_hal_i2c.o(.rrx_text), (6 bytes).
    Removing stm32h7xx_hal_i2c.o(i.HAL_I2C_AbortCpltCallback), (2 bytes).
    Removing stm32h7xx_hal_i2c.o(i.HAL_I2C_AddrCallback), (2 bytes).
    Removing stm32h7xx_hal_i2c.o(i.HAL_I2C_DeInit), (60 bytes).
    Removing stm32h7xx_hal_i2c.o(i.HAL_I2C_DisableListen_IT), (54 bytes).
    Removing stm32h7xx_hal_i2c.o(i.HAL_I2C_ER_IRQHandler), (118 bytes).
    Removing stm32h7xx_hal_i2c.o(i.HAL_I2C_EV_IRQHandler), (28 bytes).
    Removing stm32h7xx_hal_i2c.o(i.HAL_I2C_EnableListen_IT), (44 bytes).
    Removing stm32h7xx_hal_i2c.o(i.HAL_I2C_ErrorCallback), (2 bytes).
    Removing stm32h7xx_hal_i2c.o(i.HAL_I2C_GetError), (6 bytes).
    Removing stm32h7xx_hal_i2c.o(i.HAL_I2C_GetMode), (8 bytes).
    Removing stm32h7xx_hal_i2c.o(i.HAL_I2C_GetState), (8 bytes).
    Removing stm32h7xx_hal_i2c.o(i.HAL_I2C_Init), (196 bytes).
    Removing stm32h7xx_hal_i2c.o(i.HAL_I2C_IsDeviceReady), (378 bytes).
    Removing stm32h7xx_hal_i2c.o(i.HAL_I2C_ListenCpltCallback), (2 bytes).
    Removing stm32h7xx_hal_i2c.o(i.HAL_I2C_MasterRxCpltCallback), (2 bytes).
    Removing stm32h7xx_hal_i2c.o(i.HAL_I2C_MasterTxCpltCallback), (2 bytes).
    Removing stm32h7xx_hal_i2c.o(i.HAL_I2C_Master_Abort_IT), (104 bytes).
    Removing stm32h7xx_hal_i2c.o(i.HAL_I2C_Master_Receive), (356 bytes).
    Removing stm32h7xx_hal_i2c.o(i.HAL_I2C_Master_Receive_DMA), (368 bytes).
    Removing stm32h7xx_hal_i2c.o(i.HAL_I2C_Master_Receive_IT), (168 bytes).
    Removing stm32h7xx_hal_i2c.o(i.HAL_I2C_Master_Seq_Receive_DMA), (400 bytes).
    Removing stm32h7xx_hal_i2c.o(i.HAL_I2C_Master_Seq_Receive_IT), (196 bytes).
    Removing stm32h7xx_hal_i2c.o(i.HAL_I2C_Master_Seq_Transmit_DMA), (400 bytes).
    Removing stm32h7xx_hal_i2c.o(i.HAL_I2C_Master_Seq_Transmit_IT), (196 bytes).
    Removing stm32h7xx_hal_i2c.o(i.HAL_I2C_Master_Transmit), (352 bytes).
    Removing stm32h7xx_hal_i2c.o(i.HAL_I2C_Master_Transmit_DMA), (368 bytes).
    Removing stm32h7xx_hal_i2c.o(i.HAL_I2C_Master_Transmit_IT), (168 bytes).
    Removing stm32h7xx_hal_i2c.o(i.HAL_I2C_MemRxCpltCallback), (2 bytes).
    Removing stm32h7xx_hal_i2c.o(i.HAL_I2C_MemTxCpltCallback), (2 bytes).
    Removing stm32h7xx_hal_i2c.o(i.HAL_I2C_Mem_Read), (416 bytes).
    Removing stm32h7xx_hal_i2c.o(i.HAL_I2C_Mem_Read_DMA), (384 bytes).
    Removing stm32h7xx_hal_i2c.o(i.HAL_I2C_Mem_Read_IT), (232 bytes).
    Removing stm32h7xx_hal_i2c.o(i.HAL_I2C_Mem_Write), (408 bytes).
    Removing stm32h7xx_hal_i2c.o(i.HAL_I2C_Mem_Write_DMA), (380 bytes).
    Removing stm32h7xx_hal_i2c.o(i.HAL_I2C_Mem_Write_IT), (228 bytes).
    Removing stm32h7xx_hal_i2c.o(i.HAL_I2C_MspDeInit), (2 bytes).
    Removing stm32h7xx_hal_i2c.o(i.HAL_I2C_MspInit), (2 bytes).
    Removing stm32h7xx_hal_i2c.o(i.HAL_I2C_SlaveRxCpltCallback), (2 bytes).
    Removing stm32h7xx_hal_i2c.o(i.HAL_I2C_SlaveTxCpltCallback), (2 bytes).
    Removing stm32h7xx_hal_i2c.o(i.HAL_I2C_Slave_Receive), (362 bytes).
    Removing stm32h7xx_hal_i2c.o(i.HAL_I2C_Slave_Receive_DMA), (276 bytes).
    Removing stm32h7xx_hal_i2c.o(i.HAL_I2C_Slave_Receive_IT), (116 bytes).
    Removing stm32h7xx_hal_i2c.o(i.HAL_I2C_Slave_Seq_Receive_DMA), (444 bytes).
    Removing stm32h7xx_hal_i2c.o(i.HAL_I2C_Slave_Seq_Receive_IT), (228 bytes).
    Removing stm32h7xx_hal_i2c.o(i.HAL_I2C_Slave_Seq_Transmit_DMA), (444 bytes).
    Removing stm32h7xx_hal_i2c.o(i.HAL_I2C_Slave_Seq_Transmit_IT), (228 bytes).
    Removing stm32h7xx_hal_i2c.o(i.HAL_I2C_Slave_Transmit), (388 bytes).
    Removing stm32h7xx_hal_i2c.o(i.HAL_I2C_Slave_Transmit_DMA), (276 bytes).
    Removing stm32h7xx_hal_i2c.o(i.HAL_I2C_Slave_Transmit_IT), (116 bytes).
    Removing stm32h7xx_hal_i2c.o(i.I2C_ConvertOtherXferOptions), (28 bytes).
    Removing stm32h7xx_hal_i2c.o(i.I2C_DMAAbort), (46 bytes).
    Removing stm32h7xx_hal_i2c.o(i.I2C_DMAError), (476 bytes).
    Removing stm32h7xx_hal_i2c.o(i.I2C_DMAMasterReceiveCplt), (94 bytes).
    Removing stm32h7xx_hal_i2c.o(i.I2C_DMAMasterTransmitCplt), (94 bytes).
    Removing stm32h7xx_hal_i2c.o(i.I2C_DMASlaveReceiveCplt), (248 bytes).
    Removing stm32h7xx_hal_i2c.o(i.I2C_DMASlaveTransmitCplt), (36 bytes).
    Removing stm32h7xx_hal_i2c.o(i.I2C_Disable_IRQ), (120 bytes).
    Removing stm32h7xx_hal_i2c.o(i.I2C_Enable_IRQ), (140 bytes).
    Removing stm32h7xx_hal_i2c.o(i.I2C_Flush_TXDR), (40 bytes).
    Removing stm32h7xx_hal_i2c.o(i.I2C_ITAddrCplt), (202 bytes).
    Removing stm32h7xx_hal_i2c.o(i.I2C_ITError), (284 bytes).
    Removing stm32h7xx_hal_i2c.o(i.I2C_ITListenCplt), (108 bytes).
    Removing stm32h7xx_hal_i2c.o(i.I2C_ITMasterCplt), (232 bytes).
    Removing stm32h7xx_hal_i2c.o(i.I2C_ITMasterSeqCplt), (98 bytes).
    Removing stm32h7xx_hal_i2c.o(i.I2C_ITSlaveCplt), (704 bytes).
    Removing stm32h7xx_hal_i2c.o(i.I2C_ITSlaveSeqCplt), (98 bytes).
    Removing stm32h7xx_hal_i2c.o(i.I2C_IsAcknowledgeFailed), (152 bytes).
    Removing stm32h7xx_hal_i2c.o(i.I2C_Master_ISR_DMA), (352 bytes).
    Removing stm32h7xx_hal_i2c.o(i.I2C_Master_ISR_IT), (408 bytes).
    Removing stm32h7xx_hal_i2c.o(i.I2C_RequestMemoryRead), (124 bytes).
    Removing stm32h7xx_hal_i2c.o(i.I2C_RequestMemoryWrite), (124 bytes).
    Removing stm32h7xx_hal_i2c.o(i.I2C_Slave_ISR_DMA), (696 bytes).
    Removing stm32h7xx_hal_i2c.o(i.I2C_Slave_ISR_IT), (332 bytes).
    Removing stm32h7xx_hal_i2c.o(i.I2C_TransferConfig), (52 bytes).
    Removing stm32h7xx_hal_i2c.o(i.I2C_WaitOnFlagUntilTimeout), (94 bytes).
    Removing stm32h7xx_hal_i2c.o(i.I2C_WaitOnRXNEFlagUntilTimeout), (160 bytes).
    Removing stm32h7xx_hal_i2c.o(i.I2C_WaitOnSTOPFlagUntilTimeout), (86 bytes).
    Removing stm32h7xx_hal_i2c.o(i.I2C_WaitOnTXISFlagUntilTimeout), (90 bytes).
    Removing stm32h7xx_hal_i2c_ex.o(.rev16_text), (4 bytes).
    Removing stm32h7xx_hal_i2c_ex.o(.revsh_text), (4 bytes).
    Removing stm32h7xx_hal_i2c_ex.o(.rrx_text), (6 bytes).
    Removing stm32h7xx_hal_i2c_ex.o(i.HAL_I2CEx_ConfigAnalogFilter), (106 bytes).
    Removing stm32h7xx_hal_i2c_ex.o(i.HAL_I2CEx_ConfigDigitalFilter), (104 bytes).
    Removing stm32h7xx_hal_i2c_ex.o(i.HAL_I2CEx_DisableFastModePlus), (52 bytes).
    Removing stm32h7xx_hal_i2c_ex.o(i.HAL_I2CEx_DisableWakeUp), (96 bytes).
    Removing stm32h7xx_hal_i2c_ex.o(i.HAL_I2CEx_EnableFastModePlus), (52 bytes).
    Removing stm32h7xx_hal_i2c_ex.o(i.HAL_I2CEx_EnableWakeUp), (96 bytes).
    Removing stm32h7xx_hal_exti.o(.rev16_text), (4 bytes).
    Removing stm32h7xx_hal_exti.o(.revsh_text), (4 bytes).
    Removing stm32h7xx_hal_exti.o(.rrx_text), (6 bytes).
    Removing stm32h7xx_hal_exti.o(i.HAL_EXTI_ClearConfigLine), (240 bytes).
    Removing stm32h7xx_hal_exti.o(i.HAL_EXTI_ClearPending), (36 bytes).
    Removing stm32h7xx_hal_exti.o(i.HAL_EXTI_GenerateSWI), (36 bytes).
    Removing stm32h7xx_hal_exti.o(i.HAL_EXTI_GetConfigLine), (320 bytes).
    Removing stm32h7xx_hal_exti.o(i.HAL_EXTI_GetHandle), (14 bytes).
    Removing stm32h7xx_hal_exti.o(i.HAL_EXTI_GetPending), (44 bytes).
    Removing stm32h7xx_hal_exti.o(i.HAL_EXTI_IRQHandler), (56 bytes).
    Removing stm32h7xx_hal_exti.o(i.HAL_EXTI_RegisterCallback), (28 bytes).
    Removing stm32h7xx_hal_exti.o(i.HAL_EXTI_SetConfigLine), (344 bytes).
    Removing stm32h7xx_hal_ltdc.o(.rev16_text), (4 bytes).
    Removing stm32h7xx_hal_ltdc.o(.revsh_text), (4 bytes).
    Removing stm32h7xx_hal_ltdc.o(.rrx_text), (6 bytes).
    Removing stm32h7xx_hal_ltdc.o(i.HAL_LTDC_ConfigColorKeying), (96 bytes).
    Removing stm32h7xx_hal_ltdc.o(i.HAL_LTDC_ConfigColorKeying_NoReload), (92 bytes).
    Removing stm32h7xx_hal_ltdc.o(i.HAL_LTDC_ConfigLayer_NoReload), (90 bytes).
    Removing stm32h7xx_hal_ltdc.o(i.HAL_LTDC_DeInit), (30 bytes).
    Removing stm32h7xx_hal_ltdc.o(i.HAL_LTDC_DisableCLUT), (76 bytes).
    Removing stm32h7xx_hal_ltdc.o(i.HAL_LTDC_DisableCLUT_NoReload), (72 bytes).
    Removing stm32h7xx_hal_ltdc.o(i.HAL_LTDC_DisableColorKeying), (76 bytes).
    Removing stm32h7xx_hal_ltdc.o(i.HAL_LTDC_DisableColorKeying_NoReload), (72 bytes).
    Removing stm32h7xx_hal_ltdc.o(i.HAL_LTDC_DisableDither), (68 bytes).
    Removing stm32h7xx_hal_ltdc.o(i.HAL_LTDC_EnableCLUT_NoReload), (72 bytes).
    Removing stm32h7xx_hal_ltdc.o(i.HAL_LTDC_EnableColorKeying), (76 bytes).
    Removing stm32h7xx_hal_ltdc.o(i.HAL_LTDC_EnableColorKeying_NoReload), (72 bytes).
    Removing stm32h7xx_hal_ltdc.o(i.HAL_LTDC_EnableDither), (68 bytes).
    Removing stm32h7xx_hal_ltdc.o(i.HAL_LTDC_ErrorCallback), (2 bytes).
    Removing stm32h7xx_hal_ltdc.o(i.HAL_LTDC_GetError), (8 bytes).
    Removing stm32h7xx_hal_ltdc.o(i.HAL_LTDC_GetState), (8 bytes).
    Removing stm32h7xx_hal_ltdc.o(i.HAL_LTDC_IRQHandler), (244 bytes).
    Removing stm32h7xx_hal_ltdc.o(i.HAL_LTDC_LineEventCallback), (2 bytes).
    Removing stm32h7xx_hal_ltdc.o(i.HAL_LTDC_MspDeInit), (2 bytes).
    Removing stm32h7xx_hal_ltdc.o(i.HAL_LTDC_Reload), (66 bytes).
    Removing stm32h7xx_hal_ltdc.o(i.HAL_LTDC_ReloadEventCallback), (2 bytes).
    Removing stm32h7xx_hal_ltdc.o(i.HAL_LTDC_SetAddress), (92 bytes).
    Removing stm32h7xx_hal_ltdc.o(i.HAL_LTDC_SetAddress_NoReload), (88 bytes).
    Removing stm32h7xx_hal_ltdc.o(i.HAL_LTDC_SetAlpha_NoReload), (88 bytes).
    Removing stm32h7xx_hal_ltdc.o(i.HAL_LTDC_SetPitch), (200 bytes).
    Removing stm32h7xx_hal_ltdc.o(i.HAL_LTDC_SetPitch_NoReload), (172 bytes).
    Removing stm32h7xx_hal_ltdc.o(i.HAL_LTDC_SetPixelFormat), (92 bytes).
    Removing stm32h7xx_hal_ltdc.o(i.HAL_LTDC_SetPixelFormat_NoReload), (88 bytes).
    Removing stm32h7xx_hal_ltdc.o(i.HAL_LTDC_SetWindowPosition_NoReload), (104 bytes).
    Removing stm32h7xx_hal_ltdc.o(i.HAL_LTDC_SetWindowSize_NoReload), (104 bytes).
    Removing stm32h7xx_hal_ltdc_ex.o(.rev16_text), (4 bytes).
    Removing stm32h7xx_hal_ltdc_ex.o(.revsh_text), (4 bytes).
    Removing stm32h7xx_hal_ltdc_ex.o(.rrx_text), (6 bytes).
    Removing stm32h7xx_hal_dac.o(.rev16_text), (4 bytes).
    Removing stm32h7xx_hal_dac.o(.revsh_text), (4 bytes).
    Removing stm32h7xx_hal_dac.o(.rrx_text), (6 bytes).
    Removing stm32h7xx_hal_dac.o(i.HAL_DAC_DMAUnderrunCallbackCh1), (2 bytes).
    Removing stm32h7xx_hal_dac.o(i.HAL_DAC_DeInit), (36 bytes).
    Removing stm32h7xx_hal_dac.o(i.HAL_DAC_GetError), (6 bytes).
    Removing stm32h7xx_hal_dac.o(i.HAL_DAC_GetState), (6 bytes).
    Removing stm32h7xx_hal_dac.o(i.HAL_DAC_GetValue), (16 bytes).
    Removing stm32h7xx_hal_dac.o(i.HAL_DAC_IRQHandler), (138 bytes).
    Removing stm32h7xx_hal_dac.o(i.HAL_DAC_MspDeInit), (2 bytes).
    Removing stm32h7xx_hal_dac.o(i.HAL_DAC_Stop), (30 bytes).
    Removing stm32h7xx_hal_dac.o(i.HAL_DAC_Stop_DMA), (104 bytes).
    Removing stm32h7xx_hal_dac_ex.o(.rev16_text), (4 bytes).
    Removing stm32h7xx_hal_dac_ex.o(.revsh_text), (4 bytes).
    Removing stm32h7xx_hal_dac_ex.o(.rrx_text), (6 bytes).
    Removing stm32h7xx_hal_dac_ex.o(i.HAL_DACEx_DMAUnderrunCallbackCh2), (2 bytes).
    Removing stm32h7xx_hal_dac_ex.o(i.HAL_DACEx_DualGetValue), (20 bytes).
    Removing stm32h7xx_hal_dac_ex.o(i.HAL_DACEx_DualSetValue), (32 bytes).
    Removing stm32h7xx_hal_dac_ex.o(i.HAL_DACEx_GetTrimOffset), (26 bytes).
    Removing stm32h7xx_hal_dac_ex.o(i.HAL_DACEx_NoiseWaveGenerate), (74 bytes).
    Removing stm32h7xx_hal_dac_ex.o(i.HAL_DACEx_SelfCalibrate), (386 bytes).
    Removing stm32h7xx_hal_dac_ex.o(i.HAL_DACEx_SetUserTrimming), (76 bytes).
    Removing stm32h7xx_hal_dac_ex.o(i.HAL_DACEx_TriangleWaveGenerate), (74 bytes).
    Removing stm32h7xx_hal_usart.o(.rev16_text), (4 bytes).
    Removing stm32h7xx_hal_usart.o(.revsh_text), (4 bytes).
    Removing stm32h7xx_hal_usart.o(.rrx_text), (6 bytes).
    Removing stm32h7xx_hal_usart.o(i.HAL_USART_Abort), (212 bytes).
    Removing stm32h7xx_hal_usart.o(i.HAL_USART_AbortCpltCallback), (2 bytes).
    Removing stm32h7xx_hal_usart.o(i.HAL_USART_Abort_IT), (264 bytes).
    Removing stm32h7xx_hal_usart.o(i.HAL_USART_DMAPause), (152 bytes).
    Removing stm32h7xx_hal_usart.o(i.HAL_USART_DMAResume), (122 bytes).
    Removing stm32h7xx_hal_usart.o(i.HAL_USART_DMAStop), (104 bytes).
    Removing stm32h7xx_hal_usart.o(i.HAL_USART_DeInit), (56 bytes).
    Removing stm32h7xx_hal_usart.o(i.HAL_USART_ErrorCallback), (2 bytes).
    Removing stm32h7xx_hal_usart.o(i.HAL_USART_GetError), (6 bytes).
    Removing stm32h7xx_hal_usart.o(i.HAL_USART_GetState), (8 bytes).
    Removing stm32h7xx_hal_usart.o(i.HAL_USART_IRQHandler), (504 bytes).
    Removing stm32h7xx_hal_usart.o(i.HAL_USART_Init), (102 bytes).
    Removing stm32h7xx_hal_usart.o(i.HAL_USART_MspDeInit), (2 bytes).
    Removing stm32h7xx_hal_usart.o(i.HAL_USART_MspInit), (2 bytes).
    Removing stm32h7xx_hal_usart.o(i.HAL_USART_Receive), (328 bytes).
    Removing stm32h7xx_hal_usart.o(i.HAL_USART_Receive_DMA), (272 bytes).
    Removing stm32h7xx_hal_usart.o(i.HAL_USART_Receive_IT), (340 bytes).
    Removing stm32h7xx_hal_usart.o(i.HAL_USART_RxCpltCallback), (2 bytes).
    Removing stm32h7xx_hal_usart.o(i.HAL_USART_RxHalfCpltCallback), (2 bytes).
    Removing stm32h7xx_hal_usart.o(i.HAL_USART_Transmit), (240 bytes).
    Removing stm32h7xx_hal_usart.o(i.HAL_USART_TransmitReceive), (452 bytes).
    Removing stm32h7xx_hal_usart.o(i.HAL_USART_TransmitReceive_DMA), (300 bytes).
    Removing stm32h7xx_hal_usart.o(i.HAL_USART_TransmitReceive_IT), (356 bytes).
    Removing stm32h7xx_hal_usart.o(i.HAL_USART_Transmit_DMA), (180 bytes).
    Removing stm32h7xx_hal_usart.o(i.HAL_USART_Transmit_IT), (184 bytes).
    Removing stm32h7xx_hal_usart.o(i.HAL_USART_TxCpltCallback), (2 bytes).
    Removing stm32h7xx_hal_usart.o(i.HAL_USART_TxHalfCpltCallback), (2 bytes).
    Removing stm32h7xx_hal_usart.o(i.HAL_USART_TxRxCpltCallback), (2 bytes).
    Removing stm32h7xx_hal_usart.o(i.USART_CheckIdleState), (110 bytes).
    Removing stm32h7xx_hal_usart.o(i.USART_DMAAbortOnError), (20 bytes).
    Removing stm32h7xx_hal_usart.o(i.USART_DMAError), (40 bytes).
    Removing stm32h7xx_hal_usart.o(i.USART_DMAReceiveCplt), (120 bytes).
    Removing stm32h7xx_hal_usart.o(i.USART_DMARxAbortCallback), (54 bytes).
    Removing stm32h7xx_hal_usart.o(i.USART_DMARxHalfCplt), (14 bytes).
    Removing stm32h7xx_hal_usart.o(i.USART_DMATransmitCplt), (68 bytes).
    Removing stm32h7xx_hal_usart.o(i.USART_DMATxAbortCallback), (54 bytes).
    Removing stm32h7xx_hal_usart.o(i.USART_DMATxHalfCplt), (14 bytes).
    Removing stm32h7xx_hal_usart.o(i.USART_EndTransfer), (36 bytes).
    Removing stm32h7xx_hal_usart.o(i.USART_EndTransmit_IT), (90 bytes).
    Removing stm32h7xx_hal_usart.o(i.USART_RxISR_16BIT), (188 bytes).
    Removing stm32h7xx_hal_usart.o(i.USART_RxISR_16BIT_FIFOEN), (304 bytes).
    Removing stm32h7xx_hal_usart.o(i.USART_RxISR_8BIT), (186 bytes).
    Removing stm32h7xx_hal_usart.o(i.USART_RxISR_8BIT_FIFOEN), (300 bytes).
    Removing stm32h7xx_hal_usart.o(i.USART_SetConfig), (1700 bytes).
    Removing stm32h7xx_hal_usart.o(i.USART_TxISR_16BIT), (70 bytes).
    Removing stm32h7xx_hal_usart.o(i.USART_TxISR_16BIT_FIFOEN), (94 bytes).
    Removing stm32h7xx_hal_usart.o(i.USART_TxISR_8BIT), (64 bytes).
    Removing stm32h7xx_hal_usart.o(i.USART_TxISR_8BIT_FIFOEN), (90 bytes).
    Removing stm32h7xx_hal_usart.o(i.USART_WaitOnFlagUntilTimeout), (80 bytes).
    Removing stm32h7xx_hal_uart_ex.o(.rev16_text), (4 bytes).
    Removing stm32h7xx_hal_uart_ex.o(.revsh_text), (4 bytes).
    Removing stm32h7xx_hal_uart_ex.o(.rrx_text), (6 bytes).
    Removing stm32h7xx_hal_uart_ex.o(i.HAL_MultiProcessorEx_AddressLength_Set), (64 bytes).
    Removing stm32h7xx_hal_uart_ex.o(i.HAL_RS485Ex_Init), (152 bytes).
    Removing stm32h7xx_hal_uart_ex.o(i.HAL_UARTEx_DisableFifoMode), (78 bytes).
    Removing stm32h7xx_hal_uart_ex.o(i.HAL_UARTEx_DisableStopMode), (50 bytes).
    Removing stm32h7xx_hal_uart_ex.o(i.HAL_UARTEx_EnableFifoMode), (88 bytes).
    Removing stm32h7xx_hal_uart_ex.o(i.HAL_UARTEx_EnableStopMode), (50 bytes).
    Removing stm32h7xx_hal_uart_ex.o(i.HAL_UARTEx_RxFifoFullCallback), (2 bytes).
    Removing stm32h7xx_hal_uart_ex.o(i.HAL_UARTEx_SetRxFifoThreshold), (94 bytes).
    Removing stm32h7xx_hal_uart_ex.o(i.HAL_UARTEx_SetTxFifoThreshold), (94 bytes).
    Removing stm32h7xx_hal_uart_ex.o(i.HAL_UARTEx_StopModeWakeUpSourceConfig), (144 bytes).
    Removing stm32h7xx_hal_uart_ex.o(i.HAL_UARTEx_TxFifoEmptyCallback), (2 bytes).
    Removing stm32h7xx_hal_uart_ex.o(i.HAL_UARTEx_WakeupCallback), (2 bytes).
    Removing stm32h7xx_hal_uart_ex.o(i.UARTEx_SetNbDataToProcess), (112 bytes).
    Removing stm32h7xx_hal_uart_ex.o(i.UARTEx_Wakeup_AddressConfig), (38 bytes).
    Removing stm32h7xx_hal_uart.o(.rev16_text), (4 bytes).
    Removing stm32h7xx_hal_uart.o(.revsh_text), (4 bytes).
    Removing stm32h7xx_hal_uart.o(.rrx_text), (6 bytes).
    Removing stm32h7xx_hal_uart.o(i.HAL_HalfDuplex_EnableReceiver), (74 bytes).
    Removing stm32h7xx_hal_uart.o(i.HAL_HalfDuplex_EnableTransmitter), (74 bytes).
    Removing stm32h7xx_hal_uart.o(i.HAL_HalfDuplex_Init), (124 bytes).
    Removing stm32h7xx_hal_uart.o(i.HAL_LIN_Init), (160 bytes).
    Removing stm32h7xx_hal_uart.o(i.HAL_LIN_SendBreak), (62 bytes).
    Removing stm32h7xx_hal_uart.o(i.HAL_MultiProcessor_DisableMuteMode), (58 bytes).
    Removing stm32h7xx_hal_uart.o(i.HAL_MultiProcessor_EnableMuteMode), (58 bytes).
    Removing stm32h7xx_hal_uart.o(i.HAL_MultiProcessor_EnterMuteMode), (14 bytes).
    Removing stm32h7xx_hal_uart.o(i.HAL_MultiProcessor_Init), (148 bytes).
    Removing stm32h7xx_hal_uart.o(i.HAL_UART_Abort), (224 bytes).
    Removing stm32h7xx_hal_uart.o(i.HAL_UART_AbortCpltCallback), (2 bytes).
    Removing stm32h7xx_hal_uart.o(i.HAL_UART_AbortReceive), (128 bytes).
    Removing stm32h7xx_hal_uart.o(i.HAL_UART_AbortReceiveCpltCallback), (2 bytes).
    Removing stm32h7xx_hal_uart.o(i.HAL_UART_AbortReceive_IT), (156 bytes).
    Removing stm32h7xx_hal_uart.o(i.HAL_UART_AbortTransmit), (126 bytes).
    Removing stm32h7xx_hal_uart.o(i.HAL_UART_AbortTransmitCpltCallback), (2 bytes).
    Removing stm32h7xx_hal_uart.o(i.HAL_UART_AbortTransmit_IT), (148 bytes).
    Removing stm32h7xx_hal_uart.o(i.HAL_UART_Abort_IT), (276 bytes).
    Removing stm32h7xx_hal_uart.o(i.HAL_UART_DMAPause), (128 bytes).
    Removing stm32h7xx_hal_uart.o(i.HAL_UART_DMAResume), (108 bytes).
    Removing stm32h7xx_hal_uart.o(i.HAL_UART_DMAStop), (148 bytes).
    Removing stm32h7xx_hal_uart.o(i.HAL_UART_DeInit), (72 bytes).
    Removing stm32h7xx_hal_uart.o(i.HAL_UART_DisableReceiverTimeout), (88 bytes).
    Removing stm32h7xx_hal_uart.o(i.HAL_UART_EnableReceiverTimeout), (88 bytes).
    Removing stm32h7xx_hal_uart.o(i.HAL_UART_ErrorCallback), (2 bytes).
    Removing stm32h7xx_hal_uart.o(i.HAL_UART_GetError), (8 bytes).
    Removing stm32h7xx_hal_uart.o(i.HAL_UART_GetState), (16 bytes).
    Removing stm32h7xx_hal_uart.o(i.HAL_UART_IRQHandler), (524 bytes).
    Removing stm32h7xx_hal_uart.o(i.HAL_UART_Init), (120 bytes).
    Removing stm32h7xx_hal_uart.o(i.HAL_UART_MspDeInit), (2 bytes).
    Removing stm32h7xx_hal_uart.o(i.HAL_UART_MspInit), (2 bytes).
    Removing stm32h7xx_hal_uart.o(i.HAL_UART_Receive), (296 bytes).
    Removing stm32h7xx_hal_uart.o(i.HAL_UART_Receive_DMA), (200 bytes).
    Removing stm32h7xx_hal_uart.o(i.HAL_UART_Receive_IT), (316 bytes).
    Removing stm32h7xx_hal_uart.o(i.HAL_UART_ReceiverTimeout_Config), (28 bytes).
    Removing stm32h7xx_hal_uart.o(i.HAL_UART_RxCpltCallback), (2 bytes).
    Removing stm32h7xx_hal_uart.o(i.HAL_UART_RxHalfCpltCallback), (2 bytes).
    Removing stm32h7xx_hal_uart.o(i.HAL_UART_Transmit), (212 bytes).
    Removing stm32h7xx_hal_uart.o(i.HAL_UART_Transmit_DMA), (184 bytes).
    Removing stm32h7xx_hal_uart.o(i.HAL_UART_Transmit_IT), (184 bytes).
    Removing stm32h7xx_hal_uart.o(i.HAL_UART_TxCpltCallback), (2 bytes).
    Removing stm32h7xx_hal_uart.o(i.HAL_UART_TxHalfCpltCallback), (2 bytes).
    Removing stm32h7xx_hal_uart.o(i.UART_AdvFeatureConfig), (248 bytes).
    Removing stm32h7xx_hal_uart.o(i.UART_CheckIdleState), (116 bytes).
    Removing stm32h7xx_hal_uart.o(i.UART_DMAAbortOnError), (24 bytes).
    Removing stm32h7xx_hal_uart.o(i.UART_DMAError), (94 bytes).
    Removing stm32h7xx_hal_uart.o(i.UART_DMAReceiveCplt), (70 bytes).
    Removing stm32h7xx_hal_uart.o(i.UART_DMARxAbortCallback), (76 bytes).
    Removing stm32h7xx_hal_uart.o(i.UART_DMARxHalfCplt), (14 bytes).
    Removing stm32h7xx_hal_uart.o(i.UART_DMARxOnlyAbortCallback), (44 bytes).
    Removing stm32h7xx_hal_uart.o(i.UART_DMATransmitCplt), (54 bytes).
    Removing stm32h7xx_hal_uart.o(i.UART_DMATxAbortCallback), (84 bytes).
    Removing stm32h7xx_hal_uart.o(i.UART_DMATxHalfCplt), (14 bytes).
    Removing stm32h7xx_hal_uart.o(i.UART_DMATxOnlyAbortCallback), (46 bytes).
    Removing stm32h7xx_hal_uart.o(i.UART_EndRxTransfer), (40 bytes).
    Removing stm32h7xx_hal_uart.o(i.UART_EndTransmit_IT), (34 bytes).
    Removing stm32h7xx_hal_uart.o(i.UART_EndTxTransfer), (32 bytes).
    Removing stm32h7xx_hal_uart.o(i.UART_RxISR_16BIT), (112 bytes).
    Removing stm32h7xx_hal_uart.o(i.UART_RxISR_16BIT_FIFOEN), (180 bytes).
    Removing stm32h7xx_hal_uart.o(i.UART_RxISR_8BIT), (108 bytes).
    Removing stm32h7xx_hal_uart.o(i.UART_RxISR_8BIT_FIFOEN), (180 bytes).
    Removing stm32h7xx_hal_uart.o(i.UART_SetConfig), (5872 bytes).
    Removing stm32h7xx_hal_uart.o(i.UART_TxISR_16BIT), (70 bytes).
    Removing stm32h7xx_hal_uart.o(i.UART_TxISR_16BIT_FIFOEN), (98 bytes).
    Removing stm32h7xx_hal_uart.o(i.UART_TxISR_8BIT), (66 bytes).
    Removing stm32h7xx_hal_uart.o(i.UART_TxISR_8BIT_FIFOEN), (92 bytes).
    Removing stm32h7xx_hal_uart.o(i.UART_WaitOnFlagUntilTimeout), (190 bytes).
    Removing stm32h7xx_hal_usart_ex.o(.rev16_text), (4 bytes).
    Removing stm32h7xx_hal_usart_ex.o(.revsh_text), (4 bytes).
    Removing stm32h7xx_hal_usart_ex.o(.rrx_text), (6 bytes).
    Removing stm32h7xx_hal_usart_ex.o(i.HAL_USARTEx_ConfigNSS), (86 bytes).
    Removing stm32h7xx_hal_usart_ex.o(i.HAL_USARTEx_DisableFifoMode), (78 bytes).
    Removing stm32h7xx_hal_usart_ex.o(i.HAL_USARTEx_DisableSlaveMode), (84 bytes).
    Removing stm32h7xx_hal_usart_ex.o(i.HAL_USARTEx_EnableFifoMode), (88 bytes).
    Removing stm32h7xx_hal_usart_ex.o(i.HAL_USARTEx_EnableSlaveMode), (120 bytes).
    Removing stm32h7xx_hal_usart_ex.o(i.HAL_USARTEx_RxFifoFullCallback), (2 bytes).
    Removing stm32h7xx_hal_usart_ex.o(i.HAL_USARTEx_SetRxFifoThreshold), (94 bytes).
    Removing stm32h7xx_hal_usart_ex.o(i.HAL_USARTEx_SetTxFifoThreshold), (94 bytes).
    Removing stm32h7xx_hal_usart_ex.o(i.HAL_USARTEx_TxFifoEmptyCallback), (2 bytes).
    Removing stm32h7xx_hal_usart_ex.o(i.USARTEx_SetNbDataToProcess), (104 bytes).
    Removing stm32h7xx_hal_hcd.o(.rev16_text), (4 bytes).
    Removing stm32h7xx_hal_hcd.o(.revsh_text), (4 bytes).
    Removing stm32h7xx_hal_hcd.o(.rrx_text), (6 bytes).
    Removing stm32h7xx_hal_hcd.o(i.HAL_HCD_Connect_Callback), (2 bytes).
    Removing stm32h7xx_hal_hcd.o(i.HAL_HCD_DeInit), (38 bytes).
    Removing stm32h7xx_hal_hcd.o(i.HAL_HCD_Disconnect_Callback), (2 bytes).
    Removing stm32h7xx_hal_hcd.o(i.HAL_HCD_GetCurrentFrame), (12 bytes).
    Removing stm32h7xx_hal_hcd.o(i.HAL_HCD_GetCurrentSpeed), (12 bytes).
    Removing stm32h7xx_hal_hcd.o(i.HAL_HCD_GetState), (8 bytes).
    Removing stm32h7xx_hal_hcd.o(i.HAL_HCD_HC_GetState), (20 bytes).
    Removing stm32h7xx_hal_hcd.o(i.HAL_HCD_HC_GetURBState), (20 bytes).
    Removing stm32h7xx_hal_hcd.o(i.HAL_HCD_HC_GetXferCount), (18 bytes).
    Removing stm32h7xx_hal_hcd.o(i.HAL_HCD_HC_Halt), (52 bytes).
    Removing stm32h7xx_hal_hcd.o(i.HAL_HCD_HC_Init), (222 bytes).
    Removing stm32h7xx_hal_hcd.o(i.HAL_HCD_HC_NotifyURBChange_Callback), (2 bytes).
    Removing stm32h7xx_hal_hcd.o(i.HAL_HCD_HC_SubmitRequest), (560 bytes).
    Removing stm32h7xx_hal_hcd.o(i.HAL_HCD_IRQHandler), (362 bytes).
    Removing stm32h7xx_hal_hcd.o(i.HAL_HCD_Init), (116 bytes).
    Removing stm32h7xx_hal_hcd.o(i.HAL_HCD_MspDeInit), (2 bytes).
    Removing stm32h7xx_hal_hcd.o(i.HAL_HCD_MspInit), (2 bytes).
    Removing stm32h7xx_hal_hcd.o(i.HAL_HCD_PortDisabled_Callback), (2 bytes).
    Removing stm32h7xx_hal_hcd.o(i.HAL_HCD_PortEnabled_Callback), (2 bytes).
    Removing stm32h7xx_hal_hcd.o(i.HAL_HCD_ResetPort), (12 bytes).
    Removing stm32h7xx_hal_hcd.o(i.HAL_HCD_SOF_Callback), (2 bytes).
    Removing stm32h7xx_hal_hcd.o(i.HAL_HCD_Start), (54 bytes).
    Removing stm32h7xx_hal_hcd.o(i.HAL_HCD_Stop), (46 bytes).
    Removing stm32h7xx_hal_hcd.o(i.HCD_HC_IN_IRQHandler), (1392 bytes).
    Removing stm32h7xx_hal_hcd.o(i.HCD_HC_OUT_IRQHandler), (1354 bytes).
    Removing stm32h7xx_hal_hcd.o(i.HCD_Port_IRQHandler), (182 bytes).
    Removing stm32h7xx_hal_hcd.o(i.HCD_RXQLVL_IRQHandler), (264 bytes).
    Removing stm32h7xx_ll_usb.o(.rev16_text), (4 bytes).
    Removing stm32h7xx_ll_usb.o(.revsh_text), (4 bytes).
    Removing stm32h7xx_ll_usb.o(.rrx_text), (6 bytes).
    Removing stm32h7xx_ll_usb.o(i.USB_ActivateDedicatedEndpoint), (204 bytes).
    Removing stm32h7xx_ll_usb.o(i.USB_ActivateEndpoint), (208 bytes).
    Removing stm32h7xx_ll_usb.o(i.USB_ActivateRemoteWakeup), (36 bytes).
    Removing stm32h7xx_ll_usb.o(i.USB_ActivateSetup), (70 bytes).
    Removing stm32h7xx_ll_usb.o(i.USB_ClearInterrupts), (8 bytes).
    Removing stm32h7xx_ll_usb.o(i.USB_CoreInit), (132 bytes).
    Removing stm32h7xx_ll_usb.o(i.USB_CoreReset), (76 bytes).
    Removing stm32h7xx_ll_usb.o(i.USB_DeActivateRemoteWakeup), (24 bytes).
    Removing stm32h7xx_ll_usb.o(i.USB_DeactivateDedicatedEndpoint), (132 bytes).
    Removing stm32h7xx_ll_usb.o(i.USB_DeactivateEndpoint), (196 bytes).
    Removing stm32h7xx_ll_usb.o(i.USB_DevConnect), (32 bytes).
    Removing stm32h7xx_ll_usb.o(i.USB_DevDisconnect), (32 bytes).
    Removing stm32h7xx_ll_usb.o(i.USB_DevInit), (492 bytes).
    Removing stm32h7xx_ll_usb.o(i.USB_DisableGlobalInt), (14 bytes).
    Removing stm32h7xx_ll_usb.o(i.USB_DoPing), (68 bytes).
    Removing stm32h7xx_ll_usb.o(i.USB_DriveVbus), (74 bytes).
    Removing stm32h7xx_ll_usb.o(i.USB_EP0StartXfer), (472 bytes).
    Removing stm32h7xx_ll_usb.o(i.USB_EP0_OutStart), (112 bytes).
    Removing stm32h7xx_ll_usb.o(i.USB_EPClearStall), (142 bytes).
    Removing stm32h7xx_ll_usb.o(i.USB_EPSetStall), (154 bytes).
    Removing stm32h7xx_ll_usb.o(i.USB_EPStartXfer), (836 bytes).
    Removing stm32h7xx_ll_usb.o(i.USB_EnableGlobalInt), (14 bytes).
    Removing stm32h7xx_ll_usb.o(i.USB_FlushRxFifo), (44 bytes).
    Removing stm32h7xx_ll_usb.o(i.USB_FlushTxFifo), (48 bytes).
    Removing stm32h7xx_ll_usb.o(i.USB_GetCurrentFrame), (14 bytes).
    Removing stm32h7xx_ll_usb.o(i.USB_GetDevSpeed), (38 bytes).
    Removing stm32h7xx_ll_usb.o(i.USB_GetHostSpeed), (24 bytes).
    Removing stm32h7xx_ll_usb.o(i.USB_GetMode), (10 bytes).
    Removing stm32h7xx_ll_usb.o(i.USB_HC_Halt), (374 bytes).
    Removing stm32h7xx_ll_usb.o(i.USB_HC_Init), (438 bytes).
    Removing stm32h7xx_ll_usb.o(i.USB_HC_ReadInterrupt), (14 bytes).
    Removing stm32h7xx_ll_usb.o(i.USB_HC_StartXfer), (468 bytes).
    Removing stm32h7xx_ll_usb.o(i.USB_HostInit), (248 bytes).
    Removing stm32h7xx_ll_usb.o(i.USB_InitFSLSPClkSel), (68 bytes).
    Removing stm32h7xx_ll_usb.o(i.USB_ReadDevAllInEpInterrupt), (20 bytes).
    Removing stm32h7xx_ll_usb.o(i.USB_ReadDevAllOutEpInterrupt), (20 bytes).
    Removing stm32h7xx_ll_usb.o(i.USB_ReadDevInEPInterrupt), (50 bytes).
    Removing stm32h7xx_ll_usb.o(i.USB_ReadDevOutEPInterrupt), (26 bytes).
    Removing stm32h7xx_ll_usb.o(i.USB_ReadInterrupts), (10 bytes).
    Removing stm32h7xx_ll_usb.o(i.USB_ReadPacket), (34 bytes).
    Removing stm32h7xx_ll_usb.o(i.USB_ResetPort), (60 bytes).
    Removing stm32h7xx_ll_usb.o(i.USB_SetCurrentMode), (54 bytes).
    Removing stm32h7xx_ll_usb.o(i.USB_SetDevAddress), (42 bytes).
    Removing stm32h7xx_ll_usb.o(i.USB_SetDevSpeed), (18 bytes).
    Removing stm32h7xx_ll_usb.o(i.USB_SetTurnaroundTime), (232 bytes).
    Removing stm32h7xx_ll_usb.o(i.USB_StopDevice), (92 bytes).
    Removing stm32h7xx_ll_usb.o(i.USB_StopHost), (180 bytes).
    Removing stm32h7xx_ll_usb.o(i.USB_WritePacket), (60 bytes).
    Removing stm32h7xx_ll_usb.o(.data), (4 bytes).
    Removing stm32h7xx_hal_dma2d.o(.rev16_text), (4 bytes).
    Removing stm32h7xx_hal_dma2d.o(.revsh_text), (4 bytes).
    Removing stm32h7xx_hal_dma2d.o(.rrx_text), (6 bytes).
    Removing stm32h7xx_hal_dma2d.o(i.DMA2D_SetConfig), (230 bytes).
    Removing stm32h7xx_hal_dma2d.o(i.HAL_DMA2D_Abort), (110 bytes).
    Removing stm32h7xx_hal_dma2d.o(i.HAL_DMA2D_BlendingStart), (82 bytes).
    Removing stm32h7xx_hal_dma2d.o(i.HAL_DMA2D_BlendingStart_IT), (94 bytes).
    Removing stm32h7xx_hal_dma2d.o(i.HAL_DMA2D_CLUTLoad), (132 bytes).
    Removing stm32h7xx_hal_dma2d.o(i.HAL_DMA2D_CLUTLoad_IT), (156 bytes).
    Removing stm32h7xx_hal_dma2d.o(i.HAL_DMA2D_CLUTLoadingCpltCallback), (2 bytes).
    Removing stm32h7xx_hal_dma2d.o(i.HAL_DMA2D_CLUTLoading_Abort), (128 bytes).
    Removing stm32h7xx_hal_dma2d.o(i.HAL_DMA2D_CLUTLoading_Resume), (82 bytes).
    Removing stm32h7xx_hal_dma2d.o(i.HAL_DMA2D_CLUTLoading_Suspend), (164 bytes).
    Removing stm32h7xx_hal_dma2d.o(i.HAL_DMA2D_ConfigCLUT), (124 bytes).
    Removing stm32h7xx_hal_dma2d.o(i.HAL_DMA2D_ConfigDeadTime), (66 bytes).
    Removing stm32h7xx_hal_dma2d.o(i.HAL_DMA2D_ConfigLayer), (260 bytes).
    Removing stm32h7xx_hal_dma2d.o(i.HAL_DMA2D_DeInit), (160 bytes).
    Removing stm32h7xx_hal_dma2d.o(i.HAL_DMA2D_DisableDeadTime), (62 bytes).
    Removing stm32h7xx_hal_dma2d.o(i.HAL_DMA2D_EnableCLUT), (62 bytes).
    Removing stm32h7xx_hal_dma2d.o(i.HAL_DMA2D_EnableDeadTime), (62 bytes).
    Removing stm32h7xx_hal_dma2d.o(i.HAL_DMA2D_GetError), (6 bytes).
    Removing stm32h7xx_hal_dma2d.o(i.HAL_DMA2D_GetState), (8 bytes).
    Removing stm32h7xx_hal_dma2d.o(i.HAL_DMA2D_IRQHandler), (358 bytes).
    Removing stm32h7xx_hal_dma2d.o(i.HAL_DMA2D_Init), (120 bytes).
    Removing stm32h7xx_hal_dma2d.o(i.HAL_DMA2D_LineEventCallback), (2 bytes).
    Removing stm32h7xx_hal_dma2d.o(i.HAL_DMA2D_MspDeInit), (2 bytes).
    Removing stm32h7xx_hal_dma2d.o(i.HAL_DMA2D_MspInit), (2 bytes).
    Removing stm32h7xx_hal_dma2d.o(i.HAL_DMA2D_PollForTransfer), (358 bytes).
    Removing stm32h7xx_hal_dma2d.o(i.HAL_DMA2D_ProgramLineEvent), (76 bytes).
    Removing stm32h7xx_hal_dma2d.o(i.HAL_DMA2D_Resume), (36 bytes).
    Removing stm32h7xx_hal_dma2d.o(i.HAL_DMA2D_Start), (78 bytes).
    Removing stm32h7xx_hal_dma2d.o(i.HAL_DMA2D_Start_IT), (90 bytes).
    Removing stm32h7xx_hal_dma2d.o(i.HAL_DMA2D_Suspend), (100 bytes).
    Removing stm32h7xx_hal_sd.o(.rev16_text), (4 bytes).
    Removing stm32h7xx_hal_sd.o(.revsh_text), (4 bytes).
    Removing stm32h7xx_hal_sd.o(.rrx_text), (6 bytes).
    Removing stm32h7xx_hal_sd.o(i.HAL_SDEx_Read_DMADoubleBuf0CpltCallback), (2 bytes).
    Removing stm32h7xx_hal_sd.o(i.HAL_SDEx_Read_DMADoubleBuf1CpltCallback), (2 bytes).
    Removing stm32h7xx_hal_sd.o(i.HAL_SDEx_Write_DMADoubleBuf0CpltCallback), (2 bytes).
    Removing stm32h7xx_hal_sd.o(i.HAL_SDEx_Write_DMADoubleBuf1CpltCallback), (2 bytes).
    Removing stm32h7xx_hal_sd.o(i.HAL_SD_Abort), (80 bytes).
    Removing stm32h7xx_hal_sd.o(i.HAL_SD_AbortCallback), (2 bytes).
    Removing stm32h7xx_hal_sd.o(i.HAL_SD_Abort_IT), (80 bytes).
    Removing stm32h7xx_hal_sd.o(i.HAL_SD_ConfigSpeedBusOperation), (494 bytes).
    Removing stm32h7xx_hal_sd.o(i.HAL_SD_DeInit), (52 bytes).
    Removing stm32h7xx_hal_sd.o(i.HAL_SD_Erase), (272 bytes).
    Removing stm32h7xx_hal_sd.o(i.HAL_SD_ErrorCallback), (2 bytes).
    Removing stm32h7xx_hal_sd.o(i.HAL_SD_GetCardCID), (88 bytes).
    Removing stm32h7xx_hal_sd.o(i.HAL_SD_GetError), (6 bytes).
    Removing stm32h7xx_hal_sd.o(i.HAL_SD_GetState), (8 bytes).
    Removing stm32h7xx_hal_sd.o(i.HAL_SD_IRQHandler), (628 bytes).
    Removing stm32h7xx_hal_sd.o(i.HAL_SD_MspDeInit), (2 bytes).
    Removing stm32h7xx_hal_sd.o(i.HAL_SD_MspInit), (2 bytes).
    Removing stm32h7xx_hal_sd.o(i.HAL_SD_ReadBlocks_DMA), (284 bytes).
    Removing stm32h7xx_hal_sd.o(i.HAL_SD_ReadBlocks_IT), (264 bytes).
    Removing stm32h7xx_hal_sd.o(i.HAL_SD_RxCpltCallback), (2 bytes).
    Removing stm32h7xx_hal_sd.o(i.HAL_SD_TxCpltCallback), (2 bytes).
    Removing stm32h7xx_hal_sd.o(i.HAL_SD_WriteBlocks_DMA), (284 bytes).
    Removing stm32h7xx_hal_sd.o(i.HAL_SD_WriteBlocks_IT), (260 bytes).
    Removing stm32h7xx_hal_sd.o(i.SD_DDR_Mode), (376 bytes).
    Removing stm32h7xx_hal_sd.o(i.SD_HighSpeed), (312 bytes).
    Removing stm32h7xx_hal_sd.o(i.SD_PowerOFF), (12 bytes).
    Removing stm32h7xx_hal_sd.o(i.SD_Read_IT), (66 bytes).
    Removing stm32h7xx_hal_sd.o(i.SD_UltraHighSpeed), (376 bytes).
    Removing stm32h7xx_hal_sd.o(i.SD_Write_IT), (82 bytes).
    Removing stm32h7xx_hal_sd_ex.o(.rev16_text), (4 bytes).
    Removing stm32h7xx_hal_sd_ex.o(.revsh_text), (4 bytes).
    Removing stm32h7xx_hal_sd_ex.o(.rrx_text), (6 bytes).
    Removing stm32h7xx_hal_sd_ex.o(i.HAL_SDEx_ChangeDMABuffer), (18 bytes).
    Removing stm32h7xx_hal_sd_ex.o(i.HAL_SDEx_ConfigDMAMultiBuffer), (34 bytes).
    Removing stm32h7xx_hal_sd_ex.o(i.HAL_SDEx_ReadBlocksDMAMultiBuffer), (280 bytes).
    Removing stm32h7xx_hal_sd_ex.o(i.HAL_SDEx_WriteBlocksDMAMultiBuffer), (252 bytes).
    Removing stm32h7xx_ll_sdmmc.o(.rev16_text), (4 bytes).
    Removing stm32h7xx_ll_sdmmc.o(.revsh_text), (4 bytes).
    Removing stm32h7xx_ll_sdmmc.o(.rrx_text), (6 bytes).
    Removing stm32h7xx_ll_sdmmc.o(i.SDMMC_CmdErase), (58 bytes).
    Removing stm32h7xx_ll_sdmmc.o(i.SDMMC_CmdEraseEndAdd), (58 bytes).
    Removing stm32h7xx_ll_sdmmc.o(i.SDMMC_CmdEraseStartAdd), (58 bytes).
    Removing stm32h7xx_ll_sdmmc.o(i.SDMMC_CmdOpCondition), (50 bytes).
    Removing stm32h7xx_ll_sdmmc.o(i.SDMMC_CmdSDEraseEndAdd), (58 bytes).
    Removing stm32h7xx_ll_sdmmc.o(i.SDMMC_CmdSDEraseStartAdd), (56 bytes).
    Removing stm32h7xx_ll_sdmmc.o(i.SDMMC_CmdSendEXTCSD), (56 bytes).
    Removing stm32h7xx_ll_sdmmc.o(i.SDMMC_CmdSwitch), (58 bytes).
    Removing stm32h7xx_ll_sdmmc.o(i.SDMMC_GetDataCounter), (6 bytes).
    Removing stm32h7xx_ll_sdmmc.o(i.SDMMC_GetFIFOCount), (8 bytes).
    Removing stm32h7xx_ll_sdmmc.o(i.SDMMC_PowerState_Cycle), (14 bytes).
    Removing stm32h7xx_ll_sdmmc.o(i.SDMMC_PowerState_OFF), (14 bytes).
    Removing stm32h7xx_ll_sdmmc.o(i.SDMMC_SetSDMMCReadWaitMode), (16 bytes).
    Removing stm32h7xx_ll_delayblock.o(.rev16_text), (4 bytes).
    Removing stm32h7xx_ll_delayblock.o(.revsh_text), (4 bytes).
    Removing stm32h7xx_ll_delayblock.o(.rrx_text), (6 bytes).
    Removing stm32h7xx_ll_delayblock.o(i.DelayBlock_Disable), (8 bytes).
    Removing stm32h7xx_ll_delayblock.o(i.DelayBlock_Enable), (144 bytes).
    Removing stm32h7xx_hal_iwdg.o(.rev16_text), (4 bytes).
    Removing stm32h7xx_hal_iwdg.o(.revsh_text), (4 bytes).
    Removing stm32h7xx_hal_iwdg.o(.rrx_text), (6 bytes).
    Removing stm32h7xx_hal_iwdg.o(i.HAL_IWDG_Init), (98 bytes).
    Removing hal_gpio.o(.rev16_text), (4 bytes).
    Removing hal_gpio.o(.revsh_text), (4 bytes).
    Removing hal_gpio.o(.rrx_text), (6 bytes).
    Removing hal_gpio.o(i.hal_read_gpio), (52 bytes).
    Removing hal_exit.o(.rev16_text), (4 bytes).
    Removing hal_exit.o(.revsh_text), (4 bytes).
    Removing hal_exit.o(.rrx_text), (6 bytes).
    Removing hal_dac.o(.rev16_text), (4 bytes).
    Removing hal_dac.o(.revsh_text), (4 bytes).
    Removing hal_dac.o(.rrx_text), (6 bytes).
    Removing hal_iic.o(.rev16_text), (4 bytes).
    Removing hal_iic.o(.revsh_text), (4 bytes).
    Removing hal_iic.o(.rrx_text), (6 bytes).
    Removing hal_iic.o(i.dac_update), (2 bytes).
    Removing hal_iic.o(i.hal_iic_busy), (12 bytes).
    Removing hal_tim.o(.rev16_text), (4 bytes).
    Removing hal_tim.o(.revsh_text), (4 bytes).
    Removing hal_tim.o(.rrx_text), (6 bytes).
    Removing hal_tim.o(i.hal_tim2_cnt), (8 bytes).
    Removing bsp_driver_sd.o(.rev16_text), (4 bytes).
    Removing bsp_driver_sd.o(.revsh_text), (4 bytes).
    Removing bsp_driver_sd.o(.rrx_text), (6 bytes).
    Removing bsp_driver_sd.o(i.BSP_SD_AbortCallback), (2 bytes).
    Removing bsp_driver_sd.o(i.BSP_SD_Erase), (32 bytes).
    Removing bsp_driver_sd.o(i.BSP_SD_ITConfig), (4 bytes).
    Removing bsp_driver_sd.o(i.BSP_SD_ReadBlocks_DMA), (40 bytes).
    Removing bsp_driver_sd.o(i.BSP_SD_ReadCpltCallback), (2 bytes).
    Removing bsp_driver_sd.o(i.BSP_SD_WriteBlocks_DMA), (40 bytes).
    Removing bsp_driver_sd.o(i.BSP_SD_WriteCpltCallback), (2 bytes).
    Removing bsp_driver_sd.o(i.HAL_SD_AbortCallback), (10 bytes).
    Removing bsp_driver_sd.o(i.HAL_SD_RxCpltCallback), (10 bytes).
    Removing bsp_driver_sd.o(i.HAL_SD_TxCpltCallback), (10 bytes).
    Removing sdmmc.o(.rev16_text), (4 bytes).
    Removing sdmmc.o(.revsh_text), (4 bytes).
    Removing sdmmc.o(.rrx_text), (6 bytes).
    Removing sdmmc.o(i.HAL_SD_MspDeInit), (72 bytes).
    Removing sd_diskio.o(.rev16_text), (4 bytes).
    Removing sd_diskio.o(.revsh_text), (4 bytes).
    Removing sd_diskio.o(.rrx_text), (6 bytes).
    Removing fos_tsk.o(.rev16_text), (4 bytes).
    Removing fos_tsk.o(.revsh_text), (4 bytes).
    Removing fos_tsk.o(.rrx_text), (6 bytes).
    Removing display_dev.o(.rev16_text), (4 bytes).
    Removing display_dev.o(.revsh_text), (4 bytes).
    Removing display_dev.o(.rrx_text), (6 bytes).
    Removing display_dev.o(i.osc_dev_l2_alph), (20 bytes).
    Removing display_dev.o(i.set_display_dev), (44 bytes).
    Removing middle.o(.rev16_text), (4 bytes).
    Removing middle.o(.revsh_text), (4 bytes).
    Removing middle.o(.rrx_text), (6 bytes).
    Removing middle.o(i.clear_display_dev), (40 bytes).
    Removing middle.o(i.fill_color), (236 bytes).
    Removing middle.o(i.fill_rect), (200 bytes).
    Removing middle.o(i.osc_ltdc_dma_fill), (56 bytes).
    Removing led.o(.rev16_text), (4 bytes).
    Removing led.o(.revsh_text), (4 bytes).
    Removing led.o(.rrx_text), (6 bytes).
    Removing led.o(i.led_thread_500ms), (16 bytes).
    Removing led.o(fs_tsk), (16 bytes).
    Removing k24c02.o(i.osc_k24C02_read), (2 bytes).
    Removing k24c02.o(i.osc_k24c02_write), (2 bytes).
    Removing touch.o(.rev16_text), (4 bytes).
    Removing touch.o(.revsh_text), (4 bytes).
    Removing touch.o(.rrx_text), (6 bytes).
    Removing touch.o(i.osc_ui_cont), (46 bytes).
    Removing touch.o(i.swi_chnn_touch), (2 bytes).
    Removing touch.o(i.touch_check_area_rt), (240 bytes).
    Removing touch.o(i.touch_measure_key_focus_mem), (40 bytes).
    Removing touch.o(i.touch_slider_v_check), (492 bytes).
    Removing gt9xx.o(.rev16_text), (4 bytes).
    Removing gt9xx.o(.revsh_text), (4 bytes).
    Removing gt9xx.o(.rrx_text), (6 bytes).
    Removing gt9xx.o(.bss), (22 bytes).
    Removing osc_iwdg.o(.rev16_text), (4 bytes).
    Removing osc_iwdg.o(.revsh_text), (4 bytes).
    Removing osc_iwdg.o(.rrx_text), (6 bytes).
    Removing osc_iwdg.o(i.MX_IWDG1_Init), (44 bytes).
    Removing osc_analog_sample.o(.rev16_text), (4 bytes).
    Removing osc_analog_sample.o(.revsh_text), (4 bytes).
    Removing osc_analog_sample.o(.rrx_text), (6 bytes).
    Removing osc_analog_sample.o(i.hal_pwm_start), (2 bytes).
    Removing osc_analog_sample.o(i.hal_pwm_stop), (2 bytes).
    Removing osc_analog_sample.o(i.osc_copy_from_fifo), (216 bytes).
    Removing osc_analog_sample.o(i.osc_curve_test), (2 bytes).
    Removing osc_analog_sample.o(i.osc_sys_delay), (2 bytes).
    Removing osc.o(i.draw_bat_icon), (104 bytes).
    Removing osc.o(i.draw_group_win), (752 bytes).
    Removing osc.o(i.osc_calculate_bat_icon_size), (52 bytes).
    Removing osc.o(i.osc_calculate_measure_ch), (400 bytes).
    Removing osc.o(i.osc_calculate_menu), (428 bytes).
    Removing osc.o(i.osc_calculate_right_icon), (292 bytes).
    Removing osc.o(i.osc_calculate_sg_size), (312 bytes).
    Removing osc.o(i.osc_create_chn_icon), (44 bytes).
    Removing osc.o(i.osc_draw_offset_arrow), (276 bytes).
    Removing osc.o(i.osc_hz_len), (32 bytes).
    Removing osc.o(i.osc_ui_draw_bat), (240 bytes).
    Removing osc_api.o(i.osc_backlight_en), (2 bytes).
    Removing osc_api.o(i.osc_fifo_clock), (2 bytes).
    Removing osc_api.o(i.osc_fifo_reset), (16 bytes).
    Removing osc_api.o(i.osc_power_en), (2 bytes).
    Removing osc_api.o(i.osc_read_com1), (4 bytes).
    Removing osc_api.o(i.osc_read_com2), (4 bytes).
    Removing osc_api.o(i.osc_read_rot_idle), (6 bytes).
    Removing osc_api.o(i.osc_set_key_addr), (2 bytes).
    Removing osc_api.o(i.osc_start_adc_clock), (18 bytes).
    Removing osc_api.o(i.osc_stop_adc_clock), (8 bytes).
    Removing osc_api.o(i.osc_usbs_en), (2 bytes).
    Removing osc_api.o(i.osc_voltage_output), (2 bytes).
    Removing osc_ui.o(i.osc_ui_clear_btn_mem), (36 bytes).
    Removing osc_ui.o(i.osc_ui_current_measure_btn), (60 bytes).
    Removing osc_ui.o(i.osc_ui_find_measure_btn), (144 bytes).
    Removing osc_ui.o(i.osc_ui_find_measure_btn_by), (80 bytes).
    Removing osc_ui.o(i.osc_ui_find_measure_btn_mem), (44 bytes).
    Removing osc_ui.o(i.osc_ui_find_win_btn), (128 bytes).
    Removing osc_ui.o(i.osc_ui_flush_right_icon), (48 bytes).
    Removing osc_ui.o(i.osc_ui_focus_measure_btn), (2 bytes).
    Removing osc_ui.o(i.osc_ui_measure_capital), (76 bytes).
    Removing osc_ui.o(i.osc_ui_measure_data), (84 bytes).
    Removing osc_ui.o(i.osc_ui_measure_len), (4 bytes).
    Removing osc_ui.o(i.osc_ui_measure_meun_msg), (8 bytes).
    Removing osc_ui.o(i.osc_ui_measure_show), (32 bytes).
    Removing osc_ui.o(i.osc_ui_measure_sta), (16 bytes).
    Removing osc_ui.o(i.osc_ui_menu_sta), (16 bytes).
    Removing osc_ui.o(i.osc_ui_move_mlines), (72 bytes).
    Removing osc_ui.o(i.osc_ui_release_measure_btn), (48 bytes).
    Removing osc_ui.o(i.osc_ui_right_show), (60 bytes).
    Removing osc_ui.o(i.osc_ui_set_chn_text), (2 bytes).
    Removing osc_ui.o(i.osc_ui_set_csh_show), (10 bytes).
    Removing osc_ui.o(i.osc_ui_set_focus_arrow), (52 bytes).
    Removing osc_ui.o(i.osc_ui_set_menu_text_group), (52 bytes).
    Removing osc_ui.o(i.osc_ui_set_one_menu_text), (40 bytes).
    Removing osc_ui.o(i.osc_ui_set_trig_src), (2 bytes).
    Removing osc_ui.o(i.osc_ui_set_trig_text), (2 bytes).
    Removing osc_ui.o(i.osc_ui_show_offset_arrow), (56 bytes).
    Removing osc_ui.o(i.osc_ui_stop_icon_show), (28 bytes).
    Removing osc_ui.o(i.osc_ui_stop_icon_sta), (16 bytes).
    Removing osc_ui.o(i.osc_ui_stop_icon_toggle), (28 bytes).
    Removing osc_ui.o(i.osc_ui_tips_str_dir), (36 bytes).
    Removing osc_ui.o(i.osc_ui_trig_arrow_sta), (44 bytes).
    Removing osc_ui.o(i.osc_ui_win_meun_msg), (8 bytes).
    Removing osc_ui.o(i.osc_uiright_sta), (28 bytes).
    Removing osc_thread.o(.rev16_text), (4 bytes).
    Removing osc_thread.o(.revsh_text), (4 bytes).
    Removing osc_thread.o(.rrx_text), (6 bytes).
    Removing osc_measure.o(i.freq_measure_ch), (636 bytes).
    Removing osc_measure.o(i.max_measure_ch), (272 bytes).
    Removing osc_measure.o(i.min_measure_ch), (272 bytes).
    Removing osc_measure.o(i.osc_measure_im), (328 bytes).
    Removing osc_measure.o(i.osc_measure_peroid), (296 bytes).
    Removing osc_measure.o(i.osc_measure_thread), (68 bytes).
    Removing osc_measure.o(i.osc_set_str), (34 bytes).
    Removing osc_measure.o(i.peek_measure_ch), (244 bytes).
    Removing osc_measure.o(i.rms_measure_ch), (192 bytes).
    Removing osc_measure.o(.data), (36 bytes).
    Removing osc_measure.o(fs_tsk), (16 bytes).
    Removing osc_menu.o(i.osc_single_thread), (2 bytes).
    Removing osc_param.o(.rev16_text), (4 bytes).
    Removing osc_param.o(.revsh_text), (4 bytes).
    Removing osc_param.o(.rrx_text), (6 bytes).
    Removing osc_win.o(i.osc_draw_right_icon), (120 bytes).
    Removing osc_win.o(i.osc_math_enable), (24 bytes).
    Removing osc_dac.o(.rev16_text), (4 bytes).
    Removing osc_dac.o(.revsh_text), (4 bytes).
    Removing osc_dac.o(.rrx_text), (6 bytes).
    Removing osc_msgbox.o(.rev16_text), (4 bytes).
    Removing osc_msgbox.o(.revsh_text), (4 bytes).
    Removing osc_msgbox.o(.rrx_text), (6 bytes).
    Removing usbh_app.o(.rev16_text), (4 bytes).
    Removing usbh_app.o(.revsh_text), (4 bytes).
    Removing usbh_app.o(.rrx_text), (6 bytes).
    Removing osc_boot.o(.rev16_text), (4 bytes).
    Removing osc_boot.o(.revsh_text), (4 bytes).
    Removing osc_boot.o(.rrx_text), (6 bytes).
    Removing gui.o(i.gui_clear_all), (44 bytes).
    Removing gui.o(i.gui_clear_widget), (22 bytes).
    Removing gui.o(i.gui_find_connect), (68 bytes).
    Removing gui.o(i.gui_hide_win), (192 bytes).
    Removing gui.o(i.gui_show_win), (56 bytes).
    Removing gui_ascii.o(i.osc_l24_string), (76 bytes).
    Removing diskio.o(.rev16_text), (4 bytes).
    Removing diskio.o(.revsh_text), (4 bytes).
    Removing diskio.o(.rrx_text), (6 bytes).
    Removing diskio.o(i.get_fattime), (4 bytes).
    Removing ff.o(.rev16_text), (4 bytes).
    Removing ff.o(.revsh_text), (4 bytes).
    Removing ff.o(.rrx_text), (6 bytes).
    Removing ff.o(i.dir_remove), (114 bytes).
    Removing ff.o(i.f_closedir), (38 bytes).
    Removing ff.o(i.f_getfree), (358 bytes).
    Removing ff.o(i.f_getlabel), (264 bytes).
    Removing ff.o(i.f_gets), (86 bytes).
    Removing ff.o(i.f_lseek), (1134 bytes).
    Removing ff.o(i.f_mkdir), (456 bytes).
    Removing ff.o(i.f_mkfs), (3236 bytes).
    Removing ff.o(i.f_opendir), (218 bytes).
    Removing ff.o(i.f_printf), (596 bytes).
    Removing ff.o(i.f_putc), (34 bytes).
    Removing ff.o(i.f_puts), (44 bytes).
    Removing ff.o(i.f_read), (552 bytes).
    Removing ff.o(i.f_readdir), (78 bytes).
    Removing ff.o(i.f_rename), (450 bytes).
    Removing ff.o(i.f_setlabel), (472 bytes).
    Removing ff.o(i.f_stat), (62 bytes).
    Removing ff.o(i.f_truncate), (214 bytes).
    Removing ff.o(i.f_unlink), (270 bytes).
    Removing ff.o(i.get_fileinfo), (346 bytes).
    Removing ff.o(i.get_xdir_info), (164 bytes).
    Removing ff.o(i.putc_bfd), (78 bytes).
    Removing ff.o(i.putc_flush), (44 bytes).
    Removing ff.o(i.putc_init), (10 bytes).
    Removing ff.o(i.xsum32), (26 bytes).
    Removing ff_gen_drv.o(.rev16_text), (4 bytes).
    Removing ff_gen_drv.o(.revsh_text), (4 bytes).
    Removing ff_gen_drv.o(.rrx_text), (6 bytes).
    Removing ff_gen_drv.o(i.FATFS_GetAttachedDriversNbr), (12 bytes).
    Removing ff_gen_drv.o(i.FATFS_UnLinkDriver), (14 bytes).
    Removing ff_gen_drv.o(i.FATFS_UnLinkDriverEx), (68 bytes).
    Removing fatfs.o(.rev16_text), (4 bytes).
    Removing fatfs.o(.revsh_text), (4 bytes).
    Removing fatfs.o(.rrx_text), (6 bytes).
    Removing fatfs.o(.bss), (568 bytes).
    Removing syscall.o(.rev16_text), (4 bytes).
    Removing syscall.o(.revsh_text), (4 bytes).
    Removing syscall.o(.rrx_text), (6 bytes).
    Removing ccsbcs.o(.rev16_text), (4 bytes).
    Removing ccsbcs.o(.revsh_text), (4 bytes).
    Removing ccsbcs.o(.rrx_text), (6 bytes).
    Removing arm_cmplx_mag_f32.o(.rev16_text), (4 bytes).
    Removing arm_cmplx_mag_f32.o(.revsh_text), (4 bytes).
    Removing arm_cmplx_mag_f32.o(.rrx_text), (6 bytes).
    Removing arm_rfft_fast_f32.o(.rev16_text), (4 bytes).
    Removing arm_rfft_fast_f32.o(.revsh_text), (4 bytes).
    Removing arm_rfft_fast_f32.o(.rrx_text), (6 bytes).
    Removing arm_rfft_fast_init_f32.o(.rev16_text), (4 bytes).
    Removing arm_rfft_fast_init_f32.o(.revsh_text), (4 bytes).
    Removing arm_rfft_fast_init_f32.o(.rrx_text), (6 bytes).
    Removing arm_max_f32.o(.rev16_text), (4 bytes).
    Removing arm_max_f32.o(.revsh_text), (4 bytes).
    Removing arm_max_f32.o(.rrx_text), (6 bytes).
    Removing arm_rms_f32.o(.rev16_text), (4 bytes).
    Removing arm_rms_f32.o(.revsh_text), (4 bytes).
    Removing arm_rms_f32.o(.rrx_text), (6 bytes).
    Removing arm_cfft_f32.o(.rev16_text), (4 bytes).
    Removing arm_cfft_f32.o(.revsh_text), (4 bytes).
    Removing arm_cfft_f32.o(.rrx_text), (6 bytes).
    Removing arm_common_tables.o(.rev16_text), (4 bytes).
    Removing arm_common_tables.o(.revsh_text), (4 bytes).
    Removing arm_common_tables.o(.rrx_text), (6 bytes).
    Removing arm_common_tables.o(.constdata), (2048 bytes).
    Removing arm_common_tables.o(.constdata), (32768 bytes).
    Removing arm_common_tables.o(.constdata), (96 bytes).
    Removing arm_common_tables.o(.constdata), (192 bytes).
    Removing arm_common_tables.o(.constdata), (384 bytes).
    Removing arm_common_tables.o(.constdata), (768 bytes).
    Removing arm_common_tables.o(.constdata), (1536 bytes).
    Removing arm_common_tables.o(.constdata), (3072 bytes).
    Removing arm_common_tables.o(.constdata), (6144 bytes).
    Removing arm_common_tables.o(.constdata), (12288 bytes).
    Removing arm_common_tables.o(.constdata), (24576 bytes).
    Removing arm_common_tables.o(.constdata), (48 bytes).
    Removing arm_common_tables.o(.constdata), (96 bytes).
    Removing arm_common_tables.o(.constdata), (192 bytes).
    Removing arm_common_tables.o(.constdata), (384 bytes).
    Removing arm_common_tables.o(.constdata), (768 bytes).
    Removing arm_common_tables.o(.constdata), (1536 bytes).
    Removing arm_common_tables.o(.constdata), (3072 bytes).
    Removing arm_common_tables.o(.constdata), (6144 bytes).
    Removing arm_common_tables.o(.constdata), (12288 bytes).
    Removing arm_common_tables.o(.constdata), (128 bytes).
    Removing arm_common_tables.o(.constdata), (256 bytes).
    Removing arm_common_tables.o(.constdata), (8064 bytes).
    Removing arm_common_tables.o(.constdata), (24 bytes).
    Removing arm_common_tables.o(.constdata), (48 bytes).
    Removing arm_common_tables.o(.constdata), (112 bytes).
    Removing arm_common_tables.o(.constdata), (224 bytes).
    Removing arm_common_tables.o(.constdata), (480 bytes).
    Removing arm_common_tables.o(.constdata), (960 bytes).
    Removing arm_common_tables.o(.constdata), (1984 bytes).
    Removing arm_common_tables.o(.constdata), (3968 bytes).
    Removing arm_common_tables.o(.constdata), (8064 bytes).
    Removing arm_common_tables.o(.constdata), (2052 bytes).
    Removing arm_common_tables.o(.constdata), (2052 bytes).
    Removing arm_common_tables.o(.constdata), (1026 bytes).
    Removing arm_cfft_radix8_f32.o(.rev16_text), (4 bytes).
    Removing arm_cfft_radix8_f32.o(.revsh_text), (4 bytes).
    Removing arm_cfft_radix8_f32.o(.rrx_text), (6 bytes).

1202 unused section(s) (total 259150 bytes) removed from the image.

==============================================================================

Image component sizes


      Code (inc. data)   RO Data    RW Data    ZI Data      Debug   Object Name

       234         30          0          0          0       5178   bsp_driver_sd.o
       240         24        942          0          0       2339   ccsbcs.o
       208         24          0          0          0       4141   diskio.o
      1428        104        329       2057        180      15551   display_dev.o
        32         12          0          5          0       1659   fatfs.o
     10564        136        186         10       1152      60658   ff.o
       102          6          0          0         16       1803   ff_gen_drv.o
       120         10          0          0          0       1243   fos.o
      1266        186         27          0        392      12649   fos_tsk.o
       692         28          0        187          0       5459   gt9xx.o
       670         32         24         24          0       7808   gui.o
      1266         28       9972          0          0      10972   gui_ascii.o
        88         28          0          1         24       1929   gui_dev.o
       864         50         42          2         20       2435   hal_dac.o
       304         34         30         16          0       6300   hal_exit.o
      1000         40        355          3          0       6471   hal_gpio.o
       822         68         28          5          0       8509   hal_iic.o
      2306        152         26          4         64      11250   hal_tim.o
         8          0         27          0          0       1744   k24c02.o
        88         10         24          0          0       1401   led.o
       486         58         12          4        584      10595   main.o
       240         54          0         12          0       4952   middle.o
     15250        334      11656         10         26      47337   osc.o
      1728        172         34         36        764      11166   osc_analog_sample.o
       822         58          0         20       6400       8543   osc_api.o
       142         32         12          4         16       2676   osc_boot.o
      1360        142         30         68         56       5420   osc_calibrate.o
      1428        184        750        262          0       9672   osc_cfg.o
       588         80         28          0        140       4191   osc_dac.o
        16          6          0          0         16        793   osc_iwdg.o
      1422         16         30          0          0       6439   osc_line.o
         2          0          0          0          0        513   osc_lows.o
        88         14          0          1         83       2588   osc_menu.o
      3210        794         32         17        220      17564   osc_msgbox.o
       912         70         59         40         83      43831   osc_param.o
      2068        218         31         88      37400      20565   osc_thread.o
      2050        318        276        170       5772      23998   osc_ui.o
     11596        400        858        377       1736      34687   osc_win.o
       288         16         20          1          0       5036   sd_diskio.o
       280         30          0          0        128       2000   sdmmc.o
        36          8        684          0       2048        848   startup_stm32h7b3xx.o
       272         52          0          9          0      23232   stm32h7xx_hal.o
       370         28          0          0          0      40501   stm32h7xx_hal_cortex.o
       992         30          0          0          0       9423   stm32h7xx_hal_dac.o
        64          0          0          0          0       4377   stm32h7xx_hal_dac_ex.o
      2782         84          8          0          0       8014   stm32h7xx_hal_dma.o
       636         60          0          0         28      14061   stm32h7xx_hal_flash.o
        40          4          0          0          0        729   stm32h7xx_hal_flash_ex.o
       594         56          0          0          0       4527   stm32h7xx_hal_gpio.o
        14          0          0          0          0       1087   stm32h7xx_hal_iwdg.o
      1548         12          0          0          0       8928   stm32h7xx_hal_ltdc.o
        36          4          0          0          0        870   stm32h7xx_hal_msp.o
       116         12          0          0          0       1422   stm32h7xx_hal_pwr_ex.o
      3188         68          0          0          0       4972   stm32h7xx_hal_rcc.o
      6088        150          0          0          0       9572   stm32h7xx_hal_rcc_ex.o
      4050         54          0          0          0      17543   stm32h7xx_hal_sd.o
      3046        234          0          0          0      21762   stm32h7xx_hal_tim.o
       408         22          0          0          0       5655   stm32h7xx_hal_tim_ex.o
        32          0          0          0          0       4506   stm32h7xx_it.o
      2286         66          0          0          0      27363   stm32h7xx_ll_sdmmc.o
         0          0          0          0          0        584   syscall.o
       168         24         16          8          0    1278637   system_stm32h7xx.o
      4258        358         66         84        748      16776   touch.o
       420         46         54         24       8792       3688   usbh_app.o

    ----------------------------------------------------------------------
     97834       5374      26742       3588      66896    1941142   Object Totals
         0          0         32          0          0          0   (incl. Generated)
       112          4         42         39          8          0   (incl. Padding)

    ----------------------------------------------------------------------

      Code (inc. data)   RO Data    RW Data    ZI Data      Debug   Library Member Name

       192          0          0          0          0        572   arm_bitreversal2.o
      1872          0          0          0          0       4441   arm_cfft_f32.o
      1226          6          0          0          0       3323   arm_cfft_radix8_f32.o
       256          6          0          0          0      17652   arm_cmplx_mag_f32.o
         0          0      78936          0          0       4704   arm_common_tables.o
       206          0          0          0          0       1754   arm_max_f32.o
       404          0          0          0          0      15964   arm_rfft_fast_f32.o
       296         98          0          0          0       1297   arm_rfft_fast_init_f32.o
       240          4          0          0          0       1254   arm_rms_f32.o
       224         42         48          0          0        184   cos_i.o
        48         28          0          0          0        232   dunder.o
        24          0          0          0          0        124   fabs.o
        48          0          0          0          0        124   fpclassify.o
       112          0          0          0          0        116   poly.o
       784        138        200          0          0        172   rred.o
       176         18          0          0          0        160   sin.o
       168         24         40          0          0        196   sin_i.o
       102          0          0          0          0        140   sqrt_full.o
        86          0          0          0          0          0   __dczerorl2.o
         0          0          0          0          0          0   entry.o
         0          0          0          0          0          0   entry10a.o
         0          0          0          0          0          0   entry11a.o
         8          4          0          0          0          0   entry2.o
         4          0          0          0          0          0   entry5.o
         0          0          0          0          0          0   entry7b.o
         0          0          0          0          0          0   entry8b.o
         8          4          0          0          0          0   entry9a.o
        12          6          0          4          0         68   errno.o
        30          0          0          0          0          0   handlers.o
        36          8          0          0          0         68   init.o
         0          0          0          0          0          0   iusefp.o
        30          0          0          0          0         68   llshl.o
        36          0          0          0          0         68   llsshr.o
        32          0          0          0          0         68   llushr.o
        26          0          0          0          0         80   memcmp.o
        36          0          0          0          0         68   memcpya.o
        36          0          0          0          0        108   memseta.o
      2276         86          0          0          0        520   printfa.o
        14          0          0          0          0         68   strlen.o
        36          0          0          0          0         80   strstr.o
        44          0          0          0          0         80   uidiv.o
        98          0          0          0          0         92   uldiv.o
        48          0          0          0          0         68   cdrcmple.o
       334          0          0          0          0        148   dadd.o
       222          0          0          0          0        100   ddiv.o
       186          0          0          0          0        176   depilogue.o
        48          0          0          0          0         68   dfixul.o
       228          0          0          0          0         96   dmul.o

    ----------------------------------------------------------------------
     10300        472      79228          4          0      54501   Library Totals
         8          0          4          0          0          0   (incl. Padding)

    ----------------------------------------------------------------------

      Code (inc. data)   RO Data    RW Data    ZI Data      Debug   Library Name

      4692        114      78936          0          0      50961   arm_cortexM7lfdp_math.lib
      1686        250        288          0          0       1448   m_wv.l
      2848        108          0          4          0       1436   mc_w.l
      1066          0          0          0          0        656   mf_w.l

    ----------------------------------------------------------------------
     10300        472      79228          4          0      54501   Library Totals

    ----------------------------------------------------------------------

==============================================================================


      Code (inc. data)   RO Data    RW Data    ZI Data      Debug   

    108134       5846     105970       3592      66896    1936287   Grand Totals
    108134       5846     105970        872      66896    1936287   ELF Image Totals (compressed)
    108134       5846     105970        872          0          0   ROM Totals

==============================================================================

    Total RO  Size (Code + RO Data)               214104 ( 209.09kB)
    Total RW  Size (RW Data + ZI Data)             70488 (  68.84kB)
    Total ROM Size (Code + RO Data + RW Data)     214976 ( 209.94kB)

==============================================================================

