<html>
<body>
<pre>
<h1>µVision Build Log</h1>
<h2>Tool Versions:</h2>
IDE-Version: ¦ÌVision V5.24.2.0
Copyright (C) 2017 ARM Ltd and ARM Germany GmbH. All rights reserved.
License Information: fan jiexin, xxx, LIC=65ISZ-JTLED-PC8J8-3FKQC-W8ZHA-DRFDR
 
Tool Versions:
Toolchain:       MDK-ARM Plus  Version: 5.24.1
Toolchain Path:  C:\Keil_v5\ARM\ARMCLANG\Bin
C Compiler:      ArmClang.exe V6.7
Assembler:       Armasm.exe V6.7
Linker/Locator:  ArmLink.exe V6.7
Library Manager: ArmAr.exe V6.7
Hex Converter:   FromElf.exe V6.7
CPU DLL:         SARMCM3.DLL V5.24.1
Dialog DLL:      DCM.DLL V1.16.0.0
Target DLL:      STLink\ST-LINKIII-KEIL_SWO.dll V3.0.1.0
Dialog DLL:      TCM.DLL V1.32.0.0
 
<h2>Project:</h2>
C:\Users\chnxjang\Desktop\cichuangan\encoder\MDK-ARM\cichuangan.uvprojx
Project File Date:  12/06/2024

<h2>Output:</h2>
*** Using Compiler 'V6.7', folder: 'C:\Keil_v5\ARM\ARMCLANG\Bin'
Build target 'cichuangan'
../Core/Src/main.c(191): warning: illegal character encoding in string literal [-Winvalid-source-encoding]
                                                        printf("<B2><C1><B3><FD> <B3><U+0279><A6>\r\n");
                                                                ^~~~~~~~~~~~~~~~ ~~~~        ~~~~
../Core/Src/main.c(330): warning: illegal character encoding in string literal [-Winvalid-source-encoding]
                                printf("<U+05EA><B6><AF><B7><BD><CF><F2>:%d  <C2><F6><B3><E5><CA><FD>:%d \r\n",Diretion,Count );
                                                ^~~~~~~~~~~~~~~~~~~~~~~~     ~~~~~~~~~~~~~~~~~~~~~~~~
2 warnings generated.
compiling main.c...
linking...
Program Size: Code=16932 RO-data=1964 RW-data=128 ZI-data=1440  
FromELF: creating hex file...
"cichuangan\cichuangan.axf" - 0 Error(s), 2 Warning(s).

<h2>Software Packages used:</h2>

Package Vendor: ARM
                http://www.keil.com/pack/ARM.CMSIS.5.6.0.pack
                ARM.CMSIS.5.6.0
                CMSIS (Cortex Microcontroller Software Interface Standard)
   * Component: CORE Version: 5.3.0

Package Vendor: Keil
                http://www.keil.com/pack/Keil.STM32F1xx_DFP.2.2.0.pack
                Keil.STM32F1xx_DFP.2.2.0
                STMicroelectronics STM32F1 Series Device Support, Drivers and Examples

<h2>Collection of Component include folders:</h2>
  .\RTE\_cichuangan
  C:\Keil_v5\ARM\PACK\ARM\CMSIS\5.6.0\CMSIS\Core\Include
  C:\Keil_v5\ARM\PACK\Keil\STM32F1xx_DFP\2.2.0\Device\Include

<h2>Collection of Component Files used:</h2>

   * Component: ARM::CMSIS:CORE:5.3.0
Build Time Elapsed:  00:00:02
</pre>
</body>
</html>
