Component: ARM Compiler 6.7 Tool: armlink [5c9ef700]

==============================================================================

Section Cross References

    startup_stm32h750xx.o(RESET) refers to startup_stm32h750xx.o(STACK) for __initial_sp
    startup_stm32h750xx.o(RESET) refers to startup_stm32h750xx.o(.text) for Reset_Handler
    startup_stm32h750xx.o(RESET) refers to stm32h7xx_it.o(.text.NMI_Handler) for NMI_Handler
    startup_stm32h750xx.o(RESET) refers to stm32h7xx_it.o(.text.HardFault_Handler) for HardFault_Handler
    startup_stm32h750xx.o(RESET) refers to stm32h7xx_it.o(.text.MemManage_Handler) for MemManage_Handler
    startup_stm32h750xx.o(RESET) refers to stm32h7xx_it.o(.text.BusFault_Handler) for BusFault_Handler
    startup_stm32h750xx.o(RESET) refers to stm32h7xx_it.o(.text.UsageFault_Handler) for UsageFault_Handler
    startup_stm32h750xx.o(RESET) refers to stm32h7xx_it.o(.text.SVC_Handler) for SVC_Handler
    startup_stm32h750xx.o(RESET) refers to stm32h7xx_it.o(.text.DebugMon_Handler) for DebugMon_Handler
    startup_stm32h750xx.o(RESET) refers to stm32h7xx_it.o(.text.PendSV_Handler) for PendSV_Handler
    startup_stm32h750xx.o(RESET) refers to stm32h7xx_it.o(.text.SysTick_Handler) for SysTick_Handler
    startup_stm32h750xx.o(RESET) refers to stm32h7xx_it.o(.text.EXTI1_IRQHandler) for EXTI1_IRQHandler
    startup_stm32h750xx.o(RESET) refers to stm32h7xx_it.o(.text.EXTI2_IRQHandler) for EXTI2_IRQHandler
    startup_stm32h750xx.o(RESET) refers to stm32h7xx_it.o(.text.EXTI3_IRQHandler) for EXTI3_IRQHandler
    startup_stm32h750xx.o(RESET) refers to stm32h7xx_it.o(.text.EXTI4_IRQHandler) for EXTI4_IRQHandler
    startup_stm32h750xx.o(RESET) refers to stm32h7xx_it.o(.text.DMA1_Stream0_IRQHandler) for DMA1_Stream0_IRQHandler
    startup_stm32h750xx.o(RESET) refers to stm32h7xx_it.o(.text.DMA1_Stream2_IRQHandler) for DMA1_Stream2_IRQHandler
    startup_stm32h750xx.o(RESET) refers to stm32h7xx_it.o(.text.DMA1_Stream3_IRQHandler) for DMA1_Stream3_IRQHandler
    startup_stm32h750xx.o(RESET) refers to stm32h7xx_it.o(.text.DMA1_Stream4_IRQHandler) for DMA1_Stream4_IRQHandler
    startup_stm32h750xx.o(RESET) refers to stm32h7xx_it.o(.text.DMA1_Stream5_IRQHandler) for DMA1_Stream5_IRQHandler
    startup_stm32h750xx.o(RESET) refers to stm32h7xx_it.o(.text.DMA1_Stream6_IRQHandler) for DMA1_Stream6_IRQHandler
    startup_stm32h750xx.o(RESET) refers to stm32h7xx_it.o(.text.EXTI9_5_IRQHandler) for EXTI9_5_IRQHandler
    startup_stm32h750xx.o(RESET) refers to stm32h7xx_it.o(.text.TIM3_IRQHandler) for TIM3_IRQHandler
    startup_stm32h750xx.o(RESET) refers to stm32h7xx_it.o(.text.USART1_IRQHandler) for USART1_IRQHandler
    startup_stm32h750xx.o(RESET) refers to stm32h7xx_it.o(.text.EXTI15_10_IRQHandler) for EXTI15_10_IRQHandler
    startup_stm32h750xx.o(RESET) refers to stm32h7xx_it.o(.text.TIM8_BRK_TIM12_IRQHandler) for TIM8_BRK_TIM12_IRQHandler
    startup_stm32h750xx.o(RESET) refers to stm32h7xx_it.o(.text.TIM5_IRQHandler) for TIM5_IRQHandler
    startup_stm32h750xx.o(RESET) refers to stm32h7xx_it.o(.text.TIM6_DAC_IRQHandler) for TIM6_DAC_IRQHandler
    startup_stm32h750xx.o(RESET) refers to stm32h7xx_it.o(.text.DMA2_Stream0_IRQHandler) for DMA2_Stream0_IRQHandler
    startup_stm32h750xx.o(RESET) refers to stm32h7xx_it.o(.text.DMA2_Stream2_IRQHandler) for DMA2_Stream2_IRQHandler
    startup_stm32h750xx.o(RESET) refers to stm32h7xx_it.o(.text.DMA2_Stream4_IRQHandler) for DMA2_Stream4_IRQHandler
    startup_stm32h750xx.o(.text) refers to system_stm32h7xx.o(.text.SystemInit) for SystemInit
    startup_stm32h750xx.o(.text) refers to entry.o(.ARM.Collect$$$$00000000) for __main
    osc.o(.ARM.exidx.text.sample_100Mhz) refers to osc.o(.text.sample_100Mhz) for [Anonymous Symbol]
    osc.o(.ARM.exidx.text.sample_50Mhz) refers to osc.o(.text.sample_50Mhz) for [Anonymous Symbol]
    osc.o(.text.Init_Osc) refers to filter.o(.text.Filter_Init) for Filter_Init
    osc.o(.text.Init_Osc) refers to stm32h7xx_hal_adc_ex.o(.text.HAL_ADCEx_Calibration_Start) for HAL_ADCEx_Calibration_Start
    osc.o(.text.Init_Osc) refers to stm32h7xx_hal_adc.o(.text.HAL_ADC_Start_DMA) for HAL_ADC_Start_DMA
    osc.o(.text.Init_Osc) refers to stm32h7xx_hal_tim.o(.text.HAL_TIM_Base_Start_IT) for HAL_TIM_Base_Start_IT
    osc.o(.text.Init_Osc) refers to osc.o(.text.set_offset_ch1) for set_offset_ch1
    osc.o(.text.Init_Osc) refers to osc.o(.text.set_offset_ch2) for set_offset_ch2
    osc.o(.text.Init_Osc) refers to stm32h7xx_hal_dac.o(.text.HAL_DAC_Start) for HAL_DAC_Start
    osc.o(.text.Init_Osc) refers to stm32h7xx_hal_dma.o(.text.HAL_DMA_Start_IT) for HAL_DMA_Start_IT
    osc.o(.text.Init_Osc) refers to menu.o(.text.cursor_off) for cursor_off
    osc.o(.text.Init_Osc) refers to menu.o(.text.renew_menu2) for renew_menu2
    osc.o(.text.Init_Osc) refers to printfa.o(i.__0printf) for __2printf
    osc.o(.text.Init_Osc) refers to adc.o(.bss.hadc1) for hadc1
[...]
    __aeabi_llsl                             0x08000383   Thumb Code    30  llshl.o(.text)
    _ll_shift_l                              0x08000383   Thumb Code     0  llshl.o(.text)
    __aeabi_llsr                             0x080003a1   Thumb Code    32  llushr.o(.text)
    _ll_ushift_r                             0x080003a1   Thumb Code     0  llushr.o(.text)
    __I$use$fp                               0x080003c1   Thumb Code     0  iusefp.o(.text)
    __aeabi_dadd                             0x080003c1   Thumb Code   322  dadd.o(.text)
    __aeabi_dsub                             0x08000503   Thumb Code     6  dadd.o(.text)
    __aeabi_drsub                            0x08000509   Thumb Code     6  dadd.o(.text)
    __aeabi_dmul                             0x0800050f   Thumb Code   228  dmul.o(.text)
    __aeabi_ddiv                             0x080005f3   Thumb Code   222  ddiv.o(.text)
    __aeabi_d2ulz                            0x080006d1   Thumb Code    48  dfixul.o(.text)
    __aeabi_cdrcmple                         0x08000701   Thumb Code    48  cdrcmple.o(.text)
    __scatterload                            0x08000731   Thumb Code    28  init.o(.text)
    __scatterload_rt2                        0x08000731   Thumb Code     0  init.o(.text)
    __aeabi_lasr                             0x08000755   Thumb Code    36  llsshr.o(.text)
    _ll_sshift_r                             0x08000755   Thumb Code     0  llsshr.o(.text)
    _double_round                            0x08000779   Thumb Code    30  depilogue.o(.text)
    _double_epilogue                         0x08000797   Thumb Code   156  depilogue.o(.text)
    __decompress                             0x08000833   Thumb Code     0  __dczerorl2.o(.text)
    __decompress1                            0x08000833   Thumb Code    86  __dczerorl2.o(.text)
    ADC_8CH                                  0x08000889   Thumb Code   120  osc.o(.text.ADC_8CH)
    ADC_ConfigureBoostMode                   0x08000901   Thumb Code   264  stm32h7xx_hal_adc.o(.text.ADC_ConfigureBoostMode)
    ADC_DMAConvCplt                          0x08000a09   Thumb Code   100  stm32h7xx_hal_adc.o(.text.ADC_DMAConvCplt)
    ADC_DMAError                             0x08000a6d   Thumb Code    22  stm32h7xx_hal_adc.o(.text.ADC_DMAError)
    ADC_DMAHalfConvCplt                      0x08000a83   Thumb Code     6  stm32h7xx_hal_adc.o(.text.ADC_DMAHalfConvCplt)
    ADC_Disable                              0x08000a89   Thumb Code   116  stm32h7xx_hal_adc.o(.text.ADC_Disable)
    ADC_Enable                               0x08000af9   Thumb Code   180  stm32h7xx_hal_adc.o(.text.ADC_Enable)
    BusFault_Handler                         0x08000bad   Thumb Code     2  stm32h7xx_it.o(.text.BusFault_Handler)
    DMA1_Stream0_IRQHandler                  0x08000bb1   Thumb Code    12  stm32h7xx_it.o(.text.DMA1_Stream0_IRQHandler)
    DMA1_Stream2_IRQHandler                  0x08000bbd   Thumb Code    24  stm32h7xx_it.o(.text.DMA1_Stream2_IRQHandler)
    DMA1_Stream3_IRQHandler                  0x08000bd5   Thumb Code    24  stm32h7xx_it.o(.text.DMA1_Stream3_IRQHandler)
    DMA1_Stream4_IRQHandler                  0x08000bed   Thumb Code    24  stm32h7xx_it.o(.text.DMA1_Stream4_IRQHandler)
    DMA1_Stream5_IRQHandler                  0x08000c05   Thumb Code    12  stm32h7xx_it.o(.text.DMA1_Stream5_IRQHandler)
    DMA1_Stream6_IRQHandler                  0x08000c11   Thumb Code    24  stm32h7xx_it.o(.text.DMA1_Stream6_IRQHandler)
    DMA2_Stream0_IRQHandler                  0x08000c29   Thumb Code    48  stm32h7xx_it.o(.text.DMA2_Stream0_IRQHandler)
    DMA2_Stream2_IRQHandler                  0x08000c59   Thumb Code    24  stm32h7xx_it.o(.text.DMA2_Stream2_IRQHandler)
    DMA2_Stream4_IRQHandler                  0x08000c71   Thumb Code    12  stm32h7xx_it.o(.text.DMA2_Stream4_IRQHandler)
    DebugMon_Handler                         0x08001055   Thumb Code     2  stm32h7xx_it.o(.text.DebugMon_Handler)
    EXTI15_10_IRQHandler                     0x08001059   Thumb Code    52  stm32h7xx_it.o(.text.EXTI15_10_IRQHandler)
    EXTI1_IRQHandler                         0x08001089   Thumb Code     6  stm32h7xx_it.o(.text.EXTI1_IRQHandler)
    EXTI2_IRQHandler                         0x0800108f   Thumb Code     6  stm32h7xx_it.o(.text.EXTI2_IRQHandler)
    EXTI3_IRQHandler                         0x08001095   Thumb Code     6  stm32h7xx_it.o(.text.EXTI3_IRQHandler)
    EXTI4_IRQHandler                         0x0800109b   Thumb Code     6  stm32h7xx_it.o(.text.EXTI4_IRQHandler)
    EXTI9_5_IRQHandler                       0x080010a1   Thumb Code    40  stm32h7xx_it.o(.text.EXTI9_5_IRQHandler)
    Error_Handler                            0x080010c9   Thumb Code     8  main.o(.text.Error_Handler)
    FFT_display                              0x080010d1   Thumb Code   124  fft.o(.text.FFT_display)
    FLASH_WaitForLastOperation               0x0800114d   Thumb Code   104  stm32h7xx_hal_flash.o(.text.FLASH_WaitForLastOperation)
    Filter_Init                              0x080011b5   Thumb Code    24  filter.o(.text.Filter_Init)
    HAL_ADCEx_Calibration_Start              0x080011cd   Thumb Code   152  stm32h7xx_hal_adc_ex.o(.text.HAL_ADCEx_Calibration_Start)
    HAL_ADCEx_MultiModeConfigChannel         0x08001265   Thumb Code   204  stm32h7xx_hal_adc_ex.o(.text.HAL_ADCEx_MultiModeConfigChannel)
    HAL_ADC_ConfigChannel                    0x08001329   Thumb Code   780  stm32h7xx_hal_adc.o(.text.HAL_ADC_ConfigChannel)
    HAL_ADC_ConvCpltCallback                 0x0800162d   Thumb Code     2  stm32h7xx_hal_adc.o(.text.HAL_ADC_ConvCpltCallback)
    HAL_ADC_ConvHalfCpltCallback             0x0800162f   Thumb Code     2  stm32h7xx_hal_adc.o(.text.HAL_ADC_ConvHalfCpltCallback)
    HAL_ADC_ErrorCallback                    0x08001631   Thumb Code     2  stm32h7xx_hal_adc.o(.text.HAL_ADC_ErrorCallback)
    HAL_ADC_GetState                         0x08001633   Thumb Code     4  stm32h7xx_hal_adc.o(.text.HAL_ADC_GetState)
    HAL_ADC_GetValue                         0x08001637   Thumb Code     6  stm32h7xx_hal_adc.o(.text.HAL_ADC_GetValue)
    HAL_ADC_Init                             0x0800163d   Thumb Code   504  stm32h7xx_hal_adc.o(.text.HAL_ADC_Init)
    HAL_ADC_MspInit                          0x08001835   Thumb Code   416  adc.o(.text.HAL_ADC_MspInit)
    HAL_ADC_PollForConversion                0x080019d5   Thumb Code   292  stm32h7xx_hal_adc.o(.text.HAL_ADC_PollForConversion)
    HAL_ADC_Start                            0x08001af1   Thumb Code   244  stm32h7xx_hal_adc.o(.text.HAL_ADC_Start)
    HAL_ADC_Start_DMA                        0x08001bdd   Thumb Code   264  stm32h7xx_hal_adc.o(.text.HAL_ADC_Start_DMA)
    HAL_DACEx_DMAUnderrunCallbackCh2         0x08001ce5   Thumb Code     2  stm32h7xx_hal_dac_ex.o(.text.HAL_DACEx_DMAUnderrunCallbackCh2)
    HAL_DAC_ConfigChannel                    0x08001ce9   Thumb Code   336  stm32h7xx_hal_dac.o(.text.HAL_DAC_ConfigChannel)
    HAL_DAC_DMAUnderrunCallbackCh1           0x08001e39   Thumb Code     2  stm32h7xx_hal_dac.o(.text.HAL_DAC_DMAUnderrunCallbackCh1)
    HAL_DAC_IRQHandler                       0x08001e3b   Thumb Code    94  stm32h7xx_hal_dac.o(.text.HAL_DAC_IRQHandler)
    HAL_DAC_Init                             0x08001e99   Thumb Code    38  stm32h7xx_hal_dac.o(.text.HAL_DAC_Init)
    HAL_DAC_MspInit                          0x08001ec1   Thumb Code   112  dac.o(.text.HAL_DAC_MspInit)
    HAL_DAC_SetValue                         0x08001f31   Thumb Code    46  stm32h7xx_hal_dac.o(.text.HAL_DAC_SetValue)
    HAL_DAC_Start                            0x08001f5f   Thumb Code   106  stm32h7xx_hal_dac.o(.text.HAL_DAC_Start)
    HAL_DMA_Abort                            0x08001fc9   Thumb Code   780  stm32h7xx_hal_dma.o(.text.HAL_DMA_Abort)
    HAL_DMA_Abort_IT                         0x080022b5   Thumb Code   472  stm32h7xx_hal_dma.o(.text.HAL_DMA_Abort_IT)
    HAL_DMA_IRQHandler                       0x0800248d   Thumb Code  1408  stm32h7xx_hal_dma.o(.text.HAL_DMA_IRQHandler)
    HAL_DMA_Init                             0x08002a09   Thumb Code  1020  stm32h7xx_hal_dma.o(.text.HAL_DMA_Init)
    HAL_DMA_Start_IT                         0x08002e05   Thumb Code   608  stm32h7xx_hal_dma.o(.text.HAL_DMA_Start_IT)
    HAL_FLASH_Lock                           0x08003065   Thumb Code    24  stm32h7xx_hal_flash.o(.text.HAL_FLASH_Lock)
    HAL_FLASH_Program                        0x08003079   Thumb Code   136  stm32h7xx_hal_flash.o(.text.HAL_FLASH_Program)
    HAL_FLASH_Unlock                         0x08003101   Thumb Code    48  stm32h7xx_hal_flash.o(.text.HAL_FLASH_Unlock)
    HAL_GPIO_EXTI_Callback                   0x08003131   Thumb Code     2  stm32h7xx_hal_gpio.o(.text.HAL_GPIO_EXTI_Callback)
    HAL_GPIO_EXTI_IRQHandler                 0x08003135   Thumb Code    20  stm32h7xx_hal_gpio.o(.text.HAL_GPIO_EXTI_IRQHandler)
    HAL_GPIO_Init                            0x08003149   Thumb Code   404  stm32h7xx_hal_gpio.o(.text.HAL_GPIO_Init)
    HAL_GPIO_ReadPin                         0x080032d9   Thumb Code    10  stm32h7xx_hal_gpio.o(.text.HAL_GPIO_ReadPin)
    HAL_GPIO_WritePin                        0x080032e3   Thumb Code    10  stm32h7xx_hal_gpio.o(.text.HAL_GPIO_WritePin)
    HAL_GetREVID                             0x080032ed   Thumb Code    12  stm32h7xx_hal.o(.text.HAL_GetREVID)
    HAL_GetTick                              0x080032f9   Thumb Code    12  stm32h7xx_hal.o(.text.HAL_GetTick)
    HAL_IncTick                              0x08003301   Thumb Code    16  stm32h7xx_hal.o(.text.HAL_IncTick)
    HAL_Init                                 0x0800330d   Thumb Code    92  stm32h7xx_hal.o(.text.HAL_Init)
    HAL_InitTick                             0x08003361   Thumb Code    72  stm32h7xx_hal.o(.text.HAL_InitTick)
    HAL_MspInit                              0x080033a9   Thumb Code    64  stm32h7xx_hal_msp.o(.text.HAL_MspInit)
    HAL_NVIC_EnableIRQ                       0x080033e9   Thumb Code    28  stm32h7xx_hal_cortex.o(.text.HAL_NVIC_EnableIRQ)
    HAL_NVIC_SetPriority                     0x08003405   Thumb Code    92  stm32h7xx_hal_cortex.o(.text.HAL_NVIC_SetPriority)
    HAL_NVIC_SetPriorityGrouping             0x0800345d   Thumb Code    32  stm32h7xx_hal_cortex.o(.text.HAL_NVIC_SetPriorityGrouping)
    HAL_PWREx_ConfigSupply                   0x0800347d   Thumb Code    76  stm32h7xx_hal_pwr_ex.o(.text.HAL_PWREx_ConfigSupply)
    HAL_RCCEx_GetD3PCLK1Freq                 0x080034c9   Thumb Code    36  stm32h7xx_hal_rcc_ex.o(.text.HAL_RCCEx_GetD3PCLK1Freq)
    HAL_RCCEx_GetPLL1ClockFreq               0x080034ed   Thumb Code   348  stm32h7xx_hal_rcc_ex.o(.text.HAL_RCCEx_GetPLL1ClockFreq)
    HAL_RCCEx_GetPLL2ClockFreq               0x08003649   Thumb Code   340  stm32h7xx_hal_rcc_ex.o(.text.HAL_RCCEx_GetPLL2ClockFreq)
    HAL_RCCEx_GetPLL3ClockFreq               0x0800379d   Thumb Code   340  stm32h7xx_hal_rcc_ex.o(.text.HAL_RCCEx_GetPLL3ClockFreq)
    HAL_RCCEx_GetPeriphCLKFreq               0x080038f1   Thumb Code   588  stm32h7xx_hal_rcc_ex.o(.text.HAL_RCCEx_GetPeriphCLKFreq)
    HAL_RCCEx_PeriphCLKConfig                0x08003b3d   Thumb Code  2360  stm32h7xx_hal_rcc_ex.o(.text.HAL_RCCEx_PeriphCLKConfig)
    HAL_RCC_ClockConfig                      0x08004475   Thumb Code   556  stm32h7xx_hal_rcc.o(.text.HAL_RCC_ClockConfig)
    HAL_RCC_GetHCLKFreq                      0x08004691   Thumb Code    68  stm32h7xx_hal_rcc.o(.text.HAL_RCC_GetHCLKFreq)
    HAL_RCC_GetPCLK1Freq                     0x080046d1   Thumb Code    36  stm32h7xx_hal_rcc.o(.text.HAL_RCC_GetPCLK1Freq)
    HAL_RCC_GetPCLK2Freq                     0x080046ed   Thumb Code    36  stm32h7xx_hal_rcc.o(.text.HAL_RCC_GetPCLK2Freq)
    HAL_RCC_GetSysClockFreq                  0x08004711   Thumb Code   332  stm32h7xx_hal_rcc.o(.text.HAL_RCC_GetSysClockFreq)
    HAL_RCC_OscConfig                        0x0800485d   Thumb Code  1314  stm32h7xx_hal_rcc.o(.text.HAL_RCC_OscConfig)
    HAL_SYSCFG_DisableVREFBUF                0x08004d81   Thumb Code    16  stm32h7xx_hal.o(.text.HAL_SYSCFG_DisableVREFBUF)
    HAL_SYSCFG_VREFBUF_HighImpedanceConfig   0x08004d8d   Thumb Code    20  stm32h7xx_hal.o(.text.HAL_SYSCFG_VREFBUF_HighImpedanceConfig)
    HAL_SYSTICK_Config                       0x08004da1   Thumb Code    40  stm32h7xx_hal_cortex.o(.text.HAL_SYSTICK_Config)
    HAL_TIMEx_Break2Callback                 0x08004dc9   Thumb Code     2  stm32h7xx_hal_tim_ex.o(.text.HAL_TIMEx_Break2Callback)
    HAL_TIMEx_BreakCallback                  0x08004dcb   Thumb Code     2  stm32h7xx_hal_tim_ex.o(.text.HAL_TIMEx_BreakCallback)
    HAL_TIMEx_CommutCallback                 0x08004dcd   Thumb Code     2  stm32h7xx_hal_tim_ex.o(.text.HAL_TIMEx_CommutCallback)
    HAL_TIMEx_ConfigBreakDeadTime            0x08004dd1   Thumb Code   148  stm32h7xx_hal_tim_ex.o(.text.HAL_TIMEx_ConfigBreakDeadTime)
    HAL_TIMEx_MasterConfigSynchronization    0x08004e61   Thumb Code   168  stm32h7xx_hal_tim_ex.o(.text.HAL_TIMEx_MasterConfigSynchronization)
    HAL_TIMEx_RemapConfig                    0x08004ef1   Thumb Code    34  stm32h7xx_hal_tim_ex.o(.text.HAL_TIMEx_RemapConfig)
    HAL_TIM_Base_Init                        0x08004f13   Thumb Code    96  stm32h7xx_hal_tim.o(.text.HAL_TIM_Base_Init)
    HAL_TIM_Base_MspInit                     0x08004f75   Thumb Code   604  tim.o(.text.HAL_TIM_Base_MspInit)
    HAL_TIM_Base_Start_IT                    0x080051bd   Thumb Code   140  stm32h7xx_hal_tim.o(.text.HAL_TIM_Base_Start_IT)
    HAL_TIM_ConfigClockSource                0x08005249   Thumb Code   292  stm32h7xx_hal_tim.o(.text.HAL_TIM_ConfigClockSource)
    HAL_TIM_IC_CaptureCallback               0x0800536d   Thumb Code     2  stm32h7xx_hal_tim.o(.text.HAL_TIM_IC_CaptureCallback)
    HAL_TIM_IRQHandler                       0x08005371   Thumb Code   316  stm32h7xx_hal_tim.o(.text.HAL_TIM_IRQHandler)
    HAL_TIM_MspPostInit                      0x080054ad   Thumb Code   120  tim.o(.text.HAL_TIM_MspPostInit)
    HAL_TIM_OC_DelayElapsedCallback          0x08005525   Thumb Code     2  stm32h7xx_hal_tim.o(.text.HAL_TIM_OC_DelayElapsedCallback)
    HAL_TIM_PWM_ConfigChannel                0x08005529   Thumb Code   188  stm32h7xx_hal_tim.o(.text.HAL_TIM_PWM_ConfigChannel)
    HAL_TIM_PWM_Init                         0x080055e5   Thumb Code    96  stm32h7xx_hal_tim.o(.text.HAL_TIM_PWM_Init)
    HAL_TIM_PWM_MspInit                      0x08005645   Thumb Code     2  stm32h7xx_hal_tim.o(.text.HAL_TIM_PWM_MspInit)
    HAL_TIM_PWM_PulseFinishedCallback        0x08005647   Thumb Code     2  stm32h7xx_hal_tim.o(.text.HAL_TIM_PWM_PulseFinishedCallback)
    HAL_TIM_PWM_Start                        0x08005649   Thumb Code   328  stm32h7xx_hal_tim.o(.text.HAL_TIM_PWM_Start)
    HAL_TIM_PWM_Stop                         0x0800577d   Thumb Code   216  stm32h7xx_hal_tim.o(.text.HAL_TIM_PWM_Stop)
    HAL_TIM_PeriodElapsedCallback            0x08005855   Thumb Code   208  osc.o(.text.HAL_TIM_PeriodElapsedCallback)
    HAL_TIM_TriggerCallback                  0x08005925   Thumb Code     2  stm32h7xx_hal_tim.o(.text.HAL_TIM_TriggerCallback)
    HAL_UARTEx_DisableFifoMode               0x08005927   Thumb Code    54  stm32h7xx_hal_uart_ex.o(.text.HAL_UARTEx_DisableFifoMode)
    HAL_UARTEx_RxEventCallback               0x0800595d   Thumb Code     2  stm32h7xx_hal_uart.o(.text.HAL_UARTEx_RxEventCallback)
    HAL_UARTEx_RxFifoFullCallback            0x0800595f   Thumb Code     2  stm32h7xx_hal_uart_ex.o(.text.HAL_UARTEx_RxFifoFullCallback)
    HAL_UARTEx_SetRxFifoThreshold            0x08005961   Thumb Code    76  stm32h7xx_hal_uart_ex.o(.text.HAL_UARTEx_SetRxFifoThreshold)
    HAL_UARTEx_SetTxFifoThreshold            0x080059ad   Thumb Code    76  stm32h7xx_hal_uart_ex.o(.text.HAL_UARTEx_SetTxFifoThreshold)
    HAL_UARTEx_TxFifoEmptyCallback           0x080059f9   Thumb Code     2  stm32h7xx_hal_uart_ex.o(.text.HAL_UARTEx_TxFifoEmptyCallback)
    HAL_UARTEx_WakeupCallback                0x080059fb   Thumb Code     2  stm32h7xx_hal_uart_ex.o(.text.HAL_UARTEx_WakeupCallback)
    HAL_UART_ErrorCallback                   0x080059fd   Thumb Code     2  stm32h7xx_hal_uart.o(.text.HAL_UART_ErrorCallback)
    HAL_UART_IRQHandler                      0x08005a01   Thumb Code   980  stm32h7xx_hal_uart.o(.text.HAL_UART_IRQHandler)
    HAL_UART_Init                            0x08005dd1   Thumb Code   100  stm32h7xx_hal_uart.o(.text.HAL_UART_Init)
    HAL_UART_MspInit                         0x08005e35   Thumb Code   308  usart.o(.text.HAL_UART_MspInit)
    HAL_UART_Receive_IT                      0x08005f69   Thumb Code    84  stm32h7xx_hal_uart.o(.text.HAL_UART_Receive_IT)
    HAL_UART_RxCpltCallback                  0x08005fbd   Thumb Code     2  stm32h7xx_hal_uart.o(.text.HAL_UART_RxCpltCallback)
    HAL_UART_TxCpltCallback                  0x08005fbf   Thumb Code     2  stm32h7xx_hal_uart.o(.text.HAL_UART_TxCpltCallback)
    HardFault_Handler                        0x08005fc1   Thumb Code     2  stm32h7xx_it.o(.text.HardFault_Handler)
    Init_Osc                                 0x08005fc5   Thumb Code   468  osc.o(.text.Init_Osc)
    Key_Scan                                 0x08006199   Thumb Code   480  button.o(.text.Key_Scan)
    MX_ADC1_Init                             0x08006399   Thumb Code   344  adc.o(.text.MX_ADC1_Init)
    MX_ADC2_Init                             0x080064f1   Thumb Code   152  adc.o(.text.MX_ADC2_Init)
    MX_BDMA_Init                             0x08006589   Thumb Code    80  bdma.o(.text.MX_BDMA_Init)
    MX_DAC1_Init                             0x080065d5   Thumb Code    88  dac.o(.text.MX_DAC1_Init)
    MX_DMA_Init                              0x0800662d   Thumb Code   172  dma.o(.text.MX_DMA_Init)
    MX_GPIO_Init                             0x080066d1   Thumb Code   340  gpio.o(.text.MX_GPIO_Init)
    MX_TIM1_Init                             0x08006825   Thumb Code   284  tim.o(.text.MX_TIM1_Init)
    MX_TIM2_Init                             0x08006941   Thumb Code   172  tim.o(.text.MX_TIM2_Init)
    MX_TIM3_Init                             0x080069ed   Thumb Code   108  tim.o(.text.MX_TIM3_Init)
    MX_TIM4_Init                             0x08006a59   Thumb Code   108  tim.o(.text.MX_TIM4_Init)
    MX_TIM5_Init                             0x08006ac5   Thumb Code   108  tim.o(.text.MX_TIM5_Init)
    MX_UART4_Init                            0x08006b31   Thumb Code   100  usart.o(.text.MX_UART4_Init)
    MX_USART1_UART_Init                      0x08006b95   Thumb Code   100  usart.o(.text.MX_USART1_UART_Init)
    MemManage_Handler                        0x08006bf9   Thumb Code     2  stm32h7xx_it.o(.text.MemManage_Handler)
    NMI_Handler                              0x08006bfb   Thumb Code     2  stm32h7xx_it.o(.text.NMI_Handler)
    PendSV_Handler                           0x08006bfd   Thumb Code     2  stm32h7xx_it.o(.text.PendSV_Handler)
    PeriphCommonClock_Config                 0x08006c01   Thumb Code    88  main.o(.text.PeriphCommonClock_Config)
    STMFLASH_OnlyWrite                       0x08006e71   Thumb Code    84  flash.o(.text.STMFLASH_OnlyWrite)
    SVC_Handler                              0x08006ec5   Thumb Code     2  stm32h7xx_it.o(.text.SVC_Handler)
    SysTick_Handler                          0x08006ec7   Thumb Code     4  stm32h7xx_it.o(.text.SysTick_Handler)
    SystemClock_Config                       0x08006ecd   Thumb Code   188  main.o(.text.SystemClock_Config)
    SystemInit                               0x08006f89   Thumb Code   180  system_stm32h7xx.o(.text.SystemInit)
    TIM3_IRQHandler                          0x0800703d   Thumb Code    12  stm32h7xx_it.o(.text.TIM3_IRQHandler)
    TIM5_IRQHandler                          0x08007049   Thumb Code    12  stm32h7xx_it.o(.text.TIM5_IRQHandler)
    TIM6_DAC_IRQHandler                      0x08007055   Thumb Code    12  stm32h7xx_it.o(.text.TIM6_DAC_IRQHandler)
    TIM8_BRK_TIM12_IRQHandler                0x08007061   Thumb Code    12  stm32h7xx_it.o(.text.TIM8_BRK_TIM12_IRQHandler)
    TIM_Base_SetConfig                       0x0800706d   Thumb Code   216  stm32h7xx_hal_tim.o(.text.TIM_Base_SetConfig)
    TIM_OC2_SetConfig                        0x080071c1   Thumb Code   156  stm32h7xx_hal_tim.o(.text.TIM_OC2_SetConfig)
    UART_AdvFeatureConfig                    0x080074c1   Thumb Code   212  stm32h7xx_hal_uart.o(.text.UART_AdvFeatureConfig)
    UART_CheckIdleState                      0x08007595   Thumb Code   188  stm32h7xx_hal_uart.o(.text.UART_CheckIdleState)
    UART_SetConfig                           0x08007bcd   Thumb Code   984  stm32h7xx_hal_uart.o(.text.UART_SetConfig)
    UART_Start_Receive_IT                    0x08007fa5   Thumb Code   300  stm32h7xx_hal_uart.o(.text.UART_Start_Receive_IT)
    UART_WaitOnFlagUntilTimeout              0x080080d1   Thumb Code   158  stm32h7xx_hal_uart.o(.text.UART_WaitOnFlagUntilTimeout)
    USART1_IRQHandler                        0x08008171   Thumb Code    12  stm32h7xx_it.o(.text.USART1_IRQHandler)
    UsageFault_Handler                       0x0800817d   Thumb Code     2  stm32h7xx_it.o(.text.UsageFault_Handler)
    avg_Filter_int                           0x08008181   Thumb Code    88  filter.o(.text.avg_Filter_int)
    change                                   0x080081d9   Thumb Code   184  fft.o(.text.change)
    confirm_button                           0x08008291   Thumb Code  6104  menu.o(.text.confirm_button)
    cursor_measure_voltage_V                 0x08009a69   Thumb Code    32  measure.o(.text.cursor_measure_voltage_V)
    cursor_measure_voltage_V_fft             0x08009a89   Thumb Code    32  measure.o(.text.cursor_measure_voltage_V_fft)
    cursor_measure_voltage_V_xy              0x08009aa9   Thumb Code    64  measure.o(.text.cursor_measure_voltage_V_xy)
    cursor_off                               0x08009ae9   Thumb Code    88  menu.o(.text.cursor_off)
    delay_ms                                 0x08009b41   Thumb Code    22  delay.o(.text.delay_ms)
    delay_us                                 0x08009b59   Thumb Code    40  delay.o(.text.delay_us)
    disp_signal                              0x08009b81   Thumb Code   436  osc.o(.text.disp_signal)
    display_osc                              0x08009d35   Thumb Code  1900  osc.o(.text.display_osc)
    do_key                                   0x0800a4a1   Thumb Code   180  button.o(.text.do_key)
    dofft                                    0x0800a555   Thumb Code   188  fft.o(.text.dofft)
    down_button                              0x0800a611   Thumb Code   920  menu.o(.text.down_button)
    fft                                      0x0800a9a9   Thumb Code   232  fft.o(.text.fft)
    find_max_ch1                             0x0800aa91   Thumb Code    44  measure.o(.text.find_max_ch1)
    find_max_ch2                             0x0800aab9   Thumb Code    44  measure.o(.text.find_max_ch2)
    find_min_ch1                             0x0800aae1   Thumb Code    44  measure.o(.text.find_min_ch1)
    find_min_ch2                             0x0800ab09   Thumb Code    44  measure.o(.text.find_min_ch2)
    findzeropoint_ch1                        0x0800ab31   Thumb Code   232  measure.o(.text.findzeropoint_ch1)
    findzeropoint_ch2                        0x0800ac15   Thumb Code   240  measure.o(.text.findzeropoint_ch2)
    fputc                                    0x0800ad05   Thumb Code    20  main.o(.text.fputc)
    left_button                              0x0800ad19   Thumb Code  5440  menu.o(.text.left_button)
    load_calibo_data                         0x0800c259   Thumb Code   192  flash.o(.text.load_calibo_data)
    load_current                             0x0800c301   Thumb Code    32  flash.o(.text.load_current)
    load_writedata                           0x0800c321   Thumb Code   148  flash.o(.text.load_writedata)
    load_writedata_1                         0x0800c3b9   Thumb Code    48  flash.o(.text.load_writedata_1)
    main                                     0x0800c3e9   Thumb Code   108  main.o(.text.main)
    measure_cycletime_ms                     0x0800c459   Thumb Code    72  measure.o(.text.measure_cycletime_ms)
    measure_cycletime_us                     0x0800c499   Thumb Code    72  measure.o(.text.measure_cycletime_us)
    measure_freq_Hz                          0x0800c4d9   Thumb Code    20  measure.o(.text.measure_freq_Hz)
    measure_freq_Hz_fft                      0x0800c4f1   Thumb Code    56  measure.o(.text.measure_freq_Hz_fft)
    measure_freq_KHz_fft                     0x0800c521   Thumb Code    72  measure.o(.text.measure_freq_KHz_fft)
    measure_freq_kHz                         0x0800c565   Thumb Code    20  measure.o(.text.measure_freq_kHz)
    measure_time_ms                          0x0800c579   Thumb Code    80  measure.o(.text.measure_time_ms)
    measure_time_us                          0x0800c5c1   Thumb Code    80  measure.o(.text.measure_time_us)
    measure_voltage_V                        0x0800c611   Thumb Code    92  measure.o(.text.measure_voltage_V)
    measure_voltage_V_fft                    0x0800c661   Thumb Code    84  measure.o(.text.measure_voltage_V_fft)
    menu2_button                             0x0800c6b9   Thumb Code  1104  menu.o(.text.menu2_button)
    menu2_off                                0x0800cae9   Thumb Code    96  menu.o(.text.menu2_off)
    output                                   0x0800cb49   Thumb Code   104  fft.o(.text.output)
    renew_data                               0x0800cbb1   Thumb Code  3616  osc.o(.text.renew_data)
    renew_menu1                              0x0800d9d1   Thumb Code   104  menu.o(.text.renew_menu1)
    renew_menu2                              0x0800da31   Thumb Code   724  menu.o(.text.renew_menu2)
    renew_timeorfreq                         0x0800dd05   Thumb Code   744  menu.o(.text.renew_timeorfreq)
    right_button                             0x0800dff1   Thumb Code  5168  menu.o(.text.right_button)
    set_offset_ch1                           0x0800f409   Thumb Code   104  osc.o(.text.set_offset_ch1)
    set_offset_ch2                           0x0800f469   Thumb Code   104  osc.o(.text.set_offset_ch2)
    switch_parament                          0x0800f4d1   Thumb Code   432  menu.o(.text.switch_parament)
    transform                                0x0800f681   Thumb Code   132  fft.o(.text.transform)
    up_button                                0x0800f705   Thumb Code   816  menu.o(.text.up_button)
    __0printf                                0x0800fa35   Thumb Code    22  printfa.o(i.__0printf)
    __1printf                                0x0800fa35   Thumb Code     0  printfa.o(i.__0printf)
    __2printf                                0x0800fa35   Thumb Code     0  printfa.o(i.__0printf)
    __c89printf                              0x0800fa35   Thumb Code     0  printfa.o(i.__0printf)
    printf                                   0x0800fa35   Thumb Code     0  printfa.o(i.__0printf)
    __ARM_fpclassify                         0x0800fa55   Thumb Code    48  fpclassify.o(i.__ARM_fpclassify)
    __hardfp_cos                             0x0800fa89   Thumb Code   158  cos.o(i.__hardfp_cos)
    __hardfp_log                             0x0800fb39   Thumb Code   480  log.o(i.__hardfp_log)
    __hardfp_sin                             0x0800fd61   Thumb Code   158  sin.o(i.__hardfp_sin)
    __hardfp_sqrt                            0x0800fe11   Thumb Code   102  sqrt.o(i.__hardfp_sqrt)
    __ieee754_rem_pio2                       0x0800fe79   Thumb Code   646  rred.o(i.__ieee754_rem_pio2)
    __kernel_cos                             0x08010181   Thumb Code   182  cos_i.o(i.__kernel_cos)
    __kernel_poly                            0x08010245   Thumb Code   112  poly.o(i.__kernel_poly)
    __kernel_sin                             0x080102b9   Thumb Code   144  sin_i.o(i.__kernel_sin)
    __mathlib_dbl_divzero                    0x08010359   Thumb Code    14  dunder.o(i.__mathlib_dbl_divzero)
    __mathlib_dbl_infnan                     0x08010371   Thumb Code     6  dunder.o(i.__mathlib_dbl_infnan)
    __mathlib_dbl_invalid                    0x08010379   Thumb Code    10  dunder.o(i.__mathlib_dbl_invalid)
    __mathlib_dbl_underflow                  0x08010391   Thumb Code    10  dunder.o(i.__mathlib_dbl_underflow)
    __scatterload_copy                       0x080103a9   Thumb Code    14  handlers.o(i.__scatterload_copy)
    __scatterload_null                       0x080103b7   Thumb Code     2  handlers.o(i.__scatterload_null)
    __scatterload_zeroinit                   0x080103b9   Thumb Code    14  handlers.o(i.__scatterload_zeroinit)
    __set_errno                              0x080103c9   Thumb Code     6  errno.o(i.__set_errno)
    fabs                                     0x08010c87   Thumb Code    24  fabs.o(i.fabs)
    malloc                                   0x08010ca1   Thumb Code    92  malloc.o(i.malloc)
    putchar                                  0x08010d0d   Thumb Code     6  putchar.o(i.putchar)
    __mathlib_zero                           0x08010d80   Data           8  qnan.o(.constdata)
    D1CorePrescTable                         0x08010e78   Data          16  system_stm32h7xx.o(.rodata.D1CorePrescTable)
    UARTPrescTable                           0x08010e88   Data          24  stm32h7xx_hal_uart.o(.rodata.UARTPrescTable)
    Region$$Table$$Base                      0x080120ec   Number         0  anon$$obj.o(Region$$Table)
    Region$$Table$$Limit                     0x0801210c   Number         0  anon$$obj.o(Region$$Table)
    __stdout                                 0x24000000   Data           4  stdout.o(.data)
    __microlib_freelist                      0x24000004   Data           4  mvars.o(.data)
    __microlib_freelist_initialised          0x24000008   Data           4  mvars.o(.data)
    Trigger_set                              0x24000010   Data           1  osc.o(.data..L_MergedGlobals)
    CH1_enable                               0x24000011   Data           1  osc.o(.data..L_MergedGlobals)
    CH2_enable                               0x24000012   Data           1  osc.o(.data..L_MergedGlobals)
    xy_enable                                0x24000013   Data           1  osc.o(.data..L_MergedGlobals)
    fft_enable                               0x24000014   Data           1  osc.o(.data..L_MergedGlobals)
    Channel                                  0x24000015   Data           1  osc.o(.data..L_MergedGlobals)
    Trigger_state                            0x24000016   Data           1  osc.o(.data..L_MergedGlobals)
    Trigger_ANS                              0x24000017   Data           1  osc.o(.data..L_MergedGlobals)
    Trigger_flag                             0x24000018   Data           1  osc.o(.data..L_MergedGlobals)
    parament_flag                            0x24000019   Data           1  osc.o(.data..L_MergedGlobals)
    cursor_switch                            0x2400001a   Data           1  osc.o(.data..L_MergedGlobals)
    cursor_mode                              0x2400001b   Data           1  osc.o(.data..L_MergedGlobals)
    single_flag                              0x2400001c   Data           1  osc.o(.data..L_MergedGlobals)
    CH1_status                               0x2400001d   Data           1  osc.o(.data..L_MergedGlobals)
    single_flag_1                            0x2400001e   Data           1  osc.o(.data..L_MergedGlobals)
    CH2_status                               0x2400001f   Data           1  osc.o(.data..L_MergedGlobals)
    single_flag_2                            0x24000020   Data           1  osc.o(.data..L_MergedGlobals)
    TriggerPoint                             0x24000022   Data           2  osc.o(.data..L_MergedGlobals)
    Trigger_set_offset_ch1                   0x24000024   Data           2  osc.o(.data..L_MergedGlobals)
    Trigger_set_offset_ch2                   0x24000026   Data           2  osc.o(.data..L_MergedGlobals)
    x1                                       0x24000028   Data           2  osc.o(.data..L_MergedGlobals)
    x2                                       0x2400002a   Data           2  osc.o(.data..L_MergedGlobals)
    y1                                       0x2400002c   Data           2  osc.o(.data..L_MergedGlobals)
    y2                                       0x2400002e   Data           2  osc.o(.data..L_MergedGlobals)
    offset                                   0x24000030   Data           2  osc.o(.data..L_MergedGlobals)
    offset_ch1                               0x24000032   Data           2  osc.o(.data..L_MergedGlobals)
    offset_ch2                               0x24000034   Data           2  osc.o(.data..L_MergedGlobals)
    i                                        0x24000036   Data           2  osc.o(.data..L_MergedGlobals)
    j                                        0x24000038   Data           2  osc.o(.data..L_MergedGlobals)
    ZeroPoint1                               0x2400003a   Data           2  osc.o(.data..L_MergedGlobals)
    ZeroPoint2                               0x2400003c   Data           2  osc.o(.data..L_MergedGlobals)
    del_zero_ch1                             0x24000040   Data           4  osc.o(.data..L_MergedGlobals)
    del_zero_ch2                             0x24000044   Data           4  osc.o(.data..L_MergedGlobals)
    del_k_ch1                                0x24000048   Data           4  osc.o(.data..L_MergedGlobals)
    del_k_ch2                                0x2400004c   Data           4  osc.o(.data..L_MergedGlobals)
    temp0                                    0x24000050   Data           4  osc.o(.data..L_MergedGlobals)
    temp                                     0x24000054   Data           4  osc.o(.data..L_MergedGlobals)
    ch1_voltage_max                          0x24000058   Data           4  osc.o(.data..L_MergedGlobals)
    ch1_voltage_min                          0x2400005c   Data           4  osc.o(.data..L_MergedGlobals)
    ch2_voltage_max                          0x24000060   Data           4  osc.o(.data..L_MergedGlobals)
    ch2_voltage_min                          0x24000064   Data           4  osc.o(.data..L_MergedGlobals)
    Vpp1_sum                                 0x24000068   Data           4  osc.o(.data..L_MergedGlobals)
    Vpp2_sum                                 0x2400006c   Data           4  osc.o(.data..L_MergedGlobals)
    temp_int                                 0x24000070   Data           4  osc.o(.data..L_MergedGlobals)
    tim3_counter                             0x24000074   Data           4  osc.o(.data..L_MergedGlobals)
    tim3_counter_1                           0x24000078   Data           4  osc.o(.data..L_MergedGlobals)
    flag                                     0x2400007c   Data           4  osc.o(.data..L_MergedGlobals)
    current_offset                           0x24000080   Data           8  osc.o(.data..L_MergedGlobals)
    temp_d                                   0x24000088   Data           8  osc.o(.data..L_MergedGlobals)
    size                                     0x24000090   Data           4  fft.o(.data..L_MergedGlobals)
    W                                        0x24000094   Data           4  fft.o(.data..L_MergedGlobals)
    PI                                       0x24000098   Data           8  fft.o(.data..L_MergedGlobals)
    uwTickFreq                               0x240000a0   Data           1  stm32h7xx_hal.o(.data..L_MergedGlobals)
    uwTickPrio                               0x240000a4   Data           4  stm32h7xx_hal.o(.data..L_MergedGlobals)
    uwTick                                   0x240000a8   Data           4  stm32h7xx_hal.o(.data..L_MergedGlobals)
    SystemCoreClock                          0x240000ac   Data           4  system_stm32h7xx.o(.data..L_MergedGlobals)
    SystemD2Clock                            0x240000b0   Data           4  system_stm32h7xx.o(.data..L_MergedGlobals)
    Flash_WData                              0x240000b4   Data          32  flash.o(.data.Flash_WData)
    Flash_WData_1                            0x240000d4   Data          32  flash.o(.data.Flash_WData_1)
    Ouhe                                     0x240000f4   Data           1  osc.o(.data.Ouhe)
    Ouhe1                                    0x240000f5   Data           1  osc.o(.data.Ouhe1)
    calibo_ch                                0x240000f6   Data           1  osc.o(.data.calibo_ch)
    calibo_step_k                            0x240000f8   Data           4  osc.o(.data.calibo_step_k)
    calibo_step_zero                         0x240000fc   Data           4  osc.o(.data.calibo_step_zero)
    freq_table                               0x24000100   Data          84  measure.o(.data.freq_table)
    menu_status                              0x24000154   Data           1  osc.o(.data.menu_status)
    step                                     0x24000156   Data           2  osc.o(.data.step)
    time_per_grid                            0x24000158   Data           1  osc.o(.data.time_per_grid)
    time_table                               0x2400015c   Data          84  measure.o(.data.time_table)
    voltage_per_grid                         0x240001b0   Data           1  osc.o(.data.voltage_per_grid)
    voltage_per_grid_1                       0x240001b1   Data           1  osc.o(.data.voltage_per_grid_1)
    voltage_table                            0x240001b2   Data          20  measure.o(.data.voltage_table)
    Last_filter                              0x240001d0   Data           8  filter.o(.bss..L_MergedGlobals)
    DB_filter                                0x240001d8   Data           8  filter.o(.bss..L_MergedGlobals)
    hdma_adc1                                0x240001e0   Data         120  adc.o(.bss..L_MergedGlobals)
    hdma_tim1_ch2                            0x24000260   Data         120  tim.o(.bss..L_MergedGlobals)
    hdma_usart1_rx                           0x240002e0   Data         120  usart.o(.bss..L_MergedGlobals)
    KeyState                                 0x24000358   Data           1  button.o(.bss..L_MergedGlobals)
    g_Key                                    0x24000359   Data           1  button.o(.bss..L_MergedGlobals)
    g_KeyActionFlag                          0x2400035a   Data           1  button.o(.bss..L_MergedGlobals)
    long_counter                             0x2400035c   Data           2  button.o(.bss..L_MergedGlobals)
    hdma_adc2                                0x24000360   Data         120  adc.o(.bss..L_MergedGlobals.1)
    hdma_tim1_ch4                            0x240003e0   Data         120  tim.o(.bss..L_MergedGlobals.1)
    hdma_usart1_tx                           0x24000460   Data         120  usart.o(.bss..L_MergedGlobals.1)
    RxData                                   0x240004e0   Data          10  osc.o(.bss..L_MergedGlobals.118)
    hdma_tim1_ch3                            0x24000500   Data         120  tim.o(.bss..L_MergedGlobals.2)
    hdma_tim2_ch1                            0x24000580   Data         120  tim.o(.bss..L_MergedGlobals.3)
    hdma_tim2_up                             0x24000600   Data         120  tim.o(.bss..L_MergedGlobals.4)
    ADC_Value                                0x24000678   Data         400  osc.o(.bss.ADC_Value)
    ADC_flag                                 0x24000808   Data           4  osc.o(.bss.ADC_flag)
    FFT                                      0x2400080c   Data        4096  fft.o(.bss.FFT)
    HTJ                                      0x24001810   Data        1600  osc.o(.bss.HTJ)
    LCDY                                     0x24001e50   Data        1600  osc.o(.bss.LCDY)
    SPFD                                     0x24002490   Data        1600  osc.o(.bss.SPFD)
    ad1                                      0x24002ad0   Data       80000  osc.o(.bss.ad1)
    ad2                                      0x24016350   Data       80000  osc.o(.bss.ad2)
    caliboration_mode                        0x24029bd0   Data           1  osc.o(.bss.caliboration_mode)
    current_calibo_state                     0x24029bd1   Data           1  osc.o(.bss.current_calibo_state)
    cursor_num                               0x24029bd2   Data           1  osc.o(.bss.cursor_num)
    cursor_status                            0x24029bd3   Data           1  osc.o(.bss.cursor_status)
    dmatxflag                                0x24029bd4   Data           4  osc.o(.bss.dmatxflag)
    hadc1                                    0x24029bd8   Data         100  adc.o(.bss.hadc1)
    hadc2                                    0x24029c3c   Data         100  adc.o(.bss.hadc2)
    hdac1                                    0x24029ca0   Data          20  dac.o(.bss.hdac1)
    hdma_bdma_generator0                     0x24029cb4   Data         120  bdma.o(.bss.hdma_bdma_generator0)
    htim1                                    0x24029d2c   Data          76  tim.o(.bss.htim1)
    htim12                                   0x24029d78   Data          76  tim.o(.bss.htim12)
    htim2                                    0x24029dc4   Data          76  tim.o(.bss.htim2)
    htim3                                    0x24029e10   Data          76  tim.o(.bss.htim3)
    htim4                                    0x24029e5c   Data          76  tim.o(.bss.htim4)
    htim5                                    0x24029ea8   Data          76  tim.o(.bss.htim5)
    huart1                                   0x24029ef4   Data         148  usart.o(.bss.huart1)
    huart4                                   0x24029f88   Data         148  usart.o(.bss.huart4)
    mem2                                     0x2402a01c   Data       80000  osc.o(.bss.mem2)
    menu2_status                             0x2403d89c   Data           1  osc.o(.bss.menu2_status)
    pFlash                                   0x2403d8a0   Data          28  stm32h7xx_hal_flash.o(.bss.pFlash)
    tim1ch2flag                              0x2403d8c0   Data           4  osc.o(.bss.tim1ch2flag)
    tim1ch3flag                              0x2403d8c4   Data           4  osc.o(.bss.tim1ch3flag)
    tim1ch4flag                              0x2403d8c8   Data           4  osc.o(.bss.tim1ch4flag)
    x                                        0x2403d8d0   Data       16384  fft.o(.bss.x)
    __heap_base                              0x240418d0   Data           0  startup_stm32h750xx.o(HEAP)
    __heap_limit                             0x24041ad0   Data           0  startup_stm32h750xx.o(HEAP)
    __initial_sp                             0x24041ed0   Data           0  startup_stm32h750xx.o(STACK)



==============================================================================

Memory Map of the image

  Image Entry point : 0x08000299

  Load Region LR_IROM1 (Base: 0x08000000, Size: 0x000122e0, Max: 0x00018000, ABSOLUTE, COMPRESSED[0x000121e0])

    Execution Region ER_IROM1 (Exec base: 0x08000000, Load base: 0x08000000, Size: 0x0001210c, Max: 0x00018000, ABSOLUTE)

    Exec Addr    Load Addr    Size         Type   Attr      Idx    E Section Name        Object

    0x08000000   0x08000000   0x00000298   Data   RO            3    RESET               startup_stm32h750xx.o
    0x08000298   0x08000298   0x00000000   Code   RO         2290  * .ARM.Collect$$$$00000000  mc_w.l(entry.o)
    0x08000298   0x08000298   0x00000004   Code   RO         2619    .ARM.Collect$$$$00000001  mc_w.l(entry2.o)
    0x0800029c   0x0800029c   0x00000004   Code   RO         2622    .ARM.Collect$$$$00000004  mc_w.l(entry5.o)
    0x080002a0   0x080002a0   0x00000000   Code   RO         2624    .ARM.Collect$$$$00000008  mc_w.l(entry7b.o)
    0x080002a0   0x080002a0   0x00000000   Code   RO         2626    .ARM.Collect$$$$0000000A  mc_w.l(entry8b.o)
    0x080002a0   0x080002a0   0x00000008   Code   RO         2627    .ARM.Collect$$$$0000000B  mc_w.l(entry9a.o)
    0x080002a8   0x080002a8   0x00000000   Code   RO         2629    .ARM.Collect$$$$0000000D  mc_w.l(entry10a.o)
    0x080002a8   0x080002a8   0x00000000   Code   RO         2631    .ARM.Collect$$$$0000000F  mc_w.l(entry11a.o)
    0x080002a8   0x080002a8   0x00000004   Code   RO         2620    .ARM.Collect$$$$00002712  mc_w.l(entry2.o)
    0x080002ac   0x080002ac   0x00000024   Code   RO            4    .text               startup_stm32h750xx.o
    0x080002d0   0x080002d0   0x00000062   Code   RO         2295    .text               mc_w.l(uldiv.o)
    0x08000332   0x08000332   0x00000024   Code   RO         2297    .text               mc_w.l(memseta.o)
    0x08000356   0x08000356   0x0000002c   Code   RO         2634    .text               mc_w.l(uidiv.o)
    0x08000382   0x08000382   0x0000001e   Code   RO         2636    .text               mc_w.l(llshl.o)
    0x080003a0   0x080003a0   0x00000020   Code   RO         2638    .text               mc_w.l(llushr.o)
    0x080003c0   0x080003c0   0x00000000   Code   RO         2653    .text               mc_w.l(iusefp.o)
    0x080003c0   0x080003c0   0x0000014e   Code   RO         2654    .text               mf_w.l(dadd.o)
    0x0800050e   0x0800050e   0x000000e4   Code   RO         2656    .text               mf_w.l(dmul.o)
    0x080005f2   0x080005f2   0x000000de   Code   RO         2658    .text               mf_w.l(ddiv.o)
    0x080006d0   0x080006d0   0x00000030   Code   RO         2660    .text               mf_w.l(dfixul.o)
    0x08000700   0x08000700   0x00000030   Code   RO         2662    .text               mf_w.l(cdrcmple.o)
    0x08000730   0x08000730   0x00000024   Code   RO         2672    .text               mc_w.l(init.o)
    0x08000754   0x08000754   0x00000024   Code   RO         2674    .text               mc_w.l(llsshr.o)
    0x08000778   0x08000778   0x000000ba   Code   RO         2676    .text               mf_w.l(depilogue.o)
    0x08000832   0x08000832   0x00000056   Code   RO         2686    .text               mc_w.l(__dczerorl2.o)
    0x08000888   0x08000888   0x00000078   Code   RO           25    .text.ADC_8CH       osc.o
    0x08000900   0x08000900   0x00000108   Code   RO          566    .text.ADC_ConfigureBoostMode  stm32h7xx_hal_adc.o
    0x08000a08   0x08000a08   0x00000064   Code   RO          592    .text.ADC_DMAConvCplt  stm32h7xx_hal_adc.o
    0x08000a6c   0x08000a6c   0x00000016   Code   RO          596    .text.ADC_DMAError  stm32h7xx_hal_adc.o
    0x08000a82   0x08000a82   0x00000006   Code   RO          594    .text.ADC_DMAHalfConvCplt  stm32h7xx_hal_adc.o
    0x08000a88   0x08000a88   0x00000070   Code   RO          572    .text.ADC_Disable   stm32h7xx_hal_adc.o
    0x08000af8   0x08000af8   0x000000b4   Code   RO          578    .text.ADC_Enable    stm32h7xx_hal_adc.o
    0x08000bac   0x08000bac   0x00000002   Code   RO          429    .text.BusFault_Handler  stm32h7xx_it.o
    0x08000bae   0x08000bae   0x00000002   PAD
    0x08000bb0   0x08000bb0   0x0000000c   Code   RO          449    .text.DMA1_Stream0_IRQHandler  stm32h7xx_it.o
    0x08000bbc   0x08000bbc   0x00000018   Code   RO          451    .text.DMA1_Stream2_IRQHandler  stm32h7xx_it.o
    0x08000bd4   0x08000bd4   0x00000018   Code   RO          453    .text.DMA1_Stream3_IRQHandler  stm32h7xx_it.o
    0x08000bec   0x08000bec   0x00000018   Code   RO          455    .text.DMA1_Stream4_IRQHandler  stm32h7xx_it.o
    0x08000c04   0x08000c04   0x0000000c   Code   RO          457    .text.DMA1_Stream5_IRQHandler  stm32h7xx_it.o
    0x08000c10   0x08000c10   0x00000018   Code   RO          459    .text.DMA1_Stream6_IRQHandler  stm32h7xx_it.o
    0x08000c28   0x08000c28   0x00000030   Code   RO          475    .text.DMA2_Stream0_IRQHandler  stm32h7xx_it.o
    0x08000c58   0x08000c58   0x00000018   Code   RO          477    .text.DMA2_Stream2_IRQHandler  stm32h7xx_it.o
    0x08000c70   0x08000c70   0x0000000c   Code   RO          479    .text.DMA2_Stream4_IRQHandler  stm32h7xx_it.o
    0x08000c7c   0x08000c7c   0x000000e0   Code   RO          945    .text.DMA_CalcBaseAndBitshift  stm32h7xx_hal_dma.o
    0x08000d5c   0x08000d5c   0x0000008c   Code   RO          947    .text.DMA_CalcDMAMUXChannelBaseAndMask  stm32h7xx_hal_dma.o
    0x08000de8   0x08000de8   0x00000084   Code   RO          949    .text.DMA_CalcDMAMUXRequestGenBaseAndMask  stm32h7xx_hal_dma.o
    0x08000e6c   0x08000e6c   0x000001e8   Code   RO          955    .text.DMA_SetConfig  stm32h7xx_hal_dma.o
    0x08001054   0x08001054   0x00000002   Code   RO          435    .text.DebugMon_Handler  stm32h7xx_it.o
    0x08001056   0x08001056   0x00000002   PAD
    0x08001058   0x08001058   0x00000030   Code   RO          467    .text.EXTI15_10_IRQHandler  stm32h7xx_it.o
    0x08001088   0x08001088   0x00000006   Code   RO          441    .text.EXTI1_IRQHandler  stm32h7xx_it.o
    0x0800108e   0x0800108e   0x00000006   Code   RO          443    .text.EXTI2_IRQHandler  stm32h7xx_it.o
    0x08001094   0x08001094   0x00000006   Code   RO          445    .text.EXTI3_IRQHandler  stm32h7xx_it.o
    0x0800109a   0x0800109a   0x00000006   Code   RO          447    .text.EXTI4_IRQHandler  stm32h7xx_it.o
    0x080010a0   0x080010a0   0x00000028   Code   RO          461    .text.EXTI9_5_IRQHandler  stm32h7xx_it.o
    0x080010c8   0x080010c8   0x00000008   Code   RO          263    .text.Error_Handler  main.o
    0x080010d0   0x080010d0   0x0000007c   Code   RO          174    .text.FFT_display   fft.o
    0x0800114c   0x0800114c   0x00000068   Code   RO          816    .text.FLASH_WaitForLastOperation  stm32h7xx_hal_flash.o
    0x080011b4   0x080011b4   0x00000018   Code   RO          192    .text.Filter_Init   filter.o
    0x080011cc   0x080011cc   0x00000098   Code   RO          633    .text.HAL_ADCEx_Calibration_Start  stm32h7xx_hal_adc_ex.o
    0x08001264   0x08001264   0x000000c4   Code   RO          687    .text.HAL_ADCEx_MultiModeConfigChannel  stm32h7xx_hal_adc_ex.o
    0x08001328   0x08001328   0x00000304   Code   RO          612    .text.HAL_ADC_ConfigChannel  stm32h7xx_hal_adc.o
    0x0800162c   0x0800162c   0x00000002   Code   RO          604    .text.HAL_ADC_ConvCpltCallback  stm32h7xx_hal_adc.o
    0x0800162e   0x0800162e   0x00000002   Code   RO          610    .text.HAL_ADC_ConvHalfCpltCallback  stm32h7xx_hal_adc.o
    0x08001630   0x08001630   0x00000002   Code   RO          608    .text.HAL_ADC_ErrorCallback  stm32h7xx_hal_adc.o
    0x08001632   0x08001632   0x00000004   Code   RO          618    .text.HAL_ADC_GetState  stm32h7xx_hal_adc.o
    0x08001636   0x08001636   0x00000006   Code   RO          600    .text.HAL_ADC_GetValue  stm32h7xx_hal_adc.o
    0x0800163c   0x0800163c   0x000001f8   Code   RO          562    .text.HAL_ADC_Init  stm32h7xx_hal_adc.o
    0x08001834   0x08001834   0x000001a0   Code   RO          295    .text.HAL_ADC_MspInit  adc.o
    0x080019d4   0x080019d4   0x0000011c   Code   RO          582    .text.HAL_ADC_PollForConversion  stm32h7xx_hal_adc.o
    0x08001af0   0x08001af0   0x000000ec   Code   RO          576    .text.HAL_ADC_Start  stm32h7xx_hal_adc.o
    0x08001bdc   0x08001bdc   0x00000108   Code   RO          590    .text.HAL_ADC_Start_DMA  stm32h7xx_hal_adc.o
    0x08001ce4   0x08001ce4   0x00000002   Code   RO         1659    .text.HAL_DACEx_DMAUnderrunCallbackCh2  stm32h7xx_hal_dac_ex.o
    0x08001ce6   0x08001ce6   0x00000002   PAD
    0x08001ce8   0x08001ce8   0x00000150   Code   RO         1616    .text.HAL_DAC_ConfigChannel  stm32h7xx_hal_dac.o
    0x08001e38   0x08001e38   0x00000002   Code   RO         1604    .text.HAL_DAC_DMAUnderrunCallbackCh1  stm32h7xx_hal_dac.o
    0x08001e3a   0x08001e3a   0x0000005e   Code   RO         1602    .text.HAL_DAC_IRQHandler  stm32h7xx_hal_dac.o
    0x08001e98   0x08001e98   0x00000026   Code   RO         1580    .text.HAL_DAC_Init  stm32h7xx_hal_dac.o
    0x08001ebe   0x08001ebe   0x00000002   PAD
    0x08001ec0   0x08001ec0   0x00000070   Code   RO          331    .text.HAL_DAC_MspInit  dac.o
    0x08001f30   0x08001f30   0x0000002e   Code   RO         1606    .text.HAL_DAC_SetValue  stm32h7xx_hal_dac.o
    0x08001f5e   0x08001f5e   0x0000006a   Code   RO         1588    .text.HAL_DAC_Start  stm32h7xx_hal_dac.o
    0x08001fc8   0x08001fc8   0x000002ec   Code   RO          959    .text.HAL_DMA_Abort  stm32h7xx_hal_dma.o
    0x080022b4   0x080022b4   0x000001d8   Code   RO          961    .text.HAL_DMA_Abort_IT  stm32h7xx_hal_dma.o
    0x0800248c   0x0800248c   0x0000057c   Code   RO          965    .text.HAL_DMA_IRQHandler  stm32h7xx_hal_dma.o
    0x08002a08   0x08002a08   0x000003fc   Code   RO          943    .text.HAL_DMA_Init  stm32h7xx_hal_dma.o
    0x08002e04   0x08002e04   0x00000260   Code   RO          957    .text.HAL_DMA_Start_IT  stm32h7xx_hal_dma.o
    0x08003064   0x08003064   0x00000014   Code   RO          828    .text.HAL_FLASH_Lock  stm32h7xx_hal_flash.o
    0x08003078   0x08003078   0x00000088   Code   RO          814    .text.HAL_FLASH_Program  stm32h7xx_hal_flash.o
    0x08003100   0x08003100   0x00000030   Code   RO          826    .text.HAL_FLASH_Unlock  stm32h7xx_hal_flash.o
    0x08003130   0x08003130   0x00000002   Code   RO          897    .text.HAL_GPIO_EXTI_Callback  stm32h7xx_hal_gpio.o
    0x08003132   0x08003132   0x00000002   PAD
    0x08003134   0x08003134   0x00000014   Code   RO          895    .text.HAL_GPIO_EXTI_IRQHandler  stm32h7xx_hal_gpio.o
    0x08003148   0x08003148   0x00000190   Code   RO          883    .text.HAL_GPIO_Init  stm32h7xx_hal_gpio.o
    0x080032d8   0x080032d8   0x0000000a   Code   RO          887    .text.HAL_GPIO_ReadPin  stm32h7xx_hal_gpio.o
    0x080032e2   0x080032e2   0x0000000a   Code   RO          889    .text.HAL_GPIO_WritePin  stm32h7xx_hal_gpio.o
    0x080032ec   0x080032ec   0x0000000c   Code   RO         1281    .text.HAL_GetREVID  stm32h7xx_hal.o
    0x080032f8   0x080032f8   0x00000008   Code   RO         1265    .text.HAL_GetTick   stm32h7xx_hal.o
    0x08003300   0x08003300   0x0000000c   Code   RO         1263    .text.HAL_IncTick   stm32h7xx_hal.o
    0x0800330c   0x0800330c   0x00000054   Code   RO         1253    .text.HAL_Init      stm32h7xx_hal.o
    0x08003360   0x08003360   0x00000048   Code   RO         1255    .text.HAL_InitTick  stm32h7xx_hal.o
    0x080033a8   0x080033a8   0x00000040   Code   RO          492    .text.HAL_MspInit   stm32h7xx_hal_msp.o
    0x080033e8   0x080033e8   0x0000001c   Code   RO         1204    .text.HAL_NVIC_EnableIRQ  stm32h7xx_hal_cortex.o
    0x08003404   0x08003404   0x00000058   Code   RO         1202    .text.HAL_NVIC_SetPriority  stm32h7xx_hal_cortex.o
    0x0800345c   0x0800345c   0x00000020   Code   RO         1200    .text.HAL_NVIC_SetPriorityGrouping  stm32h7xx_hal_cortex.o
    0x0800347c   0x0800347c   0x0000004c   Code   RO         1109    .text.HAL_PWREx_ConfigSupply  stm32h7xx_hal_pwr_ex.o
    0x080034c8   0x080034c8   0x00000024   Code   RO          763    .text.HAL_RCCEx_GetD3PCLK1Freq  stm32h7xx_hal_rcc_ex.o
    0x080034ec   0x080034ec   0x0000015c   Code   RO          757    .text.HAL_RCCEx_GetPLL1ClockFreq  stm32h7xx_hal_rcc_ex.o
    0x08003648   0x08003648   0x00000154   Code   RO          759    .text.HAL_RCCEx_GetPLL2ClockFreq  stm32h7xx_hal_rcc_ex.o
    0x0800379c   0x0800379c   0x00000154   Code   RO          761    .text.HAL_RCCEx_GetPLL3ClockFreq  stm32h7xx_hal_rcc_ex.o
    0x080038f0   0x080038f0   0x0000024c   Code   RO          755    .text.HAL_RCCEx_GetPeriphCLKFreq  stm32h7xx_hal_rcc_ex.o
    0x08003b3c   0x08003b3c   0x00000938   Code   RO          747    .text.HAL_RCCEx_PeriphCLKConfig  stm32h7xx_hal_rcc_ex.o
    0x08004474   0x08004474   0x0000021c   Code   RO          712    .text.HAL_RCC_ClockConfig  stm32h7xx_hal_rcc.o
    0x08004690   0x08004690   0x00000040   Code   RO          722    .text.HAL_RCC_GetHCLKFreq  stm32h7xx_hal_rcc.o
    0x080046d0   0x080046d0   0x0000001c   Code   RO          724    .text.HAL_RCC_GetPCLK1Freq  stm32h7xx_hal_rcc.o
    0x080046ec   0x080046ec   0x00000024   Code   RO          726    .text.HAL_RCC_GetPCLK2Freq  stm32h7xx_hal_rcc.o
    0x08004710   0x08004710   0x0000014c   Code   RO          714    .text.HAL_RCC_GetSysClockFreq  stm32h7xx_hal_rcc.o
    0x0800485c   0x0800485c   0x00000522   Code   RO          710    .text.HAL_RCC_OscConfig  stm32h7xx_hal_rcc.o
    0x08004d7e   0x08004d7e   0x00000002   PAD
    0x08004d80   0x08004d80   0x0000000c   Code   RO         1299    .text.HAL_SYSCFG_DisableVREFBUF  stm32h7xx_hal.o
    0x08004d8c   0x08004d8c   0x00000014   Code   RO         1293    .text.HAL_SYSCFG_VREFBUF_HighImpedanceConfig  stm32h7xx_hal.o
    0x08004da0   0x08004da0   0x00000028   Code   RO         1210    .text.HAL_SYSTICK_Config  stm32h7xx_hal_cortex.o
    0x08004dc8   0x08004dc8   0x00000002   Code   RO         2012    .text.HAL_TIMEx_Break2Callback  stm32h7xx_hal_tim_ex.o
    0x08004dca   0x08004dca   0x00000002   Code   RO         2010    .text.HAL_TIMEx_BreakCallback  stm32h7xx_hal_tim_ex.o
    0x08004dcc   0x08004dcc   0x00000002   Code   RO         2006    .text.HAL_TIMEx_CommutCallback  stm32h7xx_hal_tim_ex.o
    0x08004dce   0x08004dce   0x00000002   PAD
    0x08004dd0   0x08004dd0   0x00000090   Code   RO         1996    .text.HAL_TIMEx_ConfigBreakDeadTime  stm32h7xx_hal_tim_ex.o
    0x08004e60   0x08004e60   0x00000090   Code   RO         1994    .text.HAL_TIMEx_MasterConfigSynchronization  stm32h7xx_hal_tim_ex.o
    0x08004ef0   0x08004ef0   0x00000022   Code   RO         2000    .text.HAL_TIMEx_RemapConfig  stm32h7xx_hal_tim_ex.o
    0x08004f12   0x08004f12   0x00000060   Code   RO         1680    .text.HAL_TIM_Base_Init  stm32h7xx_hal_tim.o
    0x08004f72   0x08004f72   0x00000002   PAD
    0x08004f74   0x08004f74   0x00000248   Code   RO          374    .text.HAL_TIM_Base_MspInit  tim.o
    0x080051bc   0x080051bc   0x0000008c   Code   RO         1694    .text.HAL_TIM_Base_Start_IT  stm32h7xx_hal_tim.o
    0x08005248   0x08005248   0x00000124   Code   RO         1872    .text.HAL_TIM_ConfigClockSource  stm32h7xx_hal_tim.o
    0x0800536c   0x0800536c   0x00000002   Code   RO         1816    .text.HAL_TIM_IC_CaptureCallback  stm32h7xx_hal_tim.o
    0x0800536e   0x0800536e   0x00000002   PAD
    0x08005370   0x08005370   0x0000013c   Code   RO         1814    .text.HAL_TIM_IRQHandler  stm32h7xx_hal_tim.o
    0x080054ac   0x080054ac   0x00000078   Code   RO          362    .text.HAL_TIM_MspPostInit  tim.o
    0x08005524   0x08005524   0x00000002   Code   RO         1818    .text.HAL_TIM_OC_DelayElapsedCallback  stm32h7xx_hal_tim.o
    0x08005526   0x08005526   0x00000002   PAD
    0x08005528   0x08005528   0x000000bc   Code   RO         1846    .text.HAL_TIM_PWM_ConfigChannel  stm32h7xx_hal_tim.o
    0x080055e4   0x080055e4   0x00000060   Code   RO         1734    .text.HAL_TIM_PWM_Init  stm32h7xx_hal_tim.o
    0x08005644   0x08005644   0x00000002   Code   RO         1736    .text.HAL_TIM_PWM_MspInit  stm32h7xx_hal_tim.o
    0x08005646   0x08005646   0x00000002   Code   RO         1820    .text.HAL_TIM_PWM_PulseFinishedCallback  stm32h7xx_hal_tim.o
    0x08005648   0x08005648   0x00000134   Code   RO         1742    .text.HAL_TIM_PWM_Start  stm32h7xx_hal_tim.o
    0x0800577c   0x0800577c   0x000000d8   Code   RO         1744    .text.HAL_TIM_PWM_Stop  stm32h7xx_hal_tim.o
    0x08005854   0x08005854   0x000000d0   Code   RO           31    .text.HAL_TIM_PeriodElapsedCallback  osc.o
    0x08005924   0x08005924   0x00000002   Code   RO         1824    .text.HAL_TIM_TriggerCallback  stm32h7xx_hal_tim.o
    0x08005926   0x08005926   0x00000036   Code   RO         2199    .text.HAL_UARTEx_DisableFifoMode  stm32h7xx_hal_uart_ex.o
    0x0800595c   0x0800595c   0x00000002   Code   RO         2123    .text.HAL_UARTEx_RxEventCallback  stm32h7xx_hal_uart.o
    0x0800595e   0x0800595e   0x00000002   Code   RO         2183    .text.HAL_UARTEx_RxFifoFullCallback  stm32h7xx_hal_uart_ex.o
    0x08005960   0x08005960   0x0000004c   Code   RO         2203    .text.HAL_UARTEx_SetRxFifoThreshold  stm32h7xx_hal_uart_ex.o
    0x080059ac   0x080059ac   0x0000004c   Code   RO         2201    .text.HAL_UARTEx_SetTxFifoThreshold  stm32h7xx_hal_uart_ex.o
    0x080059f8   0x080059f8   0x00000002   Code   RO         2185    .text.HAL_UARTEx_TxFifoEmptyCallback  stm32h7xx_hal_uart_ex.o
    0x080059fa   0x080059fa   0x00000002   Code   RO         2181    .text.HAL_UARTEx_WakeupCallback  stm32h7xx_hal_uart_ex.o
    0x080059fc   0x080059fc   0x00000002   Code   RO         2121    .text.HAL_UART_ErrorCallback  stm32h7xx_hal_uart.o
    0x080059fe   0x080059fe   0x00000002   PAD
    0x08005a00   0x08005a00   0x000003d0   Code   RO         2117    .text.HAL_UART_IRQHandler  stm32h7xx_hal_uart.o
    0x08005dd0   0x08005dd0   0x00000064   Code   RO         2029    .text.HAL_UART_Init  stm32h7xx_hal_uart.o
    0x08005e34   0x08005e34   0x00000134   Code   RO          404    .text.HAL_UART_MspInit  usart.o
    0x08005f68   0x08005f68   0x00000054   Code   RO         2065    .text.HAL_UART_Receive_IT  stm32h7xx_hal_uart.o
    0x08005fbc   0x08005fbc   0x00000002   Code   RO         2129    .text.HAL_UART_RxCpltCallback  stm32h7xx_hal_uart.o
    0x08005fbe   0x08005fbe   0x00000002   Code   RO         2125    .text.HAL_UART_TxCpltCallback  stm32h7xx_hal_uart.o
    0x08005fc0   0x08005fc0   0x00000002   Code   RO          425    .text.HardFault_Handler  stm32h7xx_it.o
    0x08005fc2   0x08005fc2   0x00000002   PAD
    0x08005fc4   0x08005fc4   0x000001d4   Code   RO           15    .text.Init_Osc      osc.o
    0x08006198   0x08006198   0x000001e0   Code   RO          522    .text.Key_Scan      button.o
    0x08006378   0x08006378   0x00000020   Code   RO          614    .text.LL_ADC_SetChannelSamplingTime  stm32h7xx_hal_adc.o
    0x08006398   0x08006398   0x00000158   Code   RO          291    .text.MX_ADC1_Init  adc.o
    0x080064f0   0x080064f0   0x00000098   Code   RO          293    .text.MX_ADC2_Init  adc.o
    0x08006588   0x08006588   0x0000004c   Code   RO          315    .text.MX_BDMA_Init  bdma.o
    0x080065d4   0x080065d4   0x00000058   Code   RO          329    .text.MX_DAC1_Init  dac.o
    0x0800662c   0x0800662c   0x000000a4   Code   RO          347    .text.MX_DMA_Init   dma.o
    0x080066d0   0x080066d0   0x00000154   Code   RO          278    .text.MX_GPIO_Init  gpio.o
    0x08006824   0x08006824   0x0000011c   Code   RO          360    .text.MX_TIM1_Init  tim.o
    0x08006940   0x08006940   0x000000ac   Code   RO          364    .text.MX_TIM2_Init  tim.o
    0x080069ec   0x080069ec   0x0000006c   Code   RO          366    .text.MX_TIM3_Init  tim.o
    0x08006a58   0x08006a58   0x0000006c   Code   RO          368    .text.MX_TIM4_Init  tim.o
    0x08006ac4   0x08006ac4   0x0000006c   Code   RO          370    .text.MX_TIM5_Init  tim.o
    0x08006b30   0x08006b30   0x00000064   Code   RO          400    .text.MX_UART4_Init  usart.o
    0x08006b94   0x08006b94   0x00000064   Code   RO          402    .text.MX_USART1_UART_Init  usart.o
    0x08006bf8   0x08006bf8   0x00000002   Code   RO          427    .text.MemManage_Handler  stm32h7xx_it.o
    0x08006bfa   0x08006bfa   0x00000002   Code   RO          423    .text.NMI_Handler   stm32h7xx_it.o
    0x08006bfc   0x08006bfc   0x00000002   Code   RO          437    .text.PendSV_Handler  stm32h7xx_it.o
    0x08006bfe   0x08006bfe   0x00000002   PAD
    0x08006c00   0x08006c00   0x00000058   Code   RO          261    .text.PeriphCommonClock_Config  main.o
    0x08006c58   0x08006c58   0x0000010c   Code   RO          749    .text.RCCEx_PLL2_Config  stm32h7xx_hal_rcc_ex.o
    0x08006d64   0x08006d64   0x0000010c   Code   RO          751    .text.RCCEx_PLL3_Config  stm32h7xx_hal_rcc_ex.o
    0x08006e70   0x08006e70   0x00000054   Code   RO          543    .text.STMFLASH_OnlyWrite  flash.o
    0x08006ec4   0x08006ec4   0x00000002   Code   RO          433    .text.SVC_Handler   stm32h7xx_it.o
    0x08006ec6   0x08006ec6   0x00000004   Code   RO          439    .text.SysTick_Handler  stm32h7xx_it.o
    0x08006eca   0x08006eca   0x00000002   PAD
    0x08006ecc   0x08006ecc   0x000000bc   Code   RO          259    .text.SystemClock_Config  main.o
    0x08006f88   0x08006f88   0x000000b4   Code   RO         2224    .text.SystemInit    system_stm32h7xx.o
    0x0800703c   0x0800703c   0x0000000c   Code   RO          463    .text.TIM3_IRQHandler  stm32h7xx_it.o
    0x08007048   0x08007048   0x0000000c   Code   RO          471    .text.TIM5_IRQHandler  stm32h7xx_it.o
    0x08007054   0x08007054   0x0000000c   Code   RO          473    .text.TIM6_DAC_IRQHandler  stm32h7xx_it.o
    0x08007060   0x08007060   0x0000000c   Code   RO          469    .text.TIM8_BRK_TIM12_IRQHandler  stm32h7xx_it.o
    0x0800706c   0x0800706c   0x000000c4   Code   RO         1684    .text.TIM_Base_SetConfig  stm32h7xx_hal_tim.o
    0x08007130   0x08007130   0x00000090   Code   RO         1828    .text.TIM_OC1_SetConfig  stm32h7xx_hal_tim.o
    0x080071c0   0x080071c0   0x00000084   Code   RO         1830    .text.TIM_OC2_SetConfig  stm32h7xx_hal_tim.o
    0x08007244   0x08007244   0x00000088   Code   RO         1832    .text.TIM_OC3_SetConfig  stm32h7xx_hal_tim.o
    0x080072cc   0x080072cc   0x00000068   Code   RO         1834    .text.TIM_OC4_SetConfig  stm32h7xx_hal_tim.o
    0x08007334   0x08007334   0x0000006c   Code   RO         1836    .text.TIM_OC5_SetConfig  stm32h7xx_hal_tim.o
    0x080073a0   0x080073a0   0x0000007c   Code   RO         1838    .text.TIM_OC6_SetConfig  stm32h7xx_hal_tim.o
    0x0800741c   0x0800741c   0x00000022   Code   RO         1874    .text.TIM_TI1_ConfigInputStage  stm32h7xx_hal_tim.o
    0x0800743e   0x0800743e   0x00000024   Code   RO         1876    .text.TIM_TI2_ConfigInputStage  stm32h7xx_hal_tim.o
    0x08007462   0x08007462   0x00000002   PAD
    0x08007464   0x08007464   0x0000005c   Code   RO         2197    .text.UARTEx_SetNbDataToProcess  stm32h7xx_hal_uart_ex.o
    0x080074c0   0x080074c0   0x000000d4   Code   RO         2033    .text.UART_AdvFeatureConfig  stm32h7xx_hal_uart.o
    0x08007594   0x08007594   0x000000bc   Code   RO         2037    .text.UART_CheckIdleState  stm32h7xx_hal_uart.o
    0x08007650   0x08007650   0x00000010   Code   RO         2119    .text.UART_DMAAbortOnError  stm32h7xx_hal_uart.o
    0x08007660   0x08007660   0x00000050   Code   RO         2089    .text.UART_EndRxTransfer  stm32h7xx_hal_uart.o
    0x080076b0   0x080076b0   0x000000cc   Code   RO         2159    .text.UART_RxISR_16BIT  stm32h7xx_hal_uart.o
    0x0800777c   0x0800777c   0x000001bc   Code   RO         2155    .text.UART_RxISR_16BIT_FIFOEN  stm32h7xx_hal_uart.o
    0x08007938   0x08007938   0x000000d0   Code   RO         2161    .text.UART_RxISR_8BIT  stm32h7xx_hal_uart.o
    0x08007a08   0x08007a08   0x000001c4   Code   RO         2157    .text.UART_RxISR_8BIT_FIFOEN  stm32h7xx_hal_uart.o
    0x08007bcc   0x08007bcc   0x000003d8   Code   RO         2035    .text.UART_SetConfig  stm32h7xx_hal_uart.o
    0x08007fa4   0x08007fa4   0x0000012c   Code   RO         2067    .text.UART_Start_Receive_IT  stm32h7xx_hal_uart.o
    0x080080d0   0x080080d0   0x0000009e   Code   RO         2051    .text.UART_WaitOnFlagUntilTimeout  stm32h7xx_hal_uart.o
    0x0800816e   0x0800816e   0x00000002   PAD
    0x08008170   0x08008170   0x0000000c   Code   RO          465    .text.USART1_IRQHandler  stm32h7xx_it.o
    0x0800817c   0x0800817c   0x00000002   Code   RO          431    .text.UsageFault_Handler  stm32h7xx_it.o
    0x0800817e   0x0800817e   0x00000002   PAD
    0x08008180   0x08008180   0x00000058   Code   RO          200    .text.avg_Filter_int  filter.o
    0x080081d8   0x080081d8   0x000000b8   Code   RO          162    .text.change        fft.o
    0x08008290   0x08008290   0x000017d8   Code   RO          226    .text.confirm_button  menu.o
    0x08009a68   0x08009a68   0x00000020   Code   RO          110    .text.cursor_measure_voltage_V  measure.o
    0x08009a88   0x08009a88   0x00000020   Code   RO          114    .text.cursor_measure_voltage_V_fft  measure.o
    0x08009aa8   0x08009aa8   0x00000040   Code   RO          112    .text.cursor_measure_voltage_V_xy  measure.o
    0x08009ae8   0x08009ae8   0x00000058   Code   RO          234    .text.cursor_off    menu.o
    0x08009b40   0x08009b40   0x00000016   Code   RO          507    .text.delay_ms      delay.o
    0x08009b56   0x08009b56   0x00000002   PAD
    0x08009b58   0x08009b58   0x00000028   Code   RO          505    .text.delay_us      delay.o
    0x08009b80   0x08009b80   0x000001b4   Code   RO           27    .text.disp_signal   osc.o
    0x08009d34   0x08009d34   0x0000076c   Code   RO           21    .text.display_osc   osc.o
    0x0800a4a0   0x0800a4a0   0x000000b4   Code   RO          524    .text.do_key        button.o
    0x0800a554   0x0800a554   0x000000bc   Code   RO          176    .text.dofft         fft.o
    0x0800a610   0x0800a610   0x00000398   Code   RO          220    .text.down_button   menu.o
    0x0800a9a8   0x0800a9a8   0x000000e8   Code   RO          172    .text.fft           fft.o
    0x0800aa90   0x0800aa90   0x00000028   Code   RO          136    .text.find_max_ch1  measure.o
    0x0800aab8   0x0800aab8   0x00000028   Code   RO          140    .text.find_max_ch2  measure.o
    0x0800aae0   0x0800aae0   0x00000028   Code   RO          138    .text.find_min_ch1  measure.o
    0x0800ab08   0x0800ab08   0x00000028   Code   RO          142    .text.find_min_ch2  measure.o
    0x0800ab30   0x0800ab30   0x000000e4   Code   RO          124    .text.findzeropoint_ch1  measure.o
    0x0800ac14   0x0800ac14   0x000000f0   Code   RO          126    .text.findzeropoint_ch2  measure.o
    0x0800ad04   0x0800ad04   0x00000014   Code   RO          255    .text.fputc         main.o
    0x0800ad18   0x0800ad18   0x00001540   Code   RO          216    .text.left_button   menu.o
    0x0800c258   0x0800c258   0x000000a8   Code   RO          545    .text.load_calibo_data  flash.o
    0x0800c300   0x0800c300   0x0000001c   Code   RO          547    .text.load_current  flash.o
    0x0800c31c   0x0800c31c   0x00000004   PAD
    0x0800c320   0x0800c320   0x00000094   Code   RO          539    .text.load_writedata  flash.o
    0x0800c3b4   0x0800c3b4   0x00000004   PAD
    0x0800c3b8   0x0800c3b8   0x00000030   Code   RO          541    .text.load_writedata_1  flash.o
    0x0800c3e8   0x0800c3e8   0x0000006c   Code   RO          257    .text.main          main.o
    0x0800c454   0x0800c454   0x00000004   PAD
    0x0800c458   0x0800c458   0x00000040   Code   RO          130    .text.measure_cycletime_ms  measure.o
    0x0800c498   0x0800c498   0x00000040   Code   RO          128    .text.measure_cycletime_us  measure.o
    0x0800c4d8   0x0800c4d8   0x00000014   Code   RO          132    .text.measure_freq_Hz  measure.o
    0x0800c4ec   0x0800c4ec   0x00000004   PAD
    0x0800c4f0   0x0800c4f0   0x00000030   Code   RO          122    .text.measure_freq_Hz_fft  measure.o
    0x0800c520   0x0800c520   0x00000044   Code   RO          120    .text.measure_freq_KHz_fft  measure.o
    0x0800c564   0x0800c564   0x00000014   Code   RO          134    .text.measure_freq_kHz  measure.o
    0x0800c578   0x0800c578   0x00000048   Code   RO          118    .text.measure_time_ms  measure.o
    0x0800c5c0   0x0800c5c0   0x00000050   Code   RO          116    .text.measure_time_us  measure.o
    0x0800c610   0x0800c610   0x00000050   Code   RO          106    .text.measure_voltage_V  measure.o
    0x0800c660   0x0800c660   0x00000054   Code   RO          108    .text.measure_voltage_V_fft  measure.o
    0x0800c6b4   0x0800c6b4   0x00000004   PAD
    0x0800c6b8   0x0800c6b8   0x00000430   Code   RO          224    .text.menu2_button  menu.o
    0x0800cae8   0x0800cae8   0x00000060   Code   RO          238    .text.menu2_off     menu.o
    0x0800cb48   0x0800cb48   0x00000068   Code   RO          160    .text.output        fft.o
    0x0800cbb0   0x0800cbb0   0x00000e20   Code   RO           23    .text.renew_data    osc.o
    0x0800d9d0   0x0800d9d0   0x00000060   Code   RO          232    .text.renew_menu1   menu.o
    0x0800da30   0x0800da30   0x000002d4   Code   RO          228    .text.renew_menu2   menu.o
    0x0800dd04   0x0800dd04   0x000002e8   Code   RO          236    .text.renew_timeorfreq  menu.o
    0x0800dfec   0x0800dfec   0x00000004   PAD
    0x0800dff0   0x0800dff0   0x00001418   Code   RO          214    .text.right_button  menu.o
    0x0800f408   0x0800f408   0x00000060   Code   RO           17    .text.set_offset_ch1  osc.o
    0x0800f468   0x0800f468   0x00000068   Code   RO           19    .text.set_offset_ch2  osc.o
    0x0800f4d0   0x0800f4d0   0x000001b0   Code   RO          230    .text.switch_parament  menu.o
    0x0800f680   0x0800f680   0x00000084   Code   RO          164    .text.transform     fft.o
    0x0800f704   0x0800f704   0x00000330   Code   RO          218    .text.up_button     menu.o
    0x0800fa34   0x0800fa34   0x00000020   Code   RO         2532    i.__0printf         mc_w.l(printfa.o)
    0x0800fa54   0x0800fa54   0x00000030   Code   RO         2670    i.__ARM_fpclassify  m_wv.l(fpclassify.o)
    0x0800fa84   0x0800fa84   0x00000004   PAD
    0x0800fa88   0x0800fa88   0x000000b0   Code   RO         2240    i.__hardfp_cos      m_wv.l(cos.o)
    0x0800fb38   0x0800fb38   0x00000224   Code   RO         2252    i.__hardfp_log      m_wv.l(log.o)
    0x0800fd5c   0x0800fd5c   0x00000004   PAD
    0x0800fd60   0x0800fd60   0x000000b0   Code   RO         2266    i.__hardfp_sin      m_wv.l(sin.o)
    0x0800fe10   0x0800fe10   0x00000066   Code   RO         2278    i.__hardfp_sqrt     m_wv.l(sqrt.o)
    0x0800fe76   0x0800fe76   0x00000002   PAD
    0x0800fe78   0x0800fe78   0x00000308   Code   RO         2608    i.__ieee754_rem_pio2  m_wv.l(rred.o)
    0x08010180   0x08010180   0x000000c4   Code   RO         2588    i.__kernel_cos      m_wv.l(cos_i.o)
    0x08010244   0x08010244   0x00000070   Code   RO         2605    i.__kernel_poly     m_wv.l(poly.o)
    0x080102b4   0x080102b4   0x00000004   PAD
    0x080102b8   0x080102b8   0x000000a0   Code   RO         2613    i.__kernel_sin      m_wv.l(sin_i.o)
    0x08010358   0x08010358   0x00000018   Code   RO         2591    i.__mathlib_dbl_divzero  m_wv.l(dunder.o)
    0x08010370   0x08010370   0x00000006   Code   RO         2592    i.__mathlib_dbl_infnan  m_wv.l(dunder.o)
    0x08010376   0x08010376   0x00000002   PAD
    0x08010378   0x08010378   0x00000018   Code   RO         2594    i.__mathlib_dbl_invalid  m_wv.l(dunder.o)
    0x08010390   0x08010390   0x00000018   Code   RO         2597    i.__mathlib_dbl_underflow  m_wv.l(dunder.o)
    0x080103a8   0x080103a8   0x0000000e   Code   RO         2680    i.__scatterload_copy  mc_w.l(handlers.o)
    0x080103b6   0x080103b6   0x00000002   Code   RO         2681    i.__scatterload_null  mc_w.l(handlers.o)
    0x080103b8   0x080103b8   0x0000000e   Code   RO         2682    i.__scatterload_zeroinit  mc_w.l(handlers.o)
    0x080103c6   0x080103c6   0x00000002   PAD
    0x080103c8   0x080103c8   0x0000000c   Code   RO         2648    i.__set_errno       mc_w.l(errno.o)
    0x080103d4   0x080103d4   0x00000184   Code   RO         2539    i._fp_digits        mc_w.l(printfa.o)
    0x08010558   0x08010558   0x000006dc   Code   RO         2540    i._printf_core      mc_w.l(printfa.o)
    0x08010c34   0x08010c34   0x00000024   Code   RO         2541    i._printf_post_padding  mc_w.l(printfa.o)
    0x08010c58   0x08010c58   0x0000002e   Code   RO         2542    i._printf_pre_padding  mc_w.l(printfa.o)
    0x08010c86   0x08010c86   0x00000018   Code   RO         2666    i.fabs              m_wv.l(fabs.o)
    0x08010c9e   0x08010c9e   0x00000002   PAD
    0x08010ca0   0x08010ca0   0x0000006c   Code   RO         2561    i.malloc            mc_w.l(malloc.o)
    0x08010d0c   0x08010d0c   0x0000000c   Code   RO         2293    i.putchar           mc_w.l(putchar.o)
    0x08010d18   0x08010d18   0x00000038   Data   RO         2255    .constdata          m_wv.l(log.o)
    0x08010d50   0x08010d50   0x00000030   Data   RO         2589    .constdata          m_wv.l(cos_i.o)
    0x08010d80   0x08010d80   0x00000008   Data   RO         2607    .constdata          m_wv.l(qnan.o)
    0x08010d88   0x08010d88   0x000000c8   Data   RO         2610    .constdata          m_wv.l(rred.o)
    0x08010e50   0x08010e50   0x00000028   Data   RO         2614    .constdata          m_wv.l(sin_i.o)
    0x08010e78   0x08010e78   0x00000010   Data   RO         2228    .rodata.D1CorePrescTable  system_stm32h7xx.o
    0x08010e88   0x08010e88   0x00000018   Data   RO         2167    .rodata.UARTPrescTable  stm32h7xx_hal_uart.o
    0x08010ea0   0x08010ea0   0x00000685   Data   RO           56    .rodata.str1.1      osc.o
    0x08011525   0x08011525   0x00000bc4   Data   RO          242    .rodata.str1.1      menu.o
    0x080120e9   0x080120e9   0x00000003   PAD
    0x080120ec   0x080120ec   0x00000020   Data   RO         2678    Region$$Table       anon$$obj.o


    Execution Region RW_IRAM1 (Exec base: 0x20000000, Load base: 0x0801210c, Size: 0x00000000, Max: 0x00020000, ABSOLUTE)

    **** No section assigned to this execution region ****


    Execution Region RW_IRAM2 (Exec base: 0x24000000, Load base: 0x08012110, Size: 0x00041ed0, Max: 0x00080000, ABSOLUTE, COMPRESSED[0x000000d0])

    Exec Addr    Load Addr    Size         Type   Attr      Idx    E Section Name        Object

    0x24000000   COMPRESSED   0x00000004   Data   RW         2633    .data               mc_w.l(stdout.o)
    0x24000004   COMPRESSED   0x00000004   Data   RW         2644    .data               mc_w.l(mvars.o)
    0x24000008   COMPRESSED   0x00000004   Data   RW         2645    .data               mc_w.l(mvars.o)
    0x2400000c   COMPRESSED   0x00000004   Data   RW         2649    .data               mc_w.l(errno.o)
    0x24000010   COMPRESSED   0x00000080   Data   RW           84    .data..L_MergedGlobals  osc.o
    0x24000090   COMPRESSED   0x00000010   Data   RW          180    .data..L_MergedGlobals  fft.o
    0x240000a0   COMPRESSED   0x0000000c   Data   RW         1349    .data..L_MergedGlobals  stm32h7xx_hal.o
    0x240000ac   COMPRESSED   0x00000008   Data   RW         2229    .data..L_MergedGlobals  system_stm32h7xx.o
    0x240000b4   COMPRESSED   0x00000020   Data   RW          549    .data.Flash_WData   flash.o
    0x240000d4   COMPRESSED   0x00000020   Data   RW          550    .data.Flash_WData_1  flash.o
    0x240000f4   COMPRESSED   0x00000001   Data   RW           35    .data.Ouhe          osc.o
    0x240000f5   COMPRESSED   0x00000001   Data   RW           36    .data.Ouhe1         osc.o
    0x240000f6   COMPRESSED   0x00000001   Data   RW           44    .data.calibo_ch     osc.o
    0x240000f7   COMPRESSED   0x00000001   PAD
    0x240000f8   COMPRESSED   0x00000004   Data   RW           46    .data.calibo_step_k  osc.o
    0x240000fc   COMPRESSED   0x00000004   Data   RW           45    .data.calibo_step_zero  osc.o
    0x24000100   COMPRESSED   0x00000054   Data   RW          148    .data.freq_table    measure.o
    0x24000154   COMPRESSED   0x00000001   Data   RW           34    .data.menu_status   osc.o
    0x24000155   COMPRESSED   0x00000001   PAD
    0x24000156   COMPRESSED   0x00000002   Data   RW           50    .data.step          osc.o
    0x24000158   COMPRESSED   0x00000001   Data   RW           37    .data.time_per_grid  osc.o
    0x24000159   COMPRESSED   0x00000003   PAD
    0x2400015c   COMPRESSED   0x00000054   Data   RW          147    .data.time_table    measure.o
    0x240001b0   COMPRESSED   0x00000001   Data   RW           39    .data.voltage_per_grid  osc.o
    0x240001b1   COMPRESSED   0x00000001   Data   RW           38    .data.voltage_per_grid_1  osc.o
    0x240001b2   COMPRESSED   0x00000014   Data   RW          146    .data.voltage_table  measure.o
    0x240001c6   COMPRESSED   0x0000000a   PAD
    0x240001d0        -       0x00000010   Zero   RW          202    .bss..L_MergedGlobals  filter.o
    0x240001e0        -       0x00000078   Zero   RW          302    .bss..L_MergedGlobals  adc.o
    0x24000258   COMPRESSED   0x00000008   PAD
    0x24000260        -       0x00000078   Zero   RW          384    .bss..L_MergedGlobals  tim.o
    0x240002d8   COMPRESSED   0x00000008   PAD
    0x240002e0        -       0x00000078   Zero   RW          410    .bss..L_MergedGlobals  usart.o
    0x24000358        -       0x00000006   Zero   RW          526    .bss..L_MergedGlobals  button.o
    0x2400035e   COMPRESSED   0x00000002   PAD
    0x24000360        -       0x00000078   Zero   RW          303    .bss..L_MergedGlobals.1  adc.o
    0x240003d8   COMPRESSED   0x00000008   PAD
    0x240003e0        -       0x00000078   Zero   RW          385    .bss..L_MergedGlobals.1  tim.o
    0x24000458   COMPRESSED   0x00000008   PAD
    0x24000460        -       0x00000078   Zero   RW          411    .bss..L_MergedGlobals.1  usart.o
    0x240004d8        -       0x00000008   Zero   RW          527    .bss..L_MergedGlobals.1  button.o
    0x240004e0        -       0x0000000a   Zero   RW           85    .bss..L_MergedGlobals.118  osc.o
    0x240004ea   COMPRESSED   0x00000002   PAD
    0x240004ec        -       0x00000008   Zero   RW           86    .bss..L_MergedGlobals.119  osc.o
    0x240004f4   COMPRESSED   0x0000000c   PAD
    0x24000500        -       0x00000078   Zero   RW          386    .bss..L_MergedGlobals.2  tim.o
    0x24000578   COMPRESSED   0x00000008   PAD
    0x24000580        -       0x00000078   Zero   RW          387    .bss..L_MergedGlobals.3  tim.o
    0x240005f8   COMPRESSED   0x00000008   PAD
    0x24000600        -       0x00000078   Zero   RW          388    .bss..L_MergedGlobals.4  tim.o
    0x24000678        -       0x00000190   Zero   RW           52    .bss.ADC_Value      osc.o
    0x24000808        -       0x00000004   Zero   RW           61    .bss.ADC_flag       osc.o
    0x2400080c        -       0x00001000   Zero   RW          179    .bss.FFT            fft.o
    0x2400180c        -       0x00000004   Zero   RW          301    .bss.HAL_RCC_ADC12_CLK_ENABLED  adc.o
    0x24001810        -       0x00000640   Zero   RW           60    .bss.HTJ            osc.o
    0x24001e50        -       0x00000640   Zero   RW           58    .bss.LCDY           osc.o
    0x24002490        -       0x00000640   Zero   RW           59    .bss.SPFD           osc.o
    0x24002ad0        -       0x00013880   Zero   RW           54    .bss.ad1            osc.o
    0x24016350        -       0x00013880   Zero   RW           55    .bss.ad2            osc.o
    0x24029bd0        -       0x00000001   Zero   RW           43    .bss.caliboration_mode  osc.o
    0x24029bd1        -       0x00000001   Zero   RW           51    .bss.current_calibo_state  osc.o
    0x24029bd2        -       0x00000001   Zero   RW           49    .bss.cursor_num     osc.o
    0x24029bd3        -       0x00000001   Zero   RW           47    .bss.cursor_status  osc.o
    0x24029bd4        -       0x00000004   Zero   RW           73    .bss.dmatxflag      osc.o
    0x24029bd8        -       0x00000064   Zero   RW          299    .bss.hadc1          adc.o
    0x24029c3c        -       0x00000064   Zero   RW          300    .bss.hadc2          adc.o
    0x24029ca0        -       0x00000014   Zero   RW          335    .bss.hdac1          dac.o
    0x24029cb4        -       0x00000078   Zero   RW          317    .bss.hdma_bdma_generator0  bdma.o
    0x24029d2c        -       0x0000004c   Zero   RW          378    .bss.htim1          tim.o
    0x24029d78        -       0x0000004c   Zero   RW          383    .bss.htim12         tim.o
    0x24029dc4        -       0x0000004c   Zero   RW          379    .bss.htim2          tim.o
    0x24029e10        -       0x0000004c   Zero   RW          380    .bss.htim3          tim.o
    0x24029e5c        -       0x0000004c   Zero   RW          381    .bss.htim4          tim.o
    0x24029ea8        -       0x0000004c   Zero   RW          382    .bss.htim5          tim.o
    0x24029ef4        -       0x00000094   Zero   RW          409    .bss.huart1         usart.o
    0x24029f88        -       0x00000094   Zero   RW          408    .bss.huart4         usart.o
    0x2402a01c        -       0x00013880   Zero   RW           53    .bss.mem2           osc.o
    0x2403d89c        -       0x00000001   Zero   RW           40    .bss.menu2_status   osc.o
    0x2403d89d   COMPRESSED   0x00000003   PAD
    0x2403d8a0        -       0x0000001c   Zero   RW          842    .bss.pFlash         stm32h7xx_hal_flash.o
    0x2403d8bc        -       0x00000004   Zero   RW           57    .bss.renew_data.i   osc.o
    0x2403d8c0        -       0x00000004   Zero   RW           70    .bss.tim1ch2flag    osc.o
    0x2403d8c4        -       0x00000004   Zero   RW           71    .bss.tim1ch3flag    osc.o
    0x2403d8c8        -       0x00000004   Zero   RW           72    .bss.tim1ch4flag    osc.o
    0x2403d8cc   COMPRESSED   0x00000004   PAD
    0x2403d8d0        -       0x00004000   Zero   RW          178    .bss.x              fft.o
    0x240418d0        -       0x00000200   Zero   RW            2    HEAP                startup_stm32h750xx.o
    0x24041ad0        -       0x00000400   Zero   RW            1    STACK               startup_stm32h750xx.o


==============================================================================

Image component sizes


      Code (inc. data)   RO Data    RW Data    ZI Data      Debug   Object Name

       912         92          0          0        444       9367   adc.o
        76          8          0          0        120       4549   bdma.o
       660         38          0          0         14       2342   button.o
       200         20          0          0         20       9733   dac.o
        62          4          0          0          0       1246   delay.o
       164          4          0          0          0       5486   dma.o
       964        112          0         16      20480       3993   fft.o
       112         16          0          0         16       2305   filter.o
       476        104          0         64          0       2195   flash.o
       340         20          0          0          0       6478   gpio.o
       412         20          0          0          0       6253   main.o
      1356        196          0        188          0       6038   measure.o
     21676       4706       3012          0          0      12100   menu.o
      6948       1066       1669        145     245247      15240   osc.o
        36          8        664          0       1536        840   startup_stm32h750xx.o
       220         24          0         12          0      16044   stm32h7xx_hal.o
      2792        164          0          0          0      25630   stm32h7xx_hal_adc.o
       348         12          0          0          0      25820   stm32h7xx_hal_adc_ex.o
       188         24          0          0          0      12731   stm32h7xx_hal_cortex.o
       622          4          0          0          0       9294   stm32h7xx_hal_dac.o
         2          0          0          0          0       9144   stm32h7xx_hal_dac_ex.o
      5236        724          0          0          0      12405   stm32h7xx_hal_dma.o
       308         32          0          0         28       6776   stm32h7xx_hal_flash.o
       442         24          0          0          0       7180   stm32h7xx_hal_gpio.o
        64          4          0          0          0       2379   stm32h7xx_hal_msp.o
        76          4          0          0          0      11580   stm32h7xx_hal_pwr_ex.o
      2314         64          0          0          0      11419   stm32h7xx_hal_rcc.o
      4548        248          0          0          0      16941   stm32h7xx_hal_rcc_ex.o
      2676        168          0          0          0      48811   stm32h7xx_hal_tim.o
       328         12          0          0          0      22688   stm32h7xx_hal_tim_ex.o
      4414        274         24          0          0      33098   stm32h7xx_hal_uart.o
       304         16          0          0          0      10486   stm32h7xx_hal_uart_ex.o
       396         88          0          0          0       3864   stm32h7xx_it.o
       180         36         16          8          0       5983   system_stm32h7xx.o
      1484         80          0          0       1056      15321   tim.o
       508         44          0          0        536      11033   usart.o

    ----------------------------------------------------------------------
     61904       8484       5420        440     269576     406792   Object Totals
         0          0         32          0          0          0   (incl. Generated)
        60         24          3          7         79          0   (incl. Padding)

    ----------------------------------------------------------------------

      Code (inc. data)   RO Data    RW Data    ZI Data      Debug   Library Member Name

       176         18          0          0          0        156   cos.o
       196         14         48          0          0        176   cos_i.o
        78         38          0          0          0        464   dunder.o
        24          0          0          0          0        124   fabs.o
        48          0          0          0          0        124   fpclassify.o
       548         68         56          0          0        312   log.o
       112          0          0          0          0        116   poly.o
         0          0          8          0          0          0   qnan.o
       776        130        200          0          0        172   rred.o
       176         18          0          0          0        160   sin.o
       160         16         40          0          0        196   sin_i.o
       102          0          0          0          0        140   sqrt.o
        86          0          0          0          0          0   __dczerorl2.o
         0          0          0          0          0          0   entry.o
         0          0          0          0          0          0   entry10a.o
         0          0          0          0          0          0   entry11a.o
         8          4          0          0          0          0   entry2.o
         4          0          0          0          0          0   entry5.o
         0          0          0          0          0          0   entry7b.o
         0          0          0          0          0          0   entry8b.o
         8          4          0          0          0          0   entry9a.o
        12          6          0          4          0         68   errno.o
        30          0          0          0          0          0   handlers.o
        36          8          0          0          0         68   init.o
         0          0          0          0          0          0   iusefp.o
        30          0          0          0          0         68   llshl.o
        36          0          0          0          0         68   llsshr.o
        32          0          0          0          0         68   llushr.o
       108         16          0          0          0         84   malloc.o
        36          0          0          0          0        108   memseta.o
         0          0          0          8          0          0   mvars.o
      2258         90          0          0          0        452   printfa.o
        12          6          0          0          0         68   putchar.o
         0          0          0          4          0          0   stdout.o
        44          0          0          0          0         80   uidiv.o
        98          0          0          0          0         92   uldiv.o
        48          0          0          0          0         68   cdrcmple.o
       334          0          0          0          0        148   dadd.o
       222          0          0          0          0        100   ddiv.o
       186          0          0          0          0        176   depilogue.o
        48          0          0          0          0         68   dfixul.o
       228          0          0          0          0         96   dmul.o

    ----------------------------------------------------------------------
      6320        440        352         16          0       4020   Library Totals
        20          4          0          0          0          0   (incl. Padding)

    ----------------------------------------------------------------------

      Code (inc. data)   RO Data    RW Data    ZI Data      Debug   Library Name

      2396        302        352          0          0       2140   m_wv.l
      2838        134          0         16          0       1224   mc_w.l
      1066          0          0          0          0        656   mf_w.l

    ----------------------------------------------------------------------
      6320        440        352         16          0       4020   Library Totals

    ----------------------------------------------------------------------

==============================================================================


      Code (inc. data)   RO Data    RW Data    ZI Data      Debug   

     68224       8924       5772        456     269576     408316   Grand Totals
     68224       8924       5772        208     269576     408316   ELF Image Totals (compressed)
     68224       8924       5772        208          0          0   ROM Totals

==============================================================================

    Total RO  Size (Code + RO Data)                73996 (  72.26kB)
    Total RW  Size (RW Data + ZI Data)            270032 ( 263.70kB)
    Total ROM Size (Code + RO Data + RW Data)      74204 (  72.46kB)

==============================================================================

