<html>
<body>
<pre>
<h1>礦ision Build Log</h1>
<h2>Tool Versions:</h2>
IDE-Version: μVision V5.24.2.0
Copyright (C) 2017 ARM Ltd and ARM Germany GmbH. All rights reserved.
License Information: fan jiexin, xxx, LIC=65ISZ-JTLED-PC8J8-3FKQC-W8ZHA-DRFDR
 
Tool Versions:
Toolchain:       MDK-ARM Plus  Version: 5.24.1
Toolchain Path:  C:\Keil_v5\ARM\ARMCC\Bin
C Compiler:      Armcc.exe V5.06 update 5 (build 528)
Assembler:       Armasm.exe V5.06 update 5 (build 528)
Linker/Locator:  ArmLink.exe V5.06 update 5 (build 528)
Library Manager: ArmAr.exe V5.06 update 5 (build 528)
Hex Converter:   FromElf.exe V5.06 update 5 (build 528)
CPU DLL:         SARMCM3.DLL V5.24.1
Dialog DLL:      DCM.DLL V1.16.0.0
Target DLL:      STLink\ST-LINKIII-KEIL_SWO.dll V3.0.1.0
Dialog DLL:      TCM.DLL V1.32.0.0
 
<h2>Project:</h2>
C:\Users\chnxjang\Desktop\FD-MGS-A\主机\MDK-ARM\test1.uvprojx
Project File Date:  01/26/2026

<h2>Output:</h2>
*** Using Compiler 'V5.06 update 5 (build 528)', folder: 'C:\Keil_v5\ARM\ARMCC\Bin'
Build target 'test1'
assembling startup_stm32f103xb.s...
compiling dma.c...
compiling gpio.c...
compiling main.c...
compiling tim.c...
compiling stm32f1xx_it.c...
compiling usart.c...
../Core/Src/usart.c(400): warning:  #550-D: variable "data_received_page"  was set but never used
  static PAGE data_received_page = MAIN;
../Core/Src/usart.c: 1 warning, 0 errors
compiling stm32f1xx_hal_msp.c...
compiling stm32f1xx_hal_gpio_ex.c...
compiling stm32f1xx_hal.c...
compiling stm32f1xx_hal_rcc_ex.c...
compiling stm32f1xx_hal_rcc.c...
compiling stm32f1xx_hal_tim_ex.c...
compiling stm32f1xx_hal_gpio.c...
compiling stm32f1xx_hal_tim.c...
compiling stm32f1xx_hal_dma.c...
compiling stm32f1xx_hal_pwr.c...
compiling stm32f1xx_hal_exti.c...
compiling stm32f1xx_hal_flash_ex.c...
compiling stm32f1xx_hal_flash.c...
compiling stm32f1xx_hal_cortex.c...
compiling FILE_SYS.c...
..\Hardware\FILE_SYS.H(148): warning:  #1-D: last line of file ends without a newline
  #endif
..\Hardware\FILE_SYS.c(902): warning:  #1-D: last line of file ends without a newline
  #endif
..\Hardware\FILE_SYS.c: 2 warnings, 0 errors
compiling stm32f1xx_hal_uart.c...
compiling system_stm32f1xx.c...
compiling key.c...
..\Hardware\encoder.h(6): warning:  #1295-D: Deprecated declaration encoder_init - give arg types
  void encoder_init();
..\Hardware\encoder.h(7): warning:  #1295-D: Deprecated declaration get_encoder - give arg types
  void get_encoder();
..\Hardware\encoder.h(8): warning:  #1295-D: Deprecated declaration clockwise - give arg types
  void clockwise();
..\Hardware\encoder.h(9): warning:  #1295-D: Deprecated declaration counter_clockwise - give arg types
  void counter_clockwise();
..\Hardware\encoder.h(10): warning:  #1-D: last line of file ends without a newline
  #endif
..\Hardware\key.c: 5 warnings, 0 errors
compiling encoder.c...
..\Hardware\encoder.h(6): warning:  #1295-D: Deprecated declaration encoder_init - give arg types
  void encoder_init();
..\Hardware\encoder.h(7): warning:  #1295-D: Deprecated declaration get_encoder - give arg types
  void get_encoder();
..\Hardware\encoder.h(8): warning:  #1295-D: Deprecated declaration clockwise - give arg types
  void clockwise();
..\Hardware\encoder.h(9): warning:  #1295-D: Deprecated declaration counter_clockwise - give arg types
  void counter_clockwise();
..\Hardware\encoder.h(10): warning:  #1-D: last line of file ends without a newline
  #endif
..\Hardware\encoder.c: 5 warnings, 0 errors
compiling ch376.c...
..\Hardware\FILE_SYS.H(148): warning:  #1-D: last line of file ends without a newline
  #endif
..\Hardware\ch376.c(103): warning:  #111-D: statement is unreachable
  	return s;
..\Hardware\ch376.c(218): warning:  #225-D: the format string ends before this argument
  			printf("导出失败\xff\xff\xff", i+1);
..\Hardware\ch376.c: 3 warnings, 0 errors
compiling function.c...
..\Hardware\encoder.h(6): warning:  #1295-D: Deprecated declaration encoder_init - give arg types
  void encoder_init();
..\Hardware\encoder.h(7): warning:  #1295-D: Deprecated declaration get_encoder - give arg types
  void get_encoder();
..\Hardware\encoder.h(8): warning:  #1295-D: Deprecated declaration clockwise - give arg types
  void clockwise();
..\Hardware\encoder.h(9): warning:  #1295-D: Deprecated declaration counter_clockwise - give arg types
  void counter_clockwise();
..\Hardware\encoder.h(10): warning:  #1-D: last line of file ends without a newline
  #endif
..\Hardware\function.c: 5 warnings, 0 errors
compiling delay.c...
compiling menu.c...
..\Hardware\FILE_SYS.h(148): warning:  #1-D: last line of file ends without a newline
  #endif
..\Hardware\menu.c(1715): warning:  #550-D: variable "start_idx"  was set but never used
                                  int start_idx, end_idx;
..\Hardware\menu.c(1715): warning:  #550-D: variable "end_idx"  was set but never used
                                  int start_idx, end_idx;
..\Hardware\menu.c(2388): warning:  #550-D: variable "is_recalibrating"  was set but never used
                          int is_recalibrating = 0;
..\Hardware\menu.c(2716): warning:  #177-D: variable "old_zoom_level"  was declared but never referenced
                          int old_zoom_level = display_range.zoom_level;
..\Hardware\menu.c(2717): warning:  #177-D: variable "saved_start_pixel"  was declared but never referenced
                          int saved_start_pixel = display_range.current_values[0];  // 保存放大范围的起始像素
..\Hardware\menu.c(2718): warning:  #177-D: variable "saved_end_pixel"  was declared but never referenced
                          int saved_end_pixel = display_range.current_values[7];    // 保存放大范围的结束像素
..\Hardware\menu.c(2186): warning:  #546-D: transfer of control bypasses initialization of:
            variable "current_time_calib"  (declared at line 2647)
              switch(cursor_calibration1) {
              ^
..\Hardware\menu.c(2934): warning:  #550-D: variable "start_idx"  was set but never used
                                  int start_idx, end_idx;
..\Hardware\menu.c(2934): warning:  #550-D: variable "end_idx"  was set but never used
                                  int start_idx, end_idx;
..\Hardware\menu.c(3075): warning:  #177-D: variable "saved_start_pixel_query"  was declared but never referenced
                          int saved_start_pixel_query = display_range.current_values[0];  // 保存放大范围的起始像素
..\Hardware\menu.c(3076): warning:  #177-D: variable "saved_end_pixel_query"  was declared but never referenced
                          int saved_end_pixel_query = display_range.current_values[7];    // 保存放大范围的结束像素
..\Hardware\menu.c(2852): warning:  #546-D: transfer of control bypasses initialization of:
            variable "current_time_query"  (declared at line 3027)
              switch(cursor_spectrum) {
              ^
..\Hardware\menu.c: 13 warnings, 0 errors
linking...
Program Size: Code=45700 RO-data=1072 RW-data=200 ZI-data=15312  
FromELF: creating hex file...
After Build - User command #1: fromelf --bin -o "Lzhuji.bin" "C:\Users\chnxjang\Desktop\FD-MGS-A\主机\MDK-ARM\test1\zhuji.axf
".\test1\zhuji.axf" - 0 Error(s), 34 Warning(s).

<h2>Software Packages used:</h2>

Package Vendor: ARM
                http://www.keil.com/pack/ARM.CMSIS.5.6.0.pack
                ARM.CMSIS.5.6.0
                CMSIS (Cortex Microcontroller Software Interface Standard)
   * Component: CORE Version: 5.3.0

Package Vendor: Keil
                http://www.keil.com/pack/Keil.STM32F1xx_DFP.2.2.0.pack
                Keil.STM32F1xx_DFP.2.2.0
                STMicroelectronics STM32F1 Series Device Support, Drivers and Examples

<h2>Collection of Component include folders:</h2>
  .\RTE\_test1
  C:\Keil_v5\ARM\PACK\ARM\CMSIS\5.6.0\CMSIS\Core\Include
  C:\Keil_v5\ARM\PACK\Keil\STM32F1xx_DFP\2.2.0\Device\Include

<h2>Collection of Component Files used:</h2>

   * Component: ARM::CMSIS:CORE:5.3.0
Build Time Elapsed:  00:00:14
</pre>
</body>
</html>
