<html>
<body>
<pre>
<h1>礦ision Build Log</h1>
<h2>Tool Versions:</h2>
IDE-Version: μVision V5.42.0.0
Copyright (C) 2025 ARM Ltd and ARM Germany GmbH. All rights reserved.
License Information: 12 3448720956@qq.com, 12, LIC=47GU5-GPS8I-PC8J8-3SJJ4-CILFQ-2850Q
 
Tool Versions:
Toolchain:       MDK-ARM Plus  Version: 5.42.0.0
Toolchain Path:  C:\Progarm\MDK\Core\ARM\ARMCC\Bin
C Compiler:      Armcc.exe V5.06 update 6 (build 750)
Assembler:       Armasm.exe V5.06 update 6 (build 750)
Linker/Locator:  ArmLink.exe V5.06 update 6 (build 750)
Library Manager: ArmAr.exe V5.06 update 6 (build 750)
Hex Converter:   FromElf.exe V5.06 update 6 (build 750)
CPU DLL:         SARMCM3.DLL V5.42.0.0
Dialog DLL:      DCM.DLL V1.17.5.0
Target DLL:      STLink\ST-LINKIII-KEIL_SWO.dll V3.3.0.0
Dialog DLL:      TCM.DLL V1.56.6.0
 
<h2>Project:</h2>
D:\code\stm32\2\FD-MGS-A\main\MDK-ARM\test1.uvprojx
Project File Date:  01/09/2026

<h2>Output:</h2>
*** Using Compiler 'V5.06 update 6 (build 750)', folder: 'C:\Progarm\MDK\Core\ARM\ARMCC\Bin'
Build target 'test1'
compiling FILE_SYS.c...
..\Hardware\FILE_SYS.H(148): warning:  #1-D: last line of file ends without a newline
  #endif
..\Hardware\FILE_SYS.c(902): warning:  #1-D: last line of file ends without a newline
  #endif
..\Hardware\FILE_SYS.c: 2 warnings, 0 errors
compiling ch376.c...
..\Hardware\FILE_SYS.H(148): warning:  #1-D: last line of file ends without a newline
  #endif
..\Hardware\ch376.c(103): warning:  #111-D: statement is unreachable
  	return s;
..\Hardware\ch376.c(218): warning:  #225-D: the format string ends before this argument
  			printf("瀵煎嚭澶辫触\xff\xff\xff", i+1);
..\Hardware\ch376.c: 3 warnings, 0 errors
compiling function.c...
..\Hardware\encoder.h(6): warning:  #1295-D: Deprecated declaration encoder_init - give arg types
  void encoder_init();
..\Hardware\encoder.h(7): warning:  #1295-D: Deprecated declaration get_encoder - give arg types
  void get_encoder();
..\Hardware\encoder.h(8): warning:  #1295-D: Deprecated declaration clockwise - give arg types
  void clockwise();
..\Hardware\encoder.h(9): warning:  #1295-D: Deprecated declaration counter_clockwise - give arg types
  void counter_clockwise();
..\Hardware\encoder.h(10): warning:  #1-D: last line of file ends without a newline
  #endif
..\Hardware\function.c: 5 warnings, 0 errors
compiling menu.c...
..\Hardware\FILE_SYS.h(148): warning:  #1-D: last line of file ends without a newline
  #endif
..\Hardware\menu.c(1829): warning:  #550-D: variable "start_idx"  was set but never used
                                  int start_idx, end_idx;
..\Hardware\menu.c(1829): warning:  #550-D: variable "end_idx"  was set but never used
                                  int start_idx, end_idx;
..\Hardware\menu.c(2475): warning:  #550-D: variable "is_recalibrating"  was set but never used
                          int is_recalibrating = 0;
..\Hardware\menu.c(2803): warning:  #177-D: variable "old_zoom_level"  was declared but never referenced
                          int old_zoom_level = display_range.zoom_level;
..\Hardware\menu.c(2804): warning:  #177-D: variable "saved_start_pixel"  was declared but never referenced
                          int saved_start_pixel = display_range.current_values[0];  // 保存放大范围的起始像素
..\Hardware\menu.c(2805): warning:  #177-D: variable "saved_end_pixel"  was declared but never referenced
                          int saved_end_pixel = display_range.current_values[7];    // 保存放大范围的结束像素
..\Hardware\menu.c(2300): warning:  #546-D: transfer of control bypasses initialization of:
            variable "current_time_calib"  (declared at line 2734)
              switch(cursor_calibration1) {
              ^
..\Hardware\menu.c(3026): warning:  #550-D: variable "start_idx"  was set but never used
                                  int start_idx, end_idx;
..\Hardware\menu.c(3026): warning:  #550-D: variable "end_idx"  was set but never used
                                  int start_idx, end_idx;
..\Hardware\menu.c(3167): warning:  #177-D: variable "saved_start_pixel_query"  was declared but never referenced
                          int saved_start_pixel_query = display_range.current_values[0];  // 保存放大范围的起始像素
..\Hardware\menu.c(3168): warning:  #177-D: variable "saved_end_pixel_query"  was declared but never referenced
                          int saved_end_pixel_query = display_range.current_values[7];    // 保存放大范围的结束像素
..\Hardware\menu.c(2939): warning:  #546-D: transfer of control bypasses initialization of:
            variable "current_time_query"  (declared at line 3119)
              switch(cursor_spectrum) {
              ^
..\Hardware\menu.c: 13 warnings, 0 errors
linking...
Program Size: Code=46780 RO-data=4720 RW-data=200 ZI-data=15312  
FromELF: creating hex file...
"test1\test1.axf" - 0 Error(s), 23 Warning(s).

<h2>Software Packages used:</h2>

Package Vendor: ARM
                https://www.keil.com/pack/ARM.CMSIS.6.1.0.pack
                ARM::CMSIS@6.1.0
                CMSIS (Common Microcontroller Software Interface Standard)
   * Component: CORE Version: 6.1.0

Package Vendor: Keil
                http://www.keil.com/pack/Keil.STM32F1xx_DFP.2.3.0.pack
                Keil::STM32F1xx_DFP@2.3.0
                STMicroelectronics STM32F1 Series Device Support, Drivers and Examples

<h2>Collection of Component include folders:</h2>
  ./RTE/_test1
  C:/Progarm/MDK/Packs/ARM/CMSIS/6.1.0/CMSIS/Core/Include
  C:/Progarm/MDK/Packs/Keil/STM32F1xx_DFP/2.3.0/Device/Include

<h2>Collection of Component Files used:</h2>

   * Component: ARM::CMSIS:CORE@6.1.0
      Include file:  CMSIS/Core/Include/tz_context.h
Build Time Elapsed:  00:00:02
</pre>
</body>
</html>
