C51 COMPILER V9.54   KEY                                                                   05/08/2026 16:23:52 PAGE 1   


C51 COMPILER V9.54, COMPILATION OF MODULE KEY
OBJECT MODULE PLACED IN KEY.OBJ
COMPILER INVOKED BY: C:\Keil_v5\C51\BIN\C51.EXE KEY.c LARGE OPTIMIZE(8,SPEED) BROWSE INCDIR(..\project) DEBUG OBJECTEXTE
                    -ND TABS(2)

line level    source

   1          #include "key.h"
*** WARNING C258 IN LINE 20 OF DISPLCD.h: 'p': mspace on parameter ignored
   2          
   3          void (* keyUpSv)();
   4          void (* keyDownSv)();
   5          void (* keyFunSv)();
   6          void (* keyEntSv)();
   7          void keyAuto();     //10ms
   8          void keySvProc();
   9          void keyAutoEnd();
  10          void keySpeedUp();
  11          
  12          bit keyAutoEn,keyPt;
  13          unsigned char keyNum,keySN,keySp;
  14          unsigned char keyCode,keyAutoT;
  15          unsigned char bdata keyt;
  16          sbit PK4=keyt^4;
  17          sbit PK5=keyt^5;
  18          sbit PK6=keyt^6;
  19          sbit PK7=keyt^7;
  20          
  21          void keySvNull() {}
  22          
  23          void keyRst()
  24          {
  25   1        keyAutoEnd();
  26   1        keyUpSv=keySvNull;
  27   1        keyDownSv=keySvNull;
  28   1        keyFunSv=keySvNull;
  29   1        keyEntSv=keySvNull;
  30   1        keyNum=keyNumN;
  31   1        keySN=keySNN0;
  32   1        keyPt=0;
  33   1      }
  34          
  35          void keyProc()
  36          {
  37   1        keyt=0xff;
  38   1        PK4=PKUP;
  39   1        PK5=PKDN;
  40   1        PK6=PKET;
  41   1        PK7=PKFN;
  42   1        keyt = ~keyt;
  43   1        if (keyt)
  44   1          if(keyPt)
  45   1          {
  46   2            if(!keyAutoEn)
  47   2            {
  48   3              keySN--;
  49   3              if(!keySN)
  50   3              {
  51   4                keySN=keySNN1;
  52   4                keySpeedUp();
  53   4              }
C51 COMPILER V9.54   KEY                                                                   05/08/2026 16:23:52 PAGE 2   

  54   3            }
  55   2          }
  56   1          else
  57   1          {
  58   2            keyNum--;
  59   2            if(!keyNum)
  60   2            {
  61   3              keyPt=1;
  62   3              keyCode=keyt;
  63   3              keySvProc();
  64   3              dispFDProc=dispSvProc;
  65   3              dispFD();
  66   3            }
  67   2          }
  68   1      
  69   1        else
  70   1        {
  71   2          if(keyAutoEn)
  72   2          {
  73   3            keyAutoEnd();
  74   3            dispFDProc=dispSvProc;
  75   3            dispFD();
  76   3          }
  77   2          keyPt=0;                             
  78   2          keyNum=keyNumN;
  79   2          keySN=keySNN0;
  80   2        }
  81   1      
  82   1        if(keyAutoEn)
  83   1        {
  84   2          keyAuto();
  85   2        }
  86   1      }
  87          
  88          void keySvProc()
  89          {
  90   1        switch (keyCode)
  91   1        {
  92   2        case 0x10:
  93   2          (* keyUpSv)();
  94   2          break;
  95   2        case 0x20:
  96   2          (* keyDownSv)();
  97   2          break;
  98   2        case 0x40:
  99   2          (* keyEntSv)();
 100   2          break;
 101   2        case 0x80:
 102   2          (* keyFunSv)();
 103   2        }
 104   1      }
 105          
 106          void keyAuto()
 107          {
 108   1        switch (keySp)
 109   1        {
 110   2        case 1:
 111   2          keyAutoT--;
 112   2          if(!keyAutoT)
 113   2          {
 114   3            keyAutoT=keyAutoTN1;
 115   3            keySvProc();
C51 COMPILER V9.54   KEY                                                                   05/08/2026 16:23:52 PAGE 3   

 116   3            (* dispSvProc)();
 117   3            keySN--;
 118   3            if(!keySN)
 119   3            {
 120   4              keySN=keySNN2;
 121   4              keySpeedUp();
 122   4            }
 123   3          }
 124   2          break;
 125   2        case 2:
 126   2          keyAutoT--;
 127   2          if(!keyAutoT)
 128   2          {
 129   3            keyAutoT=keyAutoTN2;
 130   3            keySvProc();
 131   3            (* dispSvProc)();
 132   3            keySN--;
 133   3            if(!keySN)
 134   3            {
 135   4              keySN=keySNN3;
 136   4              keySpeedUp();
 137   4            }
 138   3          }
 139   2          break;
 140   2        case 3:
 141   2          keyAutoT--;
 142   2          if(!keyAutoT)
 143   2          {
 144   3            keyAutoT=keyAutoTN3;
 145   3            keySvProc();
 146   3            keySvProc();
 147   3            keySvProc();
 148   3            (* dispSvProc)();
 149   3            keySN--;
 150   3            if(!keySN)
 151   3              keySpeedUp();
 152   3          }
 153   2          break;
 154   2        case 4:
 155   2          for(keyAutoT=keyAutoTN4;keyAutoT>0;keyAutoT--)
 156   2            keySvProc();
 157   2          (* dispSvProc)();
 158   2        }
 159   1      }
 160          
 161          void keyAutoEnd()
 162          {
 163   1        keyAutoEn=0;
 164   1        keySp=0;
 165   1      }
 166          
 167          void keySpeedUp()
 168          {
 169   1        keyAutoEn=1;
 170   1        keySp++;
 171   1        if(keySp>4)
 172   1          keySp=4;
 173   1        switch (keySp)
 174   1        {
 175   2        case 1:
 176   2          keyAutoT=keyAutoTN1;
 177   2          break;
C51 COMPILER V9.54   KEY                                                                   05/08/2026 16:23:52 PAGE 4   

 178   2        case 2:
 179   2          keyAutoT=keyAutoTN2;
 180   2          break;
 181   2        case 3:
 182   2          keyAutoT=keyAutoTN3;
 183   2        }
 184   1      }
 185          


MODULE INFORMATION:   STATIC OVERLAYABLE
   CODE SIZE        =    515    ----
   CONSTANT SIZE    =   ----    ----
   XDATA SIZE       =     17    ----
   PDATA SIZE       =   ----    ----
   DATA SIZE        =      1    ----
   IDATA SIZE       =   ----    ----
   BIT SIZE         =      2    ----
END OF MODULE INFORMATION.


C51 COMPILATION COMPLETE.  1 WARNING(S),  0 ERROR(S)
