C51 COMPILER V9.54   MATHFUN                                                               05/08/2026 14:19:11 PAGE 1   


C51 COMPILER V9.54, COMPILATION OF MODULE MATHFUN
OBJECT MODULE PLACED IN MATHFUN.OBJ
COMPILER INVOKED BY: C:\Keil_v5\C51\BIN\C51.EXE MATHFUN.c LARGE OPTIMIZE(8,SPEED) BROWSE INCDIR(..\project) DEBUG OBJECT
                    -EXTEND TABS(2)

line level    source

   1          #include "MATHFUN.H"
   2          
   3          unsigned int intLinearX[INTLINEARN],intLinearY[INTLINEARN];
   4          
   5          void int2char(char * datap,unsigned int num,unsigned char dot,unsigned char ln)
   6          {
   7   1        bit dotx=0;
   8   1        if(dot)
   9   1          dotx=1;
  10   1        datap +=ln-1;
  11   1        if(!num)
  12   1        {
  13   2          *datap--='0';
  14   2          ln--;
  15   2          dot--;
  16   2        }
  17   1        while(num)
  18   1        {
  19   2          if(dotx)
  20   2          {
  21   3            if(dot--)
  22   3            {
  23   4              *datap--=num%10+0x30;
  24   4              num/=10;
  25   4            }
  26   3            else
  27   3            {
  28   4              dotx=0;
  29   4              *datap--='.';
  30   4            }
  31   3          }
  32   2          else
  33   2          {
  34   3            *datap--=num%10+0x30;
  35   3            num/=10;
  36   3          }
  37   2          ln--;
  38   2        }
  39   1        if(dotx)
  40   1        {
  41   2          ln-=dot+2;
  42   2          for(;dot>0;dot--)
  43   2            *datap--='0';
  44   2          *datap--='.';
  45   2          *datap--='0';
  46   2        }
  47   1        for(;ln>0;ln--)
  48   1          *datap--=' ';
  49   1      }
  50          
  51          unsigned long xt1,xt2;
  52          
  53          unsigned int intLinear(unsigned int x)
  54          {
C51 COMPILER V9.54   MATHFUN                                                               05/08/2026 14:19:11 PAGE 2   

  55   1        unsigned char i;
  56   1        if(x<=intLinearX[0])
  57   1          return intLinearY[0];
  58   1        else if(x>=intLinearX[INTLINEARN-1])
  59   1          return intLinearY[INTLINEARN-1];
  60   1        for(i=1;i<INTLINEARN;i++)
  61   1          if(x<intLinearX[i])
  62   1          {
  63   2            xt1=x;
  64   2            xt2=intLinearX[i-1];
  65   2            xt1-=xt2;
  66   2            x=intLinearY[i]-intLinearY[i-1];
  67   2            xt2=x;
  68   2            xt1*=xt2;
  69   2            x=intLinearX[i]-intLinearX[i-1];
  70   2            xt2=x;
  71   2            xt1/=xt2;
  72   2            xt2=intLinearY[i-1];
  73   2            xt1+=xt2;
  74   2            return xt1;
  75   2          }
  76   1        return 0;
  77   1      } 
  78          
  79          void vflt1(char yl[],char ul[],char u)
  80          {
  81   1        int s,t;
  82   1        s=(int)u+ul[0]+(int)yl[0]*(VFLTXN-1)+yl[1];
  83   1        t=s;
  84   1        s/=(VFLTXN+1);
  85   1        yl[0]=s;
  86   1        t-=s*(VFLTXN+1);
  87   1        yl[1]=t;
  88   1        ul[0]=u;
  89   1      }
  90          
  91          void vflt3(unsigned int data yl[],unsigned int data ul[],unsigned int data u)
  92          {
  93   1        long data s,t;
  94   1        s=(long)u+ul[0]+(long)yl[0]*(VFLTXN-1)+yl[1];
  95   1        t=s;
  96   1        s/=(VFLTXN+1);
  97   1        yl[0]=s;
  98   1        t-=s*(VFLTXN+1);
  99   1        yl[1]=t;
 100   1        ul[0]=u;
 101   1      }
 102          


MODULE INFORMATION:   STATIC OVERLAYABLE
   CODE SIZE        =   1314    ----
   CONSTANT SIZE    =   ----    ----
   XDATA SIZE       =     44      29
   PDATA SIZE       =   ----    ----
   DATA SIZE        =   ----       8
   IDATA SIZE       =   ----    ----
   BIT SIZE         =   ----       1
END OF MODULE INFORMATION.


C51 COMPILATION COMPLETE.  0 WARNING(S),  0 ERROR(S)
