C51 COMPILER V9.54   TTL                                                                   05/11/2026 15:34:54 PAGE 1   


C51 COMPILER V9.54, COMPILATION OF MODULE TTL
OBJECT MODULE PLACED IN ttl.OBJ
COMPILER INVOKED BY: C:\Keil_v5\C51\BIN\C51.EXE ttl.c LARGE OPTIMIZE(8,SPEED) BROWSE INCDIR(..\project) DEBUG OBJECTEXTE
                    -ND TABS(2)

line level    source

   1          #include "TTL.h"
*** WARNING C258 IN LINE 20 OF DISPLCD.h: 'p': mspace on parameter ignored
   2          
   3          void ttlPageDown();
   4          void ttlPageUp();
   5          void ttlEnt();
   6          void ttlDisp();
   7          
   8          unsigned char ttlLn,ttlErr,ttlPage,ttlDispMD;
   9          unsigned int ttlData[TTLDATAN];
  10          
  11          void ttlSt()
  12          {
  13   1        ttlPage=0;
  14   1        ttlDispMD=0;
  15   1        dispSvProc=ttlDisp;
  16   1      
  17   1        keyUpSv=keySvNull;
  18   1        keyDownSv=keySvNull;
  19   1        keyEntSv=ttlEnt;
  20   1        keyFunSv=rspReturn;
  21   1      }
  22          
  23          void ttlRst()
  24          {
  25   1        ttlLn=0;
  26   1        ttlErr=0;
  27   1      }
  28          
  29          void ttlPageDown()
  30          {
  31   1        ttlPage++;
  32   1        if(ttlPage>ttlLn/4)
  33   1        {
  34   2          ttlPage=0;
  35   2        }
  36   1      }
  37          
  38          void ttlPageUp()
  39          {
  40   1        if(ttlPage)
  41   1        {
  42   2          ttlPage--;
  43   2        }
  44   1        else
  45   1        {
  46   2          ttlPage=ttlLn/4;
  47   2        }
  48   1      }
  49          
  50          void ttlEnt()
  51          {
  52   1        if(ttlDispMD)
  53   1        {
C51 COMPILER V9.54   TTL                                                                   05/11/2026 15:34:54 PAGE 2   

  54   2          ttlDispMD=0;
  55   2          keyUpSv=keySvNull;
  56   2          keyDownSv=keySvNull;
  57   2        }
  58   1        else
  59   1        {
  60   2          ttlDispMD=1;
  61   2          keyUpSv=ttlPageUp;
  62   2          keyDownSv=ttlPageDown;
  63   2        }
  64   1      }
  65          
  66          unsigned char code ttlDispData[3][4][16]={
  67          { "Average grade:  ",
  68            "              ms",
  69            "Number of fouls:",
  70            "           times",},
  71          { "                ",
  72            "                ",
  73            "                ",
  74            "                ",},
  75          { "No tests at all ",
  76            "                ",
  77            "Press Return to ",
  78            "return test page",}};
  79          
  80          void ttlDisp()
  81          {
  82   1        unsigned char i,j;
  83   1        unsigned long s;
  84   1      
  85   1        if(ttlLn)
  86   1        {
  87   2          dispCopy(ttlDispData[ttlDispMD]);
  88   2          if(ttlDispMD)
  89   2          {
  90   3            for(i=ttlPage*4,j=0;j<4 && i<ttlLn;j++,i++)
  91   3            {
  92   4              int2char(dispData[j],i+1,0,2);
  93   4              dispData[j][2]=':';
  94   4              int2char(dispData[j]+3,ttlData[i],0,11);
  95   4              dispData[j][14]='m';
  96   4              dispData[j][15]='s';
  97   4            }
  98   3          }
  99   2          else
 100   2          {
 101   3            for(i=0,s=0;i<ttlLn;i++)
 102   3            {
 103   4              s+=ttlData[i];
 104   4            }
 105   3            s/=ttlLn;
 106   3            int2char(dispData[1],s,0,14);
 107   3            int2char(dispData[3],ttlErr,0,11);
 108   3          }
 109   2        }
 110   1        else
 111   1        {
 112   2          dispCopy(ttlDispData[2]);
 113   2        }
 114   1      
 115   1        dispRefreshSt();
C51 COMPILER V9.54   TTL                                                                   05/11/2026 15:34:54 PAGE 3   

 116   1      }
 117          
 118          void ttlPush(unsigned int x)
 119          {
 120   1        int i;
 121   1        for(i=TTLDATAN-1;i;i--)
 122   1        {
 123   2          ttlData[i]=ttlData[i-1];
 124   2        }
 125   1        ttlData[0]=x;
 126   1      
 127   1        if(ttlLn<TTLDATAN)
 128   1        {
 129   2          ttlLn++;
 130   2        }
 131   1      }
 132          


MODULE INFORMATION:   STATIC OVERLAYABLE
   CODE SIZE        =    725    ----
   CONSTANT SIZE    =    192    ----
   XDATA SIZE       =     44       8
   PDATA SIZE       =   ----    ----
   DATA SIZE        =   ----    ----
   IDATA SIZE       =   ----    ----
   BIT SIZE         =   ----    ----
END OF MODULE INFORMATION.


C51 COMPILATION COMPLETE.  1 WARNING(S),  0 ERROR(S)
