C51 COMPILER V9.54   KEY                                                                   11/25/2024 10:24:46 PAGE 1   


C51 COMPILER V9.54, COMPILATION OF MODULE KEY
OBJECT MODULE PLACED IN .\Objects\Key.obj
COMPILER INVOKED BY: C:\Keil_v5\C51\BIN\C51.EXE Key.c OPTIMIZE(8,SPEED) BROWSE INCDIR(..\project) DEBUG OBJECTEXTEND PRI
                    -NT(.\Listings\Key.lst) TABS(2) OBJECT(.\Objects\Key.obj)

line level    source

   1          #include "c8051F410.h"
   2          #include "Delay.h"
   3          
   4          /**
   5            * @brief  获取独立按键键码
   6            * @param  无
   7            * @retval 按下按键的键码，范围：0~4，无按键按下时返回值为0
   8            */
   9            
  10          //#define PUP P1_4
  11          //#define PDN P1_5
  12          //#define PENT P1_6
  13          //#define PFUN P1_7
  14          
  15          unsigned char Key()
  16          {
  17   1        unsigned char KeyNumber=0;
  18   1        
  19   1      //  if(PUP==0){Delay(20);while(PUP==0);Delay(20);KeyNumber=1;}
  20   1      //  if(PDN==0){Delay(20);while(PDN==0);Delay(20);KeyNumber=2;}
  21   1      //  if(PENT==0){Delay(20);while(PENT==0);Delay(20);KeyNumber=3;}
  22   1      //  if(PFUN==0){Delay(20);while(PFUN==0);Delay(20);KeyNumber=4;}
  23   1        
  24   1        return KeyNumber;
  25   1      }


MODULE INFORMATION:   STATIC OVERLAYABLE
   CODE SIZE        =      3    ----
   CONSTANT SIZE    =   ----    ----
   XDATA SIZE       =   ----    ----
   PDATA SIZE       =   ----    ----
   DATA SIZE        =   ----    ----
   IDATA SIZE       =   ----    ----
   BIT SIZE         =   ----    ----
END OF MODULE INFORMATION.


C51 COMPILATION COMPLETE.  0 WARNING(S),  0 ERROR(S)
