C51 COMPILER V9.54   MAIN                                                                  11/25/2024 10:25:51 PAGE 1   


C51 COMPILER V9.54, COMPILATION OF MODULE MAIN
OBJECT MODULE PLACED IN .\Objects\main.obj
COMPILER INVOKED BY: C:\Keil_v5\C51\BIN\C51.EXE main.c OPTIMIZE(8,SPEED) BROWSE INCDIR(..\project) DEBUG OBJECTEXTEND PR
                    -INT(.\Listings\main.lst) TABS(2) OBJECT(.\Objects\main.obj)

line level    source

   1          #include "c8051F410.h"
   2          //#include "C8051F410_defs.h"
   3          #include "Timer0.h"
   4          //#include "Key.h"
   5          
   6          unsigned char KeyNum;
   7          
   8          //#define TCO P1_3
   9          //#define TP5 P0_0
  10          //#define DRST P0_1
  11          //#define SCK P0_2
  12          //#define MOSI P0_4
  13          //#define DCS P0_5
  14          //#define TP1 P2_0
  15          //#define TP2 P2_1
  16          //#define TP3 P2_2
  17          //#define TP4 P2_3
  18          //#define AD0 P2_4
  19          void main()
  20          {
  21   1        P1=0x00;
  22   1      //  P1_4=0;
  23   1        //Timer0Init();
  24   1        while(1)
  25   1        {
  26   2          KeyNum=Key();   //获取独立按键键码
*** WARNING C206 IN LINE 26 OF main.c: 'Key': missing function-prototype
  27   2          if(KeyNum)      //如果按键按下
  28   2          {
  29   3            if(KeyNum==1) //PUP
  30   3            {
  31   4                
  32   4            }
  33   3            if(KeyNum==2) //PDN
  34   3            {
  35   4                
  36   4            }
  37   3            if(KeyNum==3) //PENT
  38   3            {
  39   4                
  40   4            }
  41   3            if(KeyNum==4) //PFUN
  42   3            {
  43   4                
  44   4            }
  45   3          }
  46   2        }
  47   1      }
  48          
  49          void Timer0_Routine() interrupt 1
  50          {
  51   1        static unsigned int T0Count;
  52   1        TL0 = 0x18;   //设置定时初值
  53   1        TH0 = 0xFC;   //设置定时初值
C51 COMPILER V9.54   MAIN                                                                  11/25/2024 10:25:51 PAGE 2   

  54   1        T0Count++;    //T0Count计次，对中断频率进行分频
  55   1        if(T0Count>=500)//分频500次，500ms
  56   1        {
  57   2          T0Count=0;
  58   2      //    if(TCO==0) TCO=1;
  59   2      //    else TCO=0;
  60   2        }
  61   1      }


MODULE INFORMATION:   STATIC OVERLAYABLE
   CODE SIZE        =     57    ----
   CONSTANT SIZE    =   ----    ----
   XDATA SIZE       =   ----    ----
   PDATA SIZE       =   ----    ----
   DATA SIZE        =      3    ----
   IDATA SIZE       =   ----    ----
   BIT SIZE         =   ----    ----
END OF MODULE INFORMATION.


C51 COMPILATION COMPLETE.  1 WARNING(S),  0 ERROR(S)
