Component: ARM Compiler 6.7 Tool: armlink [5c9ef700]

==============================================================================

Section Cross References

    startup_stm32h750xx.o(STACK) refers (Special) to heapauxi.o(.text) for __use_two_region_memory
    startup_stm32h750xx.o(HEAP) refers (Special) to heapauxi.o(.text) for __use_two_region_memory
    startup_stm32h750xx.o(RESET) refers (Special) to heapauxi.o(.text) for __use_two_region_memory
    startup_stm32h750xx.o(RESET) refers to startup_stm32h750xx.o(STACK) for __initial_sp
    startup_stm32h750xx.o(RESET) refers to startup_stm32h750xx.o(.text) for Reset_Handler
    startup_stm32h750xx.o(RESET) refers to stm32h7xx_it.o(.text.NMI_Handler) for NMI_Handler
    startup_stm32h750xx.o(RESET) refers to stm32h7xx_it.o(.text.HardFault_Handler) for HardFault_Handler
    startup_stm32h750xx.o(RESET) refers to stm32h7xx_it.o(.text.MemManage_Handler) for MemManage_Handler
    startup_stm32h750xx.o(RESET) refers to stm32h7xx_it.o(.text.BusFault_Handler) for BusFault_Handler
    startup_stm32h750xx.o(RESET) refers to stm32h7xx_it.o(.text.UsageFault_Handler) for UsageFault_Handler
    startup_stm32h750xx.o(RESET) refers to stm32h7xx_it.o(.text.SVC_Handler) for SVC_Handler
    startup_stm32h750xx.o(RESET) refers to stm32h7xx_it.o(.text.DebugMon_Handler) for DebugMon_Handler
    startup_stm32h750xx.o(RESET) refers to stm32h7xx_it.o(.text.PendSV_Handler) for PendSV_Handler
    startup_stm32h750xx.o(RESET) refers to stm32h7xx_it.o(.text.SysTick_Handler) for SysTick_Handler
    startup_stm32h750xx.o(RESET) refers to stm32h7xx_it.o(.text.TIM2_IRQHandler) for TIM2_IRQHandler
    startup_stm32h750xx.o(RESET) refers to stm32h7xx_it.o(.text.I2C4_EV_IRQHandler) for I2C4_EV_IRQHandler
    startup_stm32h750xx.o(RESET) refers to stm32h7xx_it.o(.text.I2C4_ER_IRQHandler) for I2C4_ER_IRQHandler
    startup_stm32h750xx.o(RESET) refers to stm32h7xx_it.o(.text.DMAMUX2_OVR_IRQHandler) for DMAMUX2_OVR_IRQHandler
    startup_stm32h750xx.o(RESET) refers to stm32h7xx_it.o(.text.BDMA_Channel7_IRQHandler) for BDMA_Channel7_IRQHandler
    startup_stm32h750xx.o(.text) refers (Special) to heapauxi.o(.text) for __use_two_region_memory
    startup_stm32h750xx.o(.text) refers to system_stm32h7xx.o(.text.SystemInit) for SystemInit
    startup_stm32h750xx.o(.text) refers to __main.o(!!!main) for __main
    startup_stm32h750xx.o(.text) refers to startup_stm32h750xx.o(HEAP) for Heap_Mem
    startup_stm32h750xx.o(.text) refers to startup_stm32h750xx.o(STACK) for Stack_Mem
    waveform_generator.o(.text.generate_sine_wave) refers to sin.o(i.__hardfp_sin) for __hardfp_sin
    waveform_generator.o(.text.generate_sine_wave) refers to waveform_generator.o(.data.current_wave) for current_wave
    waveform_generator.o(.ARM.exidx.text.generate_sine_wave) refers to waveform_generator.o(.text.generate_sine_wave) for [Anonymous Symbol]
    waveform_generator.o(.text.generate_triangle_wave) refers to waveform_generator.o(.data.current_wave) for current_wave
    waveform_generator.o(.ARM.exidx.text.generate_triangle_wave) refers to waveform_generator.o(.text.generate_triangle_wave) for [Anonymous Symbol]
    waveform_generator.o(.text.generate_square_wave) refers to waveform_generator.o(.data.current_wave) for current_wave
    waveform_generator.o(.ARM.exidx.text.generate_square_wave) refers to waveform_generator.o(.text.generate_square_wave) for [Anonymous Symbol]
    waveform_generator.o(.text.update_waveform_buffer) refers to waveform_generator.o(.text.generate_sine_wave) for generate_sine_wave
    waveform_generator.o(.text.update_waveform_buffer) refers to waveform_generator.o(.text.generate_square_wave) for generate_square_wave
    waveform_generator.o(.text.update_waveform_buffer) refers to waveform_generator.o(.text.generate_triangle_wave) for generate_triangle_wave
    waveform_generator.o(.text.update_waveform_buffer) refers to waveform_generator.o(.data.current_wave) for current_wave
    waveform_generator.o(.ARM.exidx.text.update_waveform_buffer) refers to waveform_generator.o(.text.update_waveform_buffer) for [Anonymous Symbol]
    waveform_generator.o(.text.set_waveform_parameters) refers to waveform_generator.o(.data.current_wave) for current_wave
    waveform_generator.o(.ARM.exidx.text.set_waveform_parameters) refers to waveform_generator.o(.text.set_waveform_parameters) for [Anonymous Symbol]
    dac_controller.o(.text.dac_controller_init) refers to waveform_generator.o(.text.update_waveform_buffer) for update_waveform_buffer
    dac_controller.o(.text.dac_controller_init) refers to dac_controller.o(.bss.dac_buffer) for dac_buffer
    dac_controller.o(.text.dac_controller_init) refers to waveform_generator.o(.data.current_wave) for current_wave
    dac_controller.o(.text.dac_controller_init) refers to dac_controller.o(.data..L_MergedGlobals) for [Anonymous Symbol]
[...]
    __arm_cp.33_3                            0x08003048   Number         4  stm32h7xx_hal_tim_ex.o(.text.HAL_TIMEx_MasterConfigSynchronization)
    __arm_cp.33_4                            0x0800304c   Number         4  stm32h7xx_hal_tim_ex.o(.text.HAL_TIMEx_MasterConfigSynchronization)
    __arm_cp.33_5                            0x08003050   Number         4  stm32h7xx_hal_tim_ex.o(.text.HAL_TIMEx_MasterConfigSynchronization)
    __arm_cp.33_6                            0x08003054   Number         4  stm32h7xx_hal_tim_ex.o(.text.HAL_TIMEx_MasterConfigSynchronization)
    [Anonymous Symbol]                       0x08003058   Section        0  stm32h7xx_hal_tim.o(.text.HAL_TIM_Base_Init)
    [Anonymous Symbol]                       0x080030b8   Section        0  tim.o(.text.HAL_TIM_Base_MspInit)
    __arm_cp.1_0                             0x080030ec   Number         4  tim.o(.text.HAL_TIM_Base_MspInit)
    [Anonymous Symbol]                       0x080030f0   Section        0  stm32h7xx_hal_tim.o(.text.HAL_TIM_ConfigClockSource)
    __arm_cp.96_0                            0x08003200   Number         4  stm32h7xx_hal_tim.o(.text.HAL_TIM_ConfigClockSource)
    __arm_cp.96_1                            0x08003204   Number         4  stm32h7xx_hal_tim.o(.text.HAL_TIM_ConfigClockSource)
    __arm_cp.96_2                            0x08003208   Number         4  stm32h7xx_hal_tim.o(.text.HAL_TIM_ConfigClockSource)
    __arm_cp.96_3                            0x0800320c   Number         4  stm32h7xx_hal_tim.o(.text.HAL_TIM_ConfigClockSource)
    __arm_cp.96_4                            0x08003210   Number         4  stm32h7xx_hal_tim.o(.text.HAL_TIM_ConfigClockSource)
    [Anonymous Symbol]                       0x08003214   Section        0  stm32h7xx_hal_tim.o(.text.HAL_TIM_IC_CaptureCallback)
    [Anonymous Symbol]                       0x08003218   Section        0  stm32h7xx_hal_tim.o(.text.HAL_TIM_IRQHandler)
    __arm_cp.67_0                            0x0800334c   Number         4  stm32h7xx_hal_tim.o(.text.HAL_TIM_IRQHandler)
    __arm_cp.67_1                            0x08003350   Number         4  stm32h7xx_hal_tim.o(.text.HAL_TIM_IRQHandler)
    [Anonymous Symbol]                       0x08003354   Section        0  stm32h7xx_hal_tim.o(.text.HAL_TIM_OC_DelayElapsedCallback)
    [Anonymous Symbol]                       0x08003356   Section        0  stm32h7xx_hal_tim.o(.text.HAL_TIM_PWM_PulseFinishedCallback)
    [Anonymous Symbol]                       0x08003358   Section        0  tim.o(.text.HAL_TIM_PeriodElapsedCallback)
    __arm_cp.4_0                             0x08003364   Number         4  tim.o(.text.HAL_TIM_PeriodElapsedCallback)
    [Anonymous Symbol]                       0x08003368   Section        0  stm32h7xx_hal_tim.o(.text.HAL_TIM_TriggerCallback)
    [Anonymous Symbol]                       0x0800336a   Section        0  stm32h7xx_it.o(.text.HardFault_Handler)
    [Anonymous Symbol]                       0x0800336c   Section        0  stm32h7xx_it.o(.text.I2C4_ER_IRQHandler)
    [Anonymous Symbol]                       0x08003374   Section        0  stm32h7xx_it.o(.text.I2C4_EV_IRQHandler)
    __arm_cp.10_0                            0x0800337c   Number         4  stm32h7xx_it.o(.text.I2C4_EV_IRQHandler)
    [Anonymous Symbol]                       0x08003380   Section        0  stm32h7xx_hal_i2c.o(.text.I2C_DMAAbort)
    I2C_DMAAbort                             0x08003381   Thumb Code    22  stm32h7xx_hal_i2c.o(.text.I2C_DMAAbort)
    [Anonymous Symbol]                       0x08003398   Section        0  stm32h7xx_hal_i2c.o(.text.I2C_DMAError)
    I2C_DMAError                             0x08003399   Thumb Code   344  stm32h7xx_hal_i2c.o(.text.I2C_DMAError)
    __arm_cp.24_0                            0x080034b0   Number         4  stm32h7xx_hal_i2c.o(.text.I2C_DMAError)
    __arm_cp.24_1                            0x080034b4   Number         4  stm32h7xx_hal_i2c.o(.text.I2C_DMAError)
    __arm_cp.24_2                            0x080034b8   Number         4  stm32h7xx_hal_i2c.o(.text.I2C_DMAError)
    __arm_cp.24_3                            0x080034bc   Number         4  stm32h7xx_hal_i2c.o(.text.I2C_DMAError)
    __arm_cp.24_4                            0x080034c0   Number         4  stm32h7xx_hal_i2c.o(.text.I2C_DMAError)
    __arm_cp.24_5                            0x080034c4   Number         4  stm32h7xx_hal_i2c.o(.text.I2C_DMAError)
    __arm_cp.24_6                            0x080034c8   Number         4  stm32h7xx_hal_i2c.o(.text.I2C_DMAError)
    __arm_cp.24_7                            0x080034cc   Number         4  stm32h7xx_hal_i2c.o(.text.I2C_DMAError)
    __arm_cp.24_8                            0x080034d0   Number         4  stm32h7xx_hal_i2c.o(.text.I2C_DMAError)
    __arm_cp.24_9                            0x080034d4   Number         4  stm32h7xx_hal_i2c.o(.text.I2C_DMAError)
    __arm_cp.24_10                           0x080034d8   Number         4  stm32h7xx_hal_i2c.o(.text.I2C_DMAError)
    __arm_cp.24_11                           0x080034dc   Number         4  stm32h7xx_hal_i2c.o(.text.I2C_DMAError)
    __arm_cp.24_12                           0x080034e0   Number         4  stm32h7xx_hal_i2c.o(.text.I2C_DMAError)
    __arm_cp.24_13                           0x080034e4   Number         4  stm32h7xx_hal_i2c.o(.text.I2C_DMAError)
    __arm_cp.24_14                           0x080034e8   Number         4  stm32h7xx_hal_i2c.o(.text.I2C_DMAError)
    __arm_cp.24_15                           0x080034ec   Number         4  stm32h7xx_hal_i2c.o(.text.I2C_DMAError)
    [Anonymous Symbol]                       0x080034f0   Section        0  stm32h7xx_hal_i2c.o(.text.I2C_DMAMasterTransmitCplt)
    I2C_DMAMasterTransmitCplt                0x080034f1   Thumb Code    84  stm32h7xx_hal_i2c.o(.text.I2C_DMAMasterTransmitCplt)
    [Anonymous Symbol]                       0x08003544   Section        0  stm32h7xx_hal_i2c.o(.text.I2C_Disable_IRQ)
    I2C_Disable_IRQ                          0x08003545   Thumb Code    92  stm32h7xx_hal_i2c.o(.text.I2C_Disable_IRQ)
    [Anonymous Symbol]                       0x080035a0   Section        0  stm32h7xx_hal_i2c.o(.text.I2C_Enable_IRQ)
    I2C_Enable_IRQ                           0x080035a1   Thumb Code   108  stm32h7xx_hal_i2c.o(.text.I2C_Enable_IRQ)
    __arm_cp.16_0                            0x08003600   Number         4  stm32h7xx_hal_i2c.o(.text.I2C_Enable_IRQ)
    __arm_cp.16_1                            0x08003604   Number         4  stm32h7xx_hal_i2c.o(.text.I2C_Enable_IRQ)
    __arm_cp.16_2                            0x08003608   Number         4  stm32h7xx_hal_i2c.o(.text.I2C_Enable_IRQ)
    [Anonymous Symbol]                       0x0800360c   Section        0  stm32h7xx_hal_i2c.o(.text.I2C_Flush_TXDR)
    I2C_Flush_TXDR                           0x0800360d   Thumb Code    32  stm32h7xx_hal_i2c.o(.text.I2C_Flush_TXDR)
    [Anonymous Symbol]                       0x0800362c   Section        0  stm32h7xx_hal_i2c.o(.text.I2C_ITAddrCplt)
    I2C_ITAddrCplt                           0x0800362d   Thumb Code   160  stm32h7xx_hal_i2c.o(.text.I2C_ITAddrCplt)
    [Anonymous Symbol]                       0x080036cc   Section        0  stm32h7xx_hal_i2c.o(.text.I2C_ITError)
    I2C_ITError                              0x080036cd   Thumb Code   276  stm32h7xx_hal_i2c.o(.text.I2C_ITError)
    __arm_cp.56_1                            0x080037d4   Number         4  stm32h7xx_hal_i2c.o(.text.I2C_ITError)
    __arm_cp.56_2                            0x080037d8   Number         4  stm32h7xx_hal_i2c.o(.text.I2C_ITError)
    [Anonymous Symbol]                       0x080037dc   Section        0  stm32h7xx_hal_i2c.o(.text.I2C_ITListenCplt)
    I2C_ITListenCplt                         0x080037dd   Thumb Code   100  stm32h7xx_hal_i2c.o(.text.I2C_ITListenCplt)
    [Anonymous Symbol]                       0x0800383c   Section        0  stm32h7xx_hal_i2c.o(.text.I2C_ITMasterCplt)
    I2C_ITMasterCplt                         0x0800383d   Thumb Code   240  stm32h7xx_hal_i2c.o(.text.I2C_ITMasterCplt)
    __arm_cp.71_1                            0x08003924   Number         4  stm32h7xx_hal_i2c.o(.text.I2C_ITMasterCplt)
    [Anonymous Symbol]                       0x08003928   Section        0  stm32h7xx_hal_i2c.o(.text.I2C_ITMasterSeqCplt)
    I2C_ITMasterSeqCplt                      0x08003929   Thumb Code    80  stm32h7xx_hal_i2c.o(.text.I2C_ITMasterSeqCplt)
    [Anonymous Symbol]                       0x08003978   Section        0  stm32h7xx_hal_i2c.o(.text.I2C_ITSlaveCplt)
    I2C_ITSlaveCplt                          0x08003979   Thumb Code   604  stm32h7xx_hal_i2c.o(.text.I2C_ITSlaveCplt)
    __arm_cp.72_0                            0x08003b8c   Number         4  stm32h7xx_hal_i2c.o(.text.I2C_ITSlaveCplt)
    __arm_cp.72_1                            0x08003b90   Number         4  stm32h7xx_hal_i2c.o(.text.I2C_ITSlaveCplt)
    __arm_cp.72_2                            0x08003b94   Number         4  stm32h7xx_hal_i2c.o(.text.I2C_ITSlaveCplt)
    __arm_cp.72_3                            0x08003b98   Number         4  stm32h7xx_hal_i2c.o(.text.I2C_ITSlaveCplt)
    __arm_cp.72_4                            0x08003b9c   Number         4  stm32h7xx_hal_i2c.o(.text.I2C_ITSlaveCplt)
    __arm_cp.72_5                            0x08003ba0   Number         4  stm32h7xx_hal_i2c.o(.text.I2C_ITSlaveCplt)
    __arm_cp.72_6                            0x08003ba4   Number         4  stm32h7xx_hal_i2c.o(.text.I2C_ITSlaveCplt)
    __arm_cp.72_7                            0x08003ba8   Number         4  stm32h7xx_hal_i2c.o(.text.I2C_ITSlaveCplt)
    __arm_cp.72_8                            0x08003bac   Number         4  stm32h7xx_hal_i2c.o(.text.I2C_ITSlaveCplt)
    __arm_cp.72_9                            0x08003bb0   Number         4  stm32h7xx_hal_i2c.o(.text.I2C_ITSlaveCplt)
    __arm_cp.72_10                           0x08003bb4   Number         4  stm32h7xx_hal_i2c.o(.text.I2C_ITSlaveCplt)
    __arm_cp.72_11                           0x08003bb8   Number         4  stm32h7xx_hal_i2c.o(.text.I2C_ITSlaveCplt)
    __arm_cp.72_12                           0x08003bbc   Number         4  stm32h7xx_hal_i2c.o(.text.I2C_ITSlaveCplt)
    __arm_cp.72_13                           0x08003bc0   Number         4  stm32h7xx_hal_i2c.o(.text.I2C_ITSlaveCplt)
    __arm_cp.72_14                           0x08003bc4   Number         4  stm32h7xx_hal_i2c.o(.text.I2C_ITSlaveCplt)
    __arm_cp.72_15                           0x08003bc8   Number         4  stm32h7xx_hal_i2c.o(.text.I2C_ITSlaveCplt)
    __arm_cp.72_16                           0x08003bcc   Number         4  stm32h7xx_hal_i2c.o(.text.I2C_ITSlaveCplt)
    __arm_cp.72_17                           0x08003bd0   Number         4  stm32h7xx_hal_i2c.o(.text.I2C_ITSlaveCplt)
    [Anonymous Symbol]                       0x08003bd4   Section        0  stm32h7xx_hal_i2c.o(.text.I2C_ITSlaveSeqCplt)
    I2C_ITSlaveSeqCplt                       0x08003bd5   Thumb Code   128  stm32h7xx_hal_i2c.o(.text.I2C_ITSlaveSeqCplt)
    __arm_cp.74_0                            0x08003c4c   Number         4  stm32h7xx_hal_i2c.o(.text.I2C_ITSlaveSeqCplt)
    __arm_cp.74_1                            0x08003c50   Number         4  stm32h7xx_hal_i2c.o(.text.I2C_ITSlaveSeqCplt)
    [Anonymous Symbol]                       0x08003c54   Section        0  stm32h7xx_hal_i2c.o(.text.I2C_Master_ISR_DMA)
    I2C_Master_ISR_DMA                       0x08003c55   Thumb Code   264  stm32h7xx_hal_i2c.o(.text.I2C_Master_ISR_DMA)
    __arm_cp.22_0                            0x08003d58   Number         4  stm32h7xx_hal_i2c.o(.text.I2C_Master_ISR_DMA)
    [Anonymous Symbol]                       0x08003d5c   Section        0  stm32h7xx_hal_i2c.o(.text.I2C_Mem_ISR_DMA)
    I2C_Mem_ISR_DMA                          0x08003d5d   Thumb Code   300  stm32h7xx_hal_i2c.o(.text.I2C_Mem_ISR_DMA)
    [Anonymous Symbol]                       0x08003e84   Section        0  stm32h7xx_hal_i2c.o(.text.I2C_Mem_ISR_IT)
    I2C_Mem_ISR_IT                           0x08003e85   Thumb Code   312  stm32h7xx_hal_i2c.o(.text.I2C_Mem_ISR_IT)
    __arm_cp.35_0                            0x08003fb8   Number         4  stm32h7xx_hal_i2c.o(.text.I2C_Mem_ISR_IT)
    [Anonymous Symbol]                       0x08003fbc   Section        0  stm32h7xx_hal_i2c.o(.text.I2C_Slave_ISR_DMA)
    I2C_Slave_ISR_DMA                        0x08003fbd   Thumb Code   588  stm32h7xx_hal_i2c.o(.text.I2C_Slave_ISR_DMA)
    __arm_cp.28_0                            0x080041a0   Number         4  stm32h7xx_hal_i2c.o(.text.I2C_Slave_ISR_DMA)
    __arm_cp.28_1                            0x080041a4   Number         4  stm32h7xx_hal_i2c.o(.text.I2C_Slave_ISR_DMA)
    __arm_cp.28_2                            0x080041a8   Number         4  stm32h7xx_hal_i2c.o(.text.I2C_Slave_ISR_DMA)
    __arm_cp.28_3                            0x080041ac   Number         4  stm32h7xx_hal_i2c.o(.text.I2C_Slave_ISR_DMA)
    __arm_cp.28_4                            0x080041b0   Number         4  stm32h7xx_hal_i2c.o(.text.I2C_Slave_ISR_DMA)
    __arm_cp.28_5                            0x080041b4   Number         4  stm32h7xx_hal_i2c.o(.text.I2C_Slave_ISR_DMA)
    __arm_cp.28_6                            0x080041b8   Number         4  stm32h7xx_hal_i2c.o(.text.I2C_Slave_ISR_DMA)
    __arm_cp.28_7                            0x080041bc   Number         4  stm32h7xx_hal_i2c.o(.text.I2C_Slave_ISR_DMA)
    __arm_cp.28_8                            0x080041c0   Number         4  stm32h7xx_hal_i2c.o(.text.I2C_Slave_ISR_DMA)
    __arm_cp.28_9                            0x080041c4   Number         4  stm32h7xx_hal_i2c.o(.text.I2C_Slave_ISR_DMA)
    __arm_cp.28_10                           0x080041c8   Number         4  stm32h7xx_hal_i2c.o(.text.I2C_Slave_ISR_DMA)
    __arm_cp.28_11                           0x080041cc   Number         4  stm32h7xx_hal_i2c.o(.text.I2C_Slave_ISR_DMA)
    __arm_cp.28_12                           0x080041d0   Number         4  stm32h7xx_hal_i2c.o(.text.I2C_Slave_ISR_DMA)
    __arm_cp.28_13                           0x080041d4   Number         4  stm32h7xx_hal_i2c.o(.text.I2C_Slave_ISR_DMA)
    __arm_cp.28_14                           0x080041d8   Number         4  stm32h7xx_hal_i2c.o(.text.I2C_Slave_ISR_DMA)
    __arm_cp.28_15                           0x080041dc   Number         4  stm32h7xx_hal_i2c.o(.text.I2C_Slave_ISR_DMA)
    [Anonymous Symbol]                       0x08004208   Section        0  stm32h7xx_hal_i2c.o(.text.I2C_Slave_ISR_IT)
    I2C_Slave_ISR_IT                         0x08004209   Thumb Code   256  stm32h7xx_hal_i2c.o(.text.I2C_Slave_ISR_IT)
    __arm_cp.19_0                            0x08004304   Number         4  stm32h7xx_hal_i2c.o(.text.I2C_Slave_ISR_IT)
    [Anonymous Symbol]                       0x08004308   Section        0  stm32h7xx_hal_i2c.o(.text.I2C_TransferConfig)
    I2C_TransferConfig                       0x08004309   Thumb Code    56  stm32h7xx_hal_i2c.o(.text.I2C_TransferConfig)
    __arm_cp.6_0                             0x0800433c   Number         4  stm32h7xx_hal_i2c.o(.text.I2C_TransferConfig)
    [Anonymous Symbol]                       0x08004340   Section        0  stm32h7xx_hal_i2c.o(.text.I2C_TreatErrorCallback)
    I2C_TreatErrorCallback                   0x08004341   Thumb Code    38  stm32h7xx_hal_i2c.o(.text.I2C_TreatErrorCallback)
    [Anonymous Symbol]                       0x08004368   Section        0  bdma.o(.text.MX_BDMA_Init)
    [Anonymous Symbol]                       0x080043a4   Section        0  gpio.o(.text.MX_GPIO_Init)
    __arm_cp.0_0                             0x080043c0   Number         4  gpio.o(.text.MX_GPIO_Init)
    [Anonymous Symbol]                       0x080043c4   Section        0  i2c.o(.text.MX_I2C4_Init)
    __arm_cp.0_0                             0x08004410   Number         4  i2c.o(.text.MX_I2C4_Init)
    __arm_cp.0_1                             0x08004414   Number         4  i2c.o(.text.MX_I2C4_Init)
    __arm_cp.0_2                             0x08004418   Number         4  i2c.o(.text.MX_I2C4_Init)
    [Anonymous Symbol]                       0x0800441c   Section        0  tim.o(.text.MX_TIM2_Init)
    __arm_cp.0_0                             0x08004480   Number         4  tim.o(.text.MX_TIM2_Init)
    [Anonymous Symbol]                       0x08004484   Section        0  stm32h7xx_it.o(.text.MemManage_Handler)
    [Anonymous Symbol]                       0x08004486   Section        0  stm32h7xx_it.o(.text.NMI_Handler)
    [Anonymous Symbol]                       0x08004488   Section        0  stm32h7xx_it.o(.text.PendSV_Handler)
    [Anonymous Symbol]                       0x0800448c   Section        0  stm32h7xx_hal_rcc_ex.o(.text.RCCEx_PLL2_Config)
    RCCEx_PLL2_Config                        0x0800448d   Thumb Code   272  stm32h7xx_hal_rcc_ex.o(.text.RCCEx_PLL2_Config)
    [Anonymous Symbol]                       0x08004598   Section        0  stm32h7xx_hal_rcc_ex.o(.text.RCCEx_PLL3_Config)
    RCCEx_PLL3_Config                        0x08004599   Thumb Code   272  stm32h7xx_hal_rcc_ex.o(.text.RCCEx_PLL3_Config)
    [Anonymous Symbol]                       0x080046a4   Section        0  stm32h7xx_it.o(.text.SVC_Handler)
    [Anonymous Symbol]                       0x080046a6   Section        0  stm32h7xx_it.o(.text.SysTick_Handler)
    [Anonymous Symbol]                       0x080046ac   Section        0  main.o(.text.SystemClock_Config)
    __arm_cp.1_0                             0x0800476c   Number         4  main.o(.text.SystemClock_Config)
    __arm_cp.1_1                             0x08004770   Number         4  main.o(.text.SystemClock_Config)
    __arm_cp.1_2                             0x08004774   Number         4  main.o(.text.SystemClock_Config)
    [Anonymous Symbol]                       0x08004778   Section        0  system_stm32h7xx.o(.text.SystemInit)
    __arm_cp.0_0                             0x08004808   Number         4  system_stm32h7xx.o(.text.SystemInit)
    __arm_cp.0_1                             0x0800480c   Number         4  system_stm32h7xx.o(.text.SystemInit)
    __arm_cp.0_2                             0x08004810   Number         4  system_stm32h7xx.o(.text.SystemInit)
    __arm_cp.0_3                             0x08004814   Number         4  system_stm32h7xx.o(.text.SystemInit)
    __arm_cp.0_4                             0x08004818   Number         4  system_stm32h7xx.o(.text.SystemInit)
    __arm_cp.0_5                             0x0800481c   Number         4  system_stm32h7xx.o(.text.SystemInit)
    __arm_cp.0_6                             0x08004820   Number         4  system_stm32h7xx.o(.text.SystemInit)
    __arm_cp.0_7                             0x08004824   Number         4  system_stm32h7xx.o(.text.SystemInit)
    __arm_cp.0_8                             0x08004828   Number         4  system_stm32h7xx.o(.text.SystemInit)
    [Anonymous Symbol]                       0x0800482c   Section        0  stm32h7xx_it.o(.text.TIM2_IRQHandler)
    __arm_cp.9_0                             0x08004834   Number         4  stm32h7xx_it.o(.text.TIM2_IRQHandler)
    [Anonymous Symbol]                       0x08004838   Section        0  stm32h7xx_hal_tim.o(.text.TIM_Base_SetConfig)
    __arm_cp.2_0                             0x080048f0   Number         4  stm32h7xx_hal_tim.o(.text.TIM_Base_SetConfig)
    __arm_cp.2_1                             0x080048f4   Number         4  stm32h7xx_hal_tim.o(.text.TIM_Base_SetConfig)
    __arm_cp.2_2                             0x080048f8   Number         4  stm32h7xx_hal_tim.o(.text.TIM_Base_SetConfig)
    __arm_cp.2_3                             0x080048fc   Number         4  stm32h7xx_hal_tim.o(.text.TIM_Base_SetConfig)
    __arm_cp.2_4                             0x08004900   Number         4  stm32h7xx_hal_tim.o(.text.TIM_Base_SetConfig)
    __arm_cp.2_5                             0x08004904   Number         4  stm32h7xx_hal_tim.o(.text.TIM_Base_SetConfig)
    __arm_cp.2_6                             0x08004908   Number         4  stm32h7xx_hal_tim.o(.text.TIM_Base_SetConfig)
    __arm_cp.2_7                             0x0800490c   Number         4  stm32h7xx_hal_tim.o(.text.TIM_Base_SetConfig)
    [Anonymous Symbol]                       0x08004910   Section        0  stm32h7xx_hal_tim.o(.text.TIM_TI1_ConfigInputStage)
    TIM_TI1_ConfigInputStage                 0x08004911   Thumb Code    34  stm32h7xx_hal_tim.o(.text.TIM_TI1_ConfigInputStage)
    [Anonymous Symbol]                       0x08004932   Section        0  stm32h7xx_hal_tim.o(.text.TIM_TI2_ConfigInputStage)
    TIM_TI2_ConfigInputStage                 0x08004933   Thumb Code    36  stm32h7xx_hal_tim.o(.text.TIM_TI2_ConfigInputStage)
    [Anonymous Symbol]                       0x08004956   Section        0  stm32h7xx_it.o(.text.UsageFault_Handler)
    [Anonymous Symbol]                       0x08004958   Section        0  dac_controller.o(.text.dac_update_handler)
    __arm_cp.2_0                             0x0800499c   Number         4  dac_controller.o(.text.dac_update_handler)
    __arm_cp.2_1                             0x080049a0   Number         4  dac_controller.o(.text.dac_update_handler)
    [Anonymous Symbol]                       0x080049a8   Section        0  waveform_generator.o(.text.generate_sine_wave)
    [Anonymous Symbol]                       0x08004a20   Section        0  waveform_generator.o(.text.generate_square_wave)
    [Anonymous Symbol]                       0x08004a4c   Section        0  waveform_generator.o(.text.generate_triangle_wave)
    [Anonymous Symbol]                       0x08004abc   Section        0  main.o(.text.main)
    __arm_cp.0_0                             0x08004b0c   Number         4  main.o(.text.main)
    [Anonymous Symbol]                       0x08004b10   Section        0  waveform_generator.o(.text.update_waveform_buffer)
    __arm_cp.3_0                             0x08004b34   Number         4  waveform_generator.o(.text.update_waveform_buffer)
    i.__ARM_fpclassify                       0x08004b38   Section        0  fpclassify.o(i.__ARM_fpclassify)
    i.__hardfp_sin                           0x08004b68   Section        0  sin.o(i.__hardfp_sin)
    i.__ieee754_rem_pio2                     0x08004c18   Section        0  rred.o(i.__ieee754_rem_pio2)
    i.__kernel_cos                           0x08004f20   Section        0  cos_i.o(i.__kernel_cos)
    i.__kernel_poly                          0x08004fe4   Section        0  poly.o(i.__kernel_poly)
    i.__kernel_sin                           0x08005058   Section        0  sin_i.o(i.__kernel_sin)
    i.__mathlib_dbl_invalid                  0x080050f8   Section        0  dunder.o(i.__mathlib_dbl_invalid)
    i.__mathlib_dbl_underflow                0x08005110   Section        0  dunder.o(i.__mathlib_dbl_underflow)
    i.fabs                                   0x08005128   Section        0  fabs.o(i.fabs)
    x$fpl$fpinit                             0x08005140   Section       10  fpinit.o(x$fpl$fpinit)
    $v0                                      0x08005140   Number         0  fpinit.o(x$fpl$fpinit)
    x$fpl$usenofp                            0x0800514a   Section        0  usenofp.o(x$fpl$usenofp)
    .constdata                               0x08005150   Section       48  cos_i.o(.constdata)
    C                                        0x08005150   Data          48  cos_i.o(.constdata)
    .constdata                               0x08005180   Section      200  rred.o(.constdata)
    pio2s                                    0x08005180   Data          48  rred.o(.constdata)
    twooverpi                                0x080051b0   Data         152  rred.o(.constdata)
    .constdata                               0x08005248   Section       40  sin_i.o(.constdata)
    S                                        0x08005248   Data          40  sin_i.o(.constdata)
    [Anonymous Symbol]                       0x24000000   Section        0  dac_controller.o(.data..L_MergedGlobals)
    [Anonymous Symbol]                       0x24000008   Section        0  stm32h7xx_hal.o(.data..L_MergedGlobals)
    [Anonymous Symbol]                       0x24000014   Section        0  system_stm32h7xx.o(.data..L_MergedGlobals)
    .bss                                     0x24000028   Section       96  libspace.o(.bss)
    HEAP                                     0x24000270   Section      512  startup_stm32h750xx.o(HEAP)
    Heap_Mem                                 0x24000270   Data         512  startup_stm32h750xx.o(HEAP)
    STACK                                    0x24000470   Section     1024  startup_stm32h750xx.o(STACK)
    Stack_Mem                                0x24000470   Data        1024  startup_stm32h750xx.o(STACK)
    __initial_sp                             0x24000870   Data           0  startup_stm32h750xx.o(STACK)

    Global Symbols

    Symbol Name                              Value     Ov Type        Size  Object(Section)

    BuildAttributes$$THM_ISAv4$E$P$D$K$B$S$7EM$VFPv5_D16$PE$PLD8$A:L22UL41UL21$X:L11$S22US41US21$IEEE1$IW$~IW$USESV6$~STKCKD$USESV7$~SHL$OTIME$ROPI$IEEEX$EBA8$UX$STANDARDLIB$REQ8$PRES8$EABIv2 0x00000000   Number         0  anon$$obj.o ABSOLUTE
    __ARM_exceptions_init                     - Undefined Weak Reference
    __alloca_initialize                       - Undefined Weak Reference
    __arm_preinit_                            - Undefined Weak Reference
    __cpp_initialize__aeabi_                  - Undefined Weak Reference
    __cxa_finalize                            - Undefined Weak Reference
    __rt_locale                               - Undefined Weak Reference
    __sigvec_lookup                           - Undefined Weak Reference
    _atexit_init                              - Undefined Weak Reference
    _call_atexit_fns                          - Undefined Weak Reference
    _clock_init                               - Undefined Weak Reference
    _fp_trap_init                             - Undefined Weak Reference
    _fp_trap_shutdown                         - Undefined Weak Reference
    _get_lc_collate                           - Undefined Weak Reference
    _get_lc_ctype                             - Undefined Weak Reference
    _get_lc_monetary                          - Undefined Weak Reference
    _get_lc_numeric                           - Undefined Weak Reference
    _get_lc_time                              - Undefined Weak Reference
    _getenv_init                              - Undefined Weak Reference
    _handle_redirection                       - Undefined Weak Reference
    _init_alloc                               - Undefined Weak Reference
    _init_user_alloc                          - Undefined Weak Reference
    _initio                                   - Undefined Weak Reference
    _rand_init                                - Undefined Weak Reference
    _signal_finish                            - Undefined Weak Reference
    _signal_init                              - Undefined Weak Reference
    _terminate_alloc                          - Undefined Weak Reference
    _terminate_user_alloc                     - Undefined Weak Reference
    _terminateio                              - Undefined Weak Reference
    __Vectors_Size                           0x00000298   Number         0  startup_stm32h750xx.o ABSOLUTE
    __Vectors                                0x08000000   Data           4  startup_stm32h750xx.o(RESET)
    __Vectors_End                            0x08000298   Data           0  startup_stm32h750xx.o(RESET)
    __main                                   0x08000299   Thumb Code     8  __main.o(!!!main)
    __scatterload                            0x080002a1   Thumb Code     0  __scatter.o(!!!scatter)
    __scatterload_rt2                        0x080002a1   Thumb Code    44  __scatter.o(!!!scatter)
    __scatterload_rt2_thumb_only             0x080002a1   Thumb Code     0  __scatter.o(!!!scatter)
    __scatterload_null                       0x080002af   Thumb Code     0  __scatter.o(!!!scatter)
    __scatterload_copy                       0x080002d5   Thumb Code    26  __scatter_copy.o(!!handler_copy)
    __scatterload_zeroinit                   0x080002f1   Thumb Code    28  __scatter_zi.o(!!handler_zi)
    __rt_lib_init                            0x0800030d   Thumb Code     0  libinit.o(.ARM.Collect$$libinit$$00000000)
    __rt_lib_init_fp_1                       0x0800030f   Thumb Code     0  libinit2.o(.ARM.Collect$$libinit$$00000001)
    __rt_lib_init_alloca_1                   0x08000313   Thumb Code     0  libinit2.o(.ARM.Collect$$libinit$$0000002E)
    __rt_lib_init_argv_1                     0x08000313   Thumb Code     0  libinit2.o(.ARM.Collect$$libinit$$0000002C)
    __rt_lib_init_atexit_1                   0x08000313   Thumb Code     0  libinit2.o(.ARM.Collect$$libinit$$0000001B)
    __rt_lib_init_clock_1                    0x08000313   Thumb Code     0  libinit2.o(.ARM.Collect$$libinit$$00000021)
    __rt_lib_init_cpp_1                      0x08000313   Thumb Code     0  libinit2.o(.ARM.Collect$$libinit$$00000032)
    __rt_lib_init_exceptions_1               0x08000313   Thumb Code     0  libinit2.o(.ARM.Collect$$libinit$$00000030)
    __rt_lib_init_fp_trap_1                  0x08000313   Thumb Code     0  libinit2.o(.ARM.Collect$$libinit$$0000001F)
    __rt_lib_init_getenv_1                   0x08000313   Thumb Code     0  libinit2.o(.ARM.Collect$$libinit$$00000023)
    __rt_lib_init_heap_1                     0x08000313   Thumb Code     0  libinit2.o(.ARM.Collect$$libinit$$0000000A)
    __rt_lib_init_lc_collate_1               0x08000313   Thumb Code     0  libinit2.o(.ARM.Collect$$libinit$$00000011)
    __rt_lib_init_lc_ctype_1                 0x08000313   Thumb Code     0  libinit2.o(.ARM.Collect$$libinit$$00000013)
    __rt_lib_init_lc_monetary_1              0x08000313   Thumb Code     0  libinit2.o(.ARM.Collect$$libinit$$00000015)
    __rt_lib_init_lc_numeric_1               0x08000313   Thumb Code     0  libinit2.o(.ARM.Collect$$libinit$$00000017)
    __rt_lib_init_lc_time_1                  0x08000313   Thumb Code     0  libinit2.o(.ARM.Collect$$libinit$$00000019)
    __rt_lib_init_preinit_1                  0x08000313   Thumb Code     0  libinit2.o(.ARM.Collect$$libinit$$00000004)
    __rt_lib_init_rand_1                     0x08000313   Thumb Code     0  libinit2.o(.ARM.Collect$$libinit$$0000000E)
    __rt_lib_init_return                     0x08000313   Thumb Code     0  libinit2.o(.ARM.Collect$$libinit$$00000033)
    __rt_lib_init_signal_1                   0x08000313   Thumb Code     0  libinit2.o(.ARM.Collect$$libinit$$0000001D)
    __rt_lib_init_stdio_1                    0x08000313   Thumb Code     0  libinit2.o(.ARM.Collect$$libinit$$00000025)
    __rt_lib_init_user_alloc_1               0x08000313   Thumb Code     0  libinit2.o(.ARM.Collect$$libinit$$0000000C)
    __rt_lib_shutdown                        0x08000315   Thumb Code     0  libshutdown.o(.ARM.Collect$$libshutdown$$00000000)
    __rt_lib_shutdown_cpp_1                  0x08000317   Thumb Code     0  libshutdown2.o(.ARM.Collect$$libshutdown$$00000002)
    __rt_lib_shutdown_fp_trap_1              0x08000317   Thumb Code     0  libshutdown2.o(.ARM.Collect$$libshutdown$$00000007)
    __rt_lib_shutdown_heap_1                 0x08000317   Thumb Code     0  libshutdown2.o(.ARM.Collect$$libshutdown$$0000000F)
    __rt_lib_shutdown_return                 0x08000317   Thumb Code     0  libshutdown2.o(.ARM.Collect$$libshutdown$$00000010)
    __rt_lib_shutdown_signal_1               0x08000317   Thumb Code     0  libshutdown2.o(.ARM.Collect$$libshutdown$$0000000A)
    __rt_lib_shutdown_stdio_1                0x08000317   Thumb Code     0  libshutdown2.o(.ARM.Collect$$libshutdown$$00000004)
    __rt_lib_shutdown_user_alloc_1           0x08000317   Thumb Code     0  libshutdown2.o(.ARM.Collect$$libshutdown$$0000000C)
    __rt_entry                               0x08000319   Thumb Code     0  __rtentry.o(.ARM.Collect$$rtentry$$00000000)
    __rt_entry_presh_1                       0x08000319   Thumb Code     0  __rtentry2.o(.ARM.Collect$$rtentry$$00000002)
    __rt_entry_sh                            0x08000319   Thumb Code     0  __rtentry4.o(.ARM.Collect$$rtentry$$00000004)
    __rt_entry_li                            0x0800031f   Thumb Code     0  __rtentry2.o(.ARM.Collect$$rtentry$$0000000A)
    __rt_entry_postsh_1                      0x0800031f   Thumb Code     0  __rtentry2.o(.ARM.Collect$$rtentry$$00000009)
    __rt_entry_main                          0x08000323   Thumb Code     0  __rtentry2.o(.ARM.Collect$$rtentry$$0000000D)
    __rt_entry_postli_1                      0x08000323   Thumb Code     0  __rtentry2.o(.ARM.Collect$$rtentry$$0000000C)
    __rt_exit                                0x0800032b   Thumb Code     0  rtexit.o(.ARM.Collect$$rtexit$$00000000)
    __rt_exit_ls                             0x0800032d   Thumb Code     0  rtexit2.o(.ARM.Collect$$rtexit$$00000003)
    __rt_exit_prels_1                        0x0800032d   Thumb Code     0  rtexit2.o(.ARM.Collect$$rtexit$$00000002)
    __rt_exit_exit                           0x08000331   Thumb Code     0  rtexit2.o(.ARM.Collect$$rtexit$$00000004)
    Reset_Handler                            0x08000339   Thumb Code     8  startup_stm32h750xx.o(.text)
    ADC3_IRQHandler                          0x08000353   Thumb Code     0  startup_stm32h750xx.o(.text)
    ADC_IRQHandler                           0x08000353   Thumb Code     0  startup_stm32h750xx.o(.text)
    BDMA_Channel0_IRQHandler                 0x08000353   Thumb Code     0  startup_stm32h750xx.o(.text)
    BDMA_Channel1_IRQHandler                 0x08000353   Thumb Code     0  startup_stm32h750xx.o(.text)
    BDMA_Channel2_IRQHandler                 0x08000353   Thumb Code     0  startup_stm32h750xx.o(.text)
    BDMA_Channel3_IRQHandler                 0x08000353   Thumb Code     0  startup_stm32h750xx.o(.text)
    BDMA_Channel4_IRQHandler                 0x08000353   Thumb Code     0  startup_stm32h750xx.o(.text)
    BDMA_Channel5_IRQHandler                 0x08000353   Thumb Code     0  startup_stm32h750xx.o(.text)
    BDMA_Channel6_IRQHandler                 0x08000353   Thumb Code     0  startup_stm32h750xx.o(.text)
    CEC_IRQHandler                           0x08000353   Thumb Code     0  startup_stm32h750xx.o(.text)
    COMP1_IRQHandler                         0x08000353   Thumb Code     0  startup_stm32h750xx.o(.text)
    CRS_IRQHandler                           0x08000353   Thumb Code     0  startup_stm32h750xx.o(.text)
    CRYP_IRQHandler                          0x08000353   Thumb Code     0  startup_stm32h750xx.o(.text)
    DCMI_IRQHandler                          0x08000353   Thumb Code     0  startup_stm32h750xx.o(.text)
    DFSDM1_FLT0_IRQHandler                   0x08000353   Thumb Code     0  startup_stm32h750xx.o(.text)
    DFSDM1_FLT1_IRQHandler                   0x08000353   Thumb Code     0  startup_stm32h750xx.o(.text)
    DFSDM1_FLT2_IRQHandler                   0x08000353   Thumb Code     0  startup_stm32h750xx.o(.text)
    DFSDM1_FLT3_IRQHandler                   0x08000353   Thumb Code     0  startup_stm32h750xx.o(.text)
    DMA1_Stream0_IRQHandler                  0x08000353   Thumb Code     0  startup_stm32h750xx.o(.text)
    DMA1_Stream1_IRQHandler                  0x08000353   Thumb Code     0  startup_stm32h750xx.o(.text)
    DMA1_Stream2_IRQHandler                  0x08000353   Thumb Code     0  startup_stm32h750xx.o(.text)
    DMA1_Stream3_IRQHandler                  0x08000353   Thumb Code     0  startup_stm32h750xx.o(.text)
    DMA1_Stream4_IRQHandler                  0x08000353   Thumb Code     0  startup_stm32h750xx.o(.text)
    DMA1_Stream5_IRQHandler                  0x08000353   Thumb Code     0  startup_stm32h750xx.o(.text)
    DMA1_Stream6_IRQHandler                  0x08000353   Thumb Code     0  startup_stm32h750xx.o(.text)
    DMA1_Stream7_IRQHandler                  0x08000353   Thumb Code     0  startup_stm32h750xx.o(.text)
    DMA2D_IRQHandler                         0x08000353   Thumb Code     0  startup_stm32h750xx.o(.text)
    DMA2_Stream0_IRQHandler                  0x08000353   Thumb Code     0  startup_stm32h750xx.o(.text)
    DMA2_Stream1_IRQHandler                  0x08000353   Thumb Code     0  startup_stm32h750xx.o(.text)
    DMA2_Stream2_IRQHandler                  0x08000353   Thumb Code     0  startup_stm32h750xx.o(.text)
    DMA2_Stream3_IRQHandler                  0x08000353   Thumb Code     0  startup_stm32h750xx.o(.text)
    DMA2_Stream4_IRQHandler                  0x08000353   Thumb Code     0  startup_stm32h750xx.o(.text)
    DMA2_Stream5_IRQHandler                  0x08000353   Thumb Code     0  startup_stm32h750xx.o(.text)
    DMA2_Stream6_IRQHandler                  0x08000353   Thumb Code     0  startup_stm32h750xx.o(.text)
    DMA2_Stream7_IRQHandler                  0x08000353   Thumb Code     0  startup_stm32h750xx.o(.text)
    DMAMUX1_OVR_IRQHandler                   0x08000353   Thumb Code     0  startup_stm32h750xx.o(.text)
    ECC_IRQHandler                           0x08000353   Thumb Code     0  startup_stm32h750xx.o(.text)
    ETH_IRQHandler                           0x08000353   Thumb Code     0  startup_stm32h750xx.o(.text)
    ETH_WKUP_IRQHandler                      0x08000353   Thumb Code     0  startup_stm32h750xx.o(.text)
    EXTI0_IRQHandler                         0x08000353   Thumb Code     0  startup_stm32h750xx.o(.text)
    EXTI15_10_IRQHandler                     0x08000353   Thumb Code     0  startup_stm32h750xx.o(.text)
    EXTI1_IRQHandler                         0x08000353   Thumb Code     0  startup_stm32h750xx.o(.text)
    EXTI2_IRQHandler                         0x08000353   Thumb Code     0  startup_stm32h750xx.o(.text)
    EXTI3_IRQHandler                         0x08000353   Thumb Code     0  startup_stm32h750xx.o(.text)
    EXTI4_IRQHandler                         0x08000353   Thumb Code     0  startup_stm32h750xx.o(.text)
    EXTI9_5_IRQHandler                       0x08000353   Thumb Code     0  startup_stm32h750xx.o(.text)
    FDCAN1_IT0_IRQHandler                    0x08000353   Thumb Code     0  startup_stm32h750xx.o(.text)
    FDCAN1_IT1_IRQHandler                    0x08000353   Thumb Code     0  startup_stm32h750xx.o(.text)
    FDCAN2_IT0_IRQHandler                    0x08000353   Thumb Code     0  startup_stm32h750xx.o(.text)
    FDCAN2_IT1_IRQHandler                    0x08000353   Thumb Code     0  startup_stm32h750xx.o(.text)
    FDCAN_CAL_IRQHandler                     0x08000353   Thumb Code     0  startup_stm32h750xx.o(.text)
    FLASH_IRQHandler                         0x08000353   Thumb Code     0  startup_stm32h750xx.o(.text)
    FMC_IRQHandler                           0x08000353   Thumb Code     0  startup_stm32h750xx.o(.text)
    FPU_IRQHandler                           0x08000353   Thumb Code     0  startup_stm32h750xx.o(.text)
    HASH_RNG_IRQHandler                      0x08000353   Thumb Code     0  startup_stm32h750xx.o(.text)
    HRTIM1_FLT_IRQHandler                    0x08000353   Thumb Code     0  startup_stm32h750xx.o(.text)
    HRTIM1_Master_IRQHandler                 0x08000353   Thumb Code     0  startup_stm32h750xx.o(.text)
    HRTIM1_TIMA_IRQHandler                   0x08000353   Thumb Code     0  startup_stm32h750xx.o(.text)
    HRTIM1_TIMB_IRQHandler                   0x08000353   Thumb Code     0  startup_stm32h750xx.o(.text)
    HRTIM1_TIMC_IRQHandler                   0x08000353   Thumb Code     0  startup_stm32h750xx.o(.text)
    HRTIM1_TIMD_IRQHandler                   0x08000353   Thumb Code     0  startup_stm32h750xx.o(.text)
    HRTIM1_TIME_IRQHandler                   0x08000353   Thumb Code     0  startup_stm32h750xx.o(.text)
    HSEM1_IRQHandler                         0x08000353   Thumb Code     0  startup_stm32h750xx.o(.text)
    I2C1_ER_IRQHandler                       0x08000353   Thumb Code     0  startup_stm32h750xx.o(.text)
    I2C1_EV_IRQHandler                       0x08000353   Thumb Code     0  startup_stm32h750xx.o(.text)
    I2C2_ER_IRQHandler                       0x08000353   Thumb Code     0  startup_stm32h750xx.o(.text)
    I2C2_EV_IRQHandler                       0x08000353   Thumb Code     0  startup_stm32h750xx.o(.text)
    I2C3_ER_IRQHandler                       0x08000353   Thumb Code     0  startup_stm32h750xx.o(.text)
    I2C3_EV_IRQHandler                       0x08000353   Thumb Code     0  startup_stm32h750xx.o(.text)
    JPEG_IRQHandler                          0x08000353   Thumb Code     0  startup_stm32h750xx.o(.text)
    LPTIM1_IRQHandler                        0x08000353   Thumb Code     0  startup_stm32h750xx.o(.text)
    LPTIM2_IRQHandler                        0x08000353   Thumb Code     0  startup_stm32h750xx.o(.text)
    LPTIM3_IRQHandler                        0x08000353   Thumb Code     0  startup_stm32h750xx.o(.text)
    LPTIM4_IRQHandler                        0x08000353   Thumb Code     0  startup_stm32h750xx.o(.text)
    LPTIM5_IRQHandler                        0x08000353   Thumb Code     0  startup_stm32h750xx.o(.text)
    LPUART1_IRQHandler                       0x08000353   Thumb Code     0  startup_stm32h750xx.o(.text)
    LTDC_ER_IRQHandler                       0x08000353   Thumb Code     0  startup_stm32h750xx.o(.text)
    LTDC_IRQHandler                          0x08000353   Thumb Code     0  startup_stm32h750xx.o(.text)
    MDIOS_IRQHandler                         0x08000353   Thumb Code     0  startup_stm32h750xx.o(.text)
    MDIOS_WKUP_IRQHandler                    0x08000353   Thumb Code     0  startup_stm32h750xx.o(.text)
    MDMA_IRQHandler                          0x08000353   Thumb Code     0  startup_stm32h750xx.o(.text)
    OTG_FS_EP1_IN_IRQHandler                 0x08000353   Thumb Code     0  startup_stm32h750xx.o(.text)
    OTG_FS_EP1_OUT_IRQHandler                0x08000353   Thumb Code     0  startup_stm32h750xx.o(.text)
    OTG_FS_IRQHandler                        0x08000353   Thumb Code     0  startup_stm32h750xx.o(.text)
    OTG_FS_WKUP_IRQHandler                   0x08000353   Thumb Code     0  startup_stm32h750xx.o(.text)
    OTG_HS_EP1_IN_IRQHandler                 0x08000353   Thumb Code     0  startup_stm32h750xx.o(.text)
    OTG_HS_EP1_OUT_IRQHandler                0x08000353   Thumb Code     0  startup_stm32h750xx.o(.text)
    OTG_HS_IRQHandler                        0x08000353   Thumb Code     0  startup_stm32h750xx.o(.text)
    OTG_HS_WKUP_IRQHandler                   0x08000353   Thumb Code     0  startup_stm32h750xx.o(.text)
    PVD_AVD_IRQHandler                       0x08000353   Thumb Code     0  startup_stm32h750xx.o(.text)
    QUADSPI_IRQHandler                       0x08000353   Thumb Code     0  startup_stm32h750xx.o(.text)
    RCC_IRQHandler                           0x08000353   Thumb Code     0  startup_stm32h750xx.o(.text)
    RTC_Alarm_IRQHandler                     0x08000353   Thumb Code     0  startup_stm32h750xx.o(.text)
    RTC_WKUP_IRQHandler                      0x08000353   Thumb Code     0  startup_stm32h750xx.o(.text)
    SAI1_IRQHandler                          0x08000353   Thumb Code     0  startup_stm32h750xx.o(.text)
    SAI2_IRQHandler                          0x08000353   Thumb Code     0  startup_stm32h750xx.o(.text)
    SAI3_IRQHandler                          0x08000353   Thumb Code     0  startup_stm32h750xx.o(.text)
    SAI4_IRQHandler                          0x08000353   Thumb Code     0  startup_stm32h750xx.o(.text)
    SDMMC1_IRQHandler                        0x08000353   Thumb Code     0  startup_stm32h750xx.o(.text)
    SDMMC2_IRQHandler                        0x08000353   Thumb Code     0  startup_stm32h750xx.o(.text)
    SPDIF_RX_IRQHandler                      0x08000353   Thumb Code     0  startup_stm32h750xx.o(.text)
    SPI1_IRQHandler                          0x08000353   Thumb Code     0  startup_stm32h750xx.o(.text)
    SPI2_IRQHandler                          0x08000353   Thumb Code     0  startup_stm32h750xx.o(.text)
    SPI3_IRQHandler                          0x08000353   Thumb Code     0  startup_stm32h750xx.o(.text)
    SPI4_IRQHandler                          0x08000353   Thumb Code     0  startup_stm32h750xx.o(.text)
    SPI5_IRQHandler                          0x08000353   Thumb Code     0  startup_stm32h750xx.o(.text)
    SPI6_IRQHandler                          0x08000353   Thumb Code     0  startup_stm32h750xx.o(.text)
    SWPMI1_IRQHandler                        0x08000353   Thumb Code     0  startup_stm32h750xx.o(.text)
    TAMP_STAMP_IRQHandler                    0x08000353   Thumb Code     0  startup_stm32h750xx.o(.text)
    TIM15_IRQHandler                         0x08000353   Thumb Code     0  startup_stm32h750xx.o(.text)
    TIM16_IRQHandler                         0x08000353   Thumb Code     0  startup_stm32h750xx.o(.text)
    TIM17_IRQHandler                         0x08000353   Thumb Code     0  startup_stm32h750xx.o(.text)
    TIM1_BRK_IRQHandler                      0x08000353   Thumb Code     0  startup_stm32h750xx.o(.text)
    TIM1_CC_IRQHandler                       0x08000353   Thumb Code     0  startup_stm32h750xx.o(.text)
    TIM1_TRG_COM_IRQHandler                  0x08000353   Thumb Code     0  startup_stm32h750xx.o(.text)
    TIM1_UP_IRQHandler                       0x08000353   Thumb Code     0  startup_stm32h750xx.o(.text)
    TIM3_IRQHandler                          0x08000353   Thumb Code     0  startup_stm32h750xx.o(.text)
    TIM4_IRQHandler                          0x08000353   Thumb Code     0  startup_stm32h750xx.o(.text)
    TIM5_IRQHandler                          0x08000353   Thumb Code     0  startup_stm32h750xx.o(.text)
    TIM6_DAC_IRQHandler                      0x08000353   Thumb Code     0  startup_stm32h750xx.o(.text)
    TIM7_IRQHandler                          0x08000353   Thumb Code     0  startup_stm32h750xx.o(.text)
    TIM8_BRK_TIM12_IRQHandler                0x08000353   Thumb Code     0  startup_stm32h750xx.o(.text)
    TIM8_CC_IRQHandler                       0x08000353   Thumb Code     0  startup_stm32h750xx.o(.text)
    TIM8_TRG_COM_TIM14_IRQHandler            0x08000353   Thumb Code     0  startup_stm32h750xx.o(.text)
    TIM8_UP_TIM13_IRQHandler                 0x08000353   Thumb Code     0  startup_stm32h750xx.o(.text)
    UART4_IRQHandler                         0x08000353   Thumb Code     0  startup_stm32h750xx.o(.text)
    UART5_IRQHandler                         0x08000353   Thumb Code     0  startup_stm32h750xx.o(.text)
    UART7_IRQHandler                         0x08000353   Thumb Code     0  startup_stm32h750xx.o(.text)
    UART8_IRQHandler                         0x08000353   Thumb Code     0  startup_stm32h750xx.o(.text)
    USART1_IRQHandler                        0x08000353   Thumb Code     0  startup_stm32h750xx.o(.text)
    USART2_IRQHandler                        0x08000353   Thumb Code     0  startup_stm32h750xx.o(.text)
    USART3_IRQHandler                        0x08000353   Thumb Code     0  startup_stm32h750xx.o(.text)
    USART6_IRQHandler                        0x08000353   Thumb Code     0  startup_stm32h750xx.o(.text)
    WAKEUP_PIN_IRQHandler                    0x08000353   Thumb Code     0  startup_stm32h750xx.o(.text)
    WWDG_IRQHandler                          0x08000353   Thumb Code     0  startup_stm32h750xx.o(.text)
    __user_initial_stackheap                 0x08000355   Thumb Code     0  startup_stm32h750xx.o(.text)
    __aeabi_memclr4                          0x08000379   Thumb Code     0  rt_memclr_w.o(.text)
    __aeabi_memclr8                          0x08000379   Thumb Code     0  rt_memclr_w.o(.text)
    __rt_memclr_w                            0x08000379   Thumb Code    78  rt_memclr_w.o(.text)
    _memset_w                                0x0800037d   Thumb Code     0  rt_memclr_w.o(.text)
    __use_two_region_memory                  0x080003c7   Thumb Code     2  heapauxi.o(.text)
    __rt_heap_escrow$2region                 0x080003c9   Thumb Code     2  heapauxi.o(.text)
    __rt_heap_expand$2region                 0x080003cb   Thumb Code     2  heapauxi.o(.text)
    __read_errno                             0x080003cd   Thumb Code    10  _rserrno.o(.text)
    __set_errno                              0x080003d7   Thumb Code    12  _rserrno.o(.text)
    __aeabi_errno_addr                       0x080003e5   Thumb Code     8  rt_errno_addr_intlibspace.o(.text)
    __errno$intlibspace                      0x080003e5   Thumb Code     0  rt_errno_addr_intlibspace.o(.text)
    __rt_errno_addr$intlibspace              0x080003e5   Thumb Code     0  rt_errno_addr_intlibspace.o(.text)
    __user_libspace                          0x080003ed   Thumb Code     8  libspace.o(.text)
    __user_perproc_libspace                  0x080003ed   Thumb Code     0  libspace.o(.text)
    __user_perthread_libspace                0x080003ed   Thumb Code     0  libspace.o(.text)
    __user_setup_stackheap                   0x080003f5   Thumb Code    74  sys_stackheap_outer.o(.text)
    exit                                     0x0800043f   Thumb Code    18  exit.o(.text)
    _sys_exit                                0x08000451   Thumb Code     8  sys_exit.o(.text)
    __I$use$semihosting                      0x0800045d   Thumb Code     0  use_no_semi.o(.text)
    __use_no_semihosting_swi                 0x0800045d   Thumb Code     2  use_no_semi.o(.text)
    __semihosting_library_function           0x0800045f   Thumb Code     0  indicate_semi.o(.text)
    BDMA_Channel7_IRQHandler                 0x08000461   Thumb Code    12  stm32h7xx_it.o(.text.BDMA_Channel7_IRQHandler)
    BusFault_Handler                         0x0800046d   Thumb Code     2  stm32h7xx_it.o(.text.BusFault_Handler)
    DMAMUX2_OVR_IRQHandler                   0x0800046f   Thumb Code     2  stm32h7xx_it.o(.text.DMAMUX2_OVR_IRQHandler)
    DebugMon_Handler                         0x08000805   Thumb Code     2  stm32h7xx_it.o(.text.DebugMon_Handler)
    Error_Handler                            0x08000809   Thumb Code    20  main.o(.text.Error_Handler)
    HAL_DMA_Abort_IT                         0x0800081d   Thumb Code   472  stm32h7xx_hal_dma.o(.text.HAL_DMA_Abort_IT)
    HAL_DMA_GetError                         0x080009f5   Thumb Code     4  stm32h7xx_hal_dma.o(.text.HAL_DMA_GetError)
    HAL_DMA_GetState                         0x080009f9   Thumb Code     6  stm32h7xx_hal_dma.o(.text.HAL_DMA_GetState)
    HAL_DMA_IRQHandler                       0x08000a01   Thumb Code  1408  stm32h7xx_hal_dma.o(.text.HAL_DMA_IRQHandler)
    HAL_DMA_Init                             0x08000f81   Thumb Code  1020  stm32h7xx_hal_dma.o(.text.HAL_DMA_Init)
    HAL_DMA_Start_IT                         0x0800137d   Thumb Code   608  stm32h7xx_hal_dma.o(.text.HAL_DMA_Start_IT)
    HAL_GPIO_Init                            0x080015dd   Thumb Code   404  stm32h7xx_hal_gpio.o(.text.HAL_GPIO_Init)
    HAL_GetREVID                             0x08001771   Thumb Code    12  stm32h7xx_hal.o(.text.HAL_GetREVID)
    HAL_GetTick                              0x0800177d   Thumb Code    12  stm32h7xx_hal.o(.text.HAL_GetTick)
    HAL_I2CEx_ConfigAnalogFilter             0x08001789   Thumb Code    74  stm32h7xx_hal_i2c_ex.o(.text.HAL_I2CEx_ConfigAnalogFilter)
    HAL_I2CEx_ConfigDigitalFilter            0x080017d3   Thumb Code    72  stm32h7xx_hal_i2c_ex.o(.text.HAL_I2CEx_ConfigDigitalFilter)
    HAL_I2C_AbortCpltCallback                0x0800181b   Thumb Code     2  stm32h7xx_hal_i2c.o(.text.HAL_I2C_AbortCpltCallback)
    HAL_I2C_AddrCallback                     0x0800181d   Thumb Code     2  stm32h7xx_hal_i2c.o(.text.HAL_I2C_AddrCallback)
    HAL_I2C_ER_IRQHandler                    0x0800181f   Thumb Code   104  stm32h7xx_hal_i2c.o(.text.HAL_I2C_ER_IRQHandler)
    HAL_I2C_EV_IRQHandler                    0x08001887   Thumb Code    20  stm32h7xx_hal_i2c.o(.text.HAL_I2C_EV_IRQHandler)
    HAL_I2C_ErrorCallback                    0x0800189b   Thumb Code     2  stm32h7xx_hal_i2c.o(.text.HAL_I2C_ErrorCallback)
    HAL_I2C_GetState                         0x0800189d   Thumb Code     6  stm32h7xx_hal_i2c.o(.text.HAL_I2C_GetState)
    HAL_I2C_Init                             0x080018a5   Thumb Code   168  stm32h7xx_hal_i2c.o(.text.HAL_I2C_Init)
    HAL_I2C_ListenCpltCallback               0x0800194d   Thumb Code     2  stm32h7xx_hal_i2c.o(.text.HAL_I2C_ListenCpltCallback)
    HAL_I2C_MasterRxCpltCallback             0x0800194f   Thumb Code     2  stm32h7xx_hal_i2c.o(.text.HAL_I2C_MasterRxCpltCallback)
    HAL_I2C_MasterTxCpltCallback             0x08001951   Thumb Code    24  dac_controller.o(.text.HAL_I2C_MasterTxCpltCallback)
    HAL_I2C_MemRxCpltCallback                0x08001969   Thumb Code     2  stm32h7xx_hal_i2c.o(.text.HAL_I2C_MemRxCpltCallback)
    HAL_I2C_MemTxCpltCallback                0x0800196b   Thumb Code     2  dac_controller.o(.text.HAL_I2C_MemTxCpltCallback)
    HAL_I2C_Mem_Write_DMA                    0x0800196d   Thumb Code   264  stm32h7xx_hal_i2c.o(.text.HAL_I2C_Mem_Write_DMA)
    HAL_I2C_Mem_Write_IT                     0x08001a6d   Thumb Code   184  stm32h7xx_hal_i2c.o(.text.HAL_I2C_Mem_Write_IT)
    HAL_I2C_MspInit                          0x08001b25   Thumb Code   220  i2c.o(.text.HAL_I2C_MspInit)
    HAL_I2C_SlaveRxCpltCallback              0x08001c01   Thumb Code     2  stm32h7xx_hal_i2c.o(.text.HAL_I2C_SlaveRxCpltCallback)
    HAL_I2C_SlaveTxCpltCallback              0x08001c03   Thumb Code     2  stm32h7xx_hal_i2c.o(.text.HAL_I2C_SlaveTxCpltCallback)
    HAL_IncTick                              0x08001c05   Thumb Code    16  stm32h7xx_hal.o(.text.HAL_IncTick)
    HAL_Init                                 0x08001c11   Thumb Code    92  stm32h7xx_hal.o(.text.HAL_Init)
    HAL_InitTick                             0x08001c69   Thumb Code    72  stm32h7xx_hal.o(.text.HAL_InitTick)
    HAL_MspInit                              0x08001cb1   Thumb Code    32  stm32h7xx_hal_msp.o(.text.HAL_MspInit)
    HAL_NVIC_EnableIRQ                       0x08001cd1   Thumb Code    28  stm32h7xx_hal_cortex.o(.text.HAL_NVIC_EnableIRQ)
    HAL_NVIC_SetPriority                     0x08001ced   Thumb Code    92  stm32h7xx_hal_cortex.o(.text.HAL_NVIC_SetPriority)
    HAL_NVIC_SetPriorityGrouping             0x08001d45   Thumb Code    32  stm32h7xx_hal_cortex.o(.text.HAL_NVIC_SetPriorityGrouping)
    HAL_PWREx_ConfigSupply                   0x08001d65   Thumb Code    76  stm32h7xx_hal_pwr_ex.o(.text.HAL_PWREx_ConfigSupply)
    HAL_RCCEx_PeriphCLKConfig                0x08001db1   Thumb Code  2360  stm32h7xx_hal_rcc_ex.o(.text.HAL_RCCEx_PeriphCLKConfig)
    HAL_RCC_ClockConfig                      0x080026e9   Thumb Code   556  stm32h7xx_hal_rcc.o(.text.HAL_RCC_ClockConfig)
    HAL_RCC_GetSysClockFreq                  0x08002911   Thumb Code   332  stm32h7xx_hal_rcc.o(.text.HAL_RCC_GetSysClockFreq)
    HAL_RCC_OscConfig                        0x08002a5d   Thumb Code  1314  stm32h7xx_hal_rcc.o(.text.HAL_RCC_OscConfig)
    HAL_SYSTICK_Config                       0x08002f81   Thumb Code    40  stm32h7xx_hal_cortex.o(.text.HAL_SYSTICK_Config)
    HAL_TIMEx_Break2Callback                 0x08002fa9   Thumb Code     2  stm32h7xx_hal_tim_ex.o(.text.HAL_TIMEx_Break2Callback)
    HAL_TIMEx_BreakCallback                  0x08002fab   Thumb Code     2  stm32h7xx_hal_tim_ex.o(.text.HAL_TIMEx_BreakCallback)
    HAL_TIMEx_CommutCallback                 0x08002fad   Thumb Code     2  stm32h7xx_hal_tim_ex.o(.text.HAL_TIMEx_CommutCallback)
    HAL_TIMEx_MasterConfigSynchronization    0x08002fb1   Thumb Code   168  stm32h7xx_hal_tim_ex.o(.text.HAL_TIMEx_MasterConfigSynchronization)
    HAL_TIM_Base_Init                        0x08003059   Thumb Code    96  stm32h7xx_hal_tim.o(.text.HAL_TIM_Base_Init)
    HAL_TIM_Base_MspInit                     0x080030b9   Thumb Code    56  tim.o(.text.HAL_TIM_Base_MspInit)
    HAL_TIM_ConfigClockSource                0x080030f1   Thumb Code   292  stm32h7xx_hal_tim.o(.text.HAL_TIM_ConfigClockSource)
    HAL_TIM_IC_CaptureCallback               0x08003215   Thumb Code     2  stm32h7xx_hal_tim.o(.text.HAL_TIM_IC_CaptureCallback)
    HAL_TIM_IRQHandler                       0x08003219   Thumb Code   316  stm32h7xx_hal_tim.o(.text.HAL_TIM_IRQHandler)
    HAL_TIM_OC_DelayElapsedCallback          0x08003355   Thumb Code     2  stm32h7xx_hal_tim.o(.text.HAL_TIM_OC_DelayElapsedCallback)
    HAL_TIM_PWM_PulseFinishedCallback        0x08003357   Thumb Code     2  stm32h7xx_hal_tim.o(.text.HAL_TIM_PWM_PulseFinishedCallback)
    HAL_TIM_PeriodElapsedCallback            0x08003359   Thumb Code    16  tim.o(.text.HAL_TIM_PeriodElapsedCallback)
    HAL_TIM_TriggerCallback                  0x08003369   Thumb Code     2  stm32h7xx_hal_tim.o(.text.HAL_TIM_TriggerCallback)
    HardFault_Handler                        0x0800336b   Thumb Code     2  stm32h7xx_it.o(.text.HardFault_Handler)
    I2C4_ER_IRQHandler                       0x0800336d   Thumb Code    12  stm32h7xx_it.o(.text.I2C4_ER_IRQHandler)
    I2C4_EV_IRQHandler                       0x08003375   Thumb Code    12  stm32h7xx_it.o(.text.I2C4_EV_IRQHandler)
    MX_BDMA_Init                             0x08004369   Thumb Code    64  bdma.o(.text.MX_BDMA_Init)
    MX_GPIO_Init                             0x080043a5   Thumb Code    32  gpio.o(.text.MX_GPIO_Init)
    MX_I2C4_Init                             0x080043c5   Thumb Code    88  i2c.o(.text.MX_I2C4_Init)
    MX_TIM2_Init                             0x0800441d   Thumb Code   104  tim.o(.text.MX_TIM2_Init)
    MemManage_Handler                        0x08004485   Thumb Code     2  stm32h7xx_it.o(.text.MemManage_Handler)
    NMI_Handler                              0x08004487   Thumb Code     2  stm32h7xx_it.o(.text.NMI_Handler)
    PendSV_Handler                           0x08004489   Thumb Code     2  stm32h7xx_it.o(.text.PendSV_Handler)
    SVC_Handler                              0x080046a5   Thumb Code     2  stm32h7xx_it.o(.text.SVC_Handler)
    SysTick_Handler                          0x080046a7   Thumb Code     4  stm32h7xx_it.o(.text.SysTick_Handler)
    SystemClock_Config                       0x080046ad   Thumb Code   204  main.o(.text.SystemClock_Config)
    SystemInit                               0x08004779   Thumb Code   180  system_stm32h7xx.o(.text.SystemInit)
    TIM2_IRQHandler                          0x0800482d   Thumb Code    12  stm32h7xx_it.o(.text.TIM2_IRQHandler)
    TIM_Base_SetConfig                       0x08004839   Thumb Code   216  stm32h7xx_hal_tim.o(.text.TIM_Base_SetConfig)
    UsageFault_Handler                       0x08004957   Thumb Code     2  stm32h7xx_it.o(.text.UsageFault_Handler)
    dac_update_handler                       0x08004959   Thumb Code    80  dac_controller.o(.text.dac_update_handler)
    generate_sine_wave                       0x080049a9   Thumb Code   124  waveform_generator.o(.text.generate_sine_wave)
    generate_square_wave                     0x08004a21   Thumb Code    48  waveform_generator.o(.text.generate_square_wave)
    generate_triangle_wave                   0x08004a4d   Thumb Code   116  waveform_generator.o(.text.generate_triangle_wave)
    main                                     0x08004abd   Thumb Code    84  main.o(.text.main)
    update_waveform_buffer                   0x08004b11   Thumb Code    40  waveform_generator.o(.text.update_waveform_buffer)
    __ARM_fpclassify                         0x08004b39   Thumb Code    48  fpclassify.o(i.__ARM_fpclassify)
    __hardfp_sin                             0x08004b69   Thumb Code   158  sin.o(i.__hardfp_sin)
    __ieee754_rem_pio2                       0x08004c19   Thumb Code   646  rred.o(i.__ieee754_rem_pio2)
    __kernel_cos                             0x08004f21   Thumb Code   182  cos_i.o(i.__kernel_cos)
    __kernel_poly                            0x08004fe5   Thumb Code   112  poly.o(i.__kernel_poly)
    __kernel_sin                             0x08005059   Thumb Code   144  sin_i.o(i.__kernel_sin)
    __mathlib_dbl_invalid                    0x080050f9   Thumb Code    10  dunder.o(i.__mathlib_dbl_invalid)
    __mathlib_dbl_underflow                  0x08005111   Thumb Code    10  dunder.o(i.__mathlib_dbl_underflow)
    fabs                                     0x08005129   Thumb Code    24  fabs.o(i.fabs)
    _fp_init                                 0x08005141   Thumb Code    10  fpinit.o(x$fpl$fpinit)
    __fplib_config_fpu_vfp                   0x08005149   Thumb Code     0  fpinit.o(x$fpl$fpinit)
    __fplib_config_pureend_doubles           0x08005149   Thumb Code     0  fpinit.o(x$fpl$fpinit)
    __I$use$fp                               0x0800514a   Number         0  usenofp.o(x$fpl$usenofp)
    D1CorePrescTable                         0x08005270   Data          16  system_stm32h7xx.o(.rodata.D1CorePrescTable)
    Region$$Table$$Base                      0x08005280   Number         0  anon$$obj.o(Region$$Table)
    Region$$Table$$Limit                     0x080052a0   Number         0  anon$$obj.o(Region$$Table)
    active_buffer                            0x24000000   Data           1  dac_controller.o(.data..L_MergedGlobals)
    transfer_complete                        0x24000001   Data           1  dac_controller.o(.data..L_MergedGlobals)
    update_interval_us                       0x24000004   Data           4  dac_controller.o(.data..L_MergedGlobals)
    uwTickFreq                               0x24000008   Data           1  stm32h7xx_hal.o(.data..L_MergedGlobals)
    uwTickPrio                               0x2400000c   Data           4  stm32h7xx_hal.o(.data..L_MergedGlobals)
    uwTick                                   0x24000010   Data           4  stm32h7xx_hal.o(.data..L_MergedGlobals)
    SystemCoreClock                          0x24000014   Data           4  system_stm32h7xx.o(.data..L_MergedGlobals)
    SystemD2Clock                            0x24000018   Data           4  system_stm32h7xx.o(.data..L_MergedGlobals)
    current_wave                             0x2400001c   Data           8  waveform_generator.o(.data.current_wave)
    __libspace_start                         0x24000028   Data          96  libspace.o(.bss)
    __temporary_stack_top$libspace           0x24000088   Data           0  libspace.o(.bss)
    dac_buffer                               0x24000088   Data         200  dac_controller.o(.bss.dac_buffer)
    error                                    0x24000150   Data           4  main.o(.bss.error)
    hdma_i2c4_tx                             0x24000154   Data         120  i2c.o(.bss.hdma_i2c4_tx)
    hi2c4                                    0x240001cc   Data          84  i2c.o(.bss.hi2c4)
    htim2                                    0x24000220   Data          76  tim.o(.bss.htim2)



==============================================================================

Memory Map of the image

  Image Entry point : 0x08000299

  Load Region LR_IROM1 (Base: 0x08000000, Size: 0x000052c8, Max: 0x00020000, ABSOLUTE)

    Execution Region ER_IROM1 (Exec base: 0x08000000, Load base: 0x08000000, Size: 0x000052a0, Max: 0x00020000, ABSOLUTE)

    Exec Addr    Load Addr    Size         Type   Attr      Idx    E Section Name        Object

    0x08000000   0x08000000   0x00000298   Data   RO            3    RESET               startup_stm32h750xx.o
    0x08000298   0x08000298   0x00000008   Code   RO         1436  * !!!main             c_w.l(__main.o)
    0x080002a0   0x080002a0   0x00000034   Code   RO         1657    !!!scatter          c_w.l(__scatter.o)
    0x080002d4   0x080002d4   0x0000001a   Code   RO         1659    !!handler_copy      c_w.l(__scatter_copy.o)
    0x080002ee   0x080002ee   0x00000002   PAD
    0x080002f0   0x080002f0   0x0000001c   Code   RO         1661    !!handler_zi        c_w.l(__scatter_zi.o)
    0x0800030c   0x0800030c   0x00000002   Code   RO         1524    .ARM.Collect$$libinit$$00000000  c_w.l(libinit.o)
    0x0800030e   0x0800030e   0x00000004   Code   RO         1527    .ARM.Collect$$libinit$$00000001  c_w.l(libinit2.o)
    0x08000312   0x08000312   0x00000000   Code   RO         1530    .ARM.Collect$$libinit$$00000004  c_w.l(libinit2.o)
    0x08000312   0x08000312   0x00000000   Code   RO         1533    .ARM.Collect$$libinit$$0000000A  c_w.l(libinit2.o)
    0x08000312   0x08000312   0x00000000   Code   RO         1535    .ARM.Collect$$libinit$$0000000C  c_w.l(libinit2.o)
    0x08000312   0x08000312   0x00000000   Code   RO         1537    .ARM.Collect$$libinit$$0000000E  c_w.l(libinit2.o)
    0x08000312   0x08000312   0x00000000   Code   RO         1540    .ARM.Collect$$libinit$$00000011  c_w.l(libinit2.o)
    0x08000312   0x08000312   0x00000000   Code   RO         1542    .ARM.Collect$$libinit$$00000013  c_w.l(libinit2.o)
    0x08000312   0x08000312   0x00000000   Code   RO         1544    .ARM.Collect$$libinit$$00000015  c_w.l(libinit2.o)
    0x08000312   0x08000312   0x00000000   Code   RO         1546    .ARM.Collect$$libinit$$00000017  c_w.l(libinit2.o)
    0x08000312   0x08000312   0x00000000   Code   RO         1548    .ARM.Collect$$libinit$$00000019  c_w.l(libinit2.o)
    0x08000312   0x08000312   0x00000000   Code   RO         1550    .ARM.Collect$$libinit$$0000001B  c_w.l(libinit2.o)
    0x08000312   0x08000312   0x00000000   Code   RO         1552    .ARM.Collect$$libinit$$0000001D  c_w.l(libinit2.o)
    0x08000312   0x08000312   0x00000000   Code   RO         1554    .ARM.Collect$$libinit$$0000001F  c_w.l(libinit2.o)
    0x08000312   0x08000312   0x00000000   Code   RO         1556    .ARM.Collect$$libinit$$00000021  c_w.l(libinit2.o)
    0x08000312   0x08000312   0x00000000   Code   RO         1558    .ARM.Collect$$libinit$$00000023  c_w.l(libinit2.o)
    0x08000312   0x08000312   0x00000000   Code   RO         1560    .ARM.Collect$$libinit$$00000025  c_w.l(libinit2.o)
    0x08000312   0x08000312   0x00000000   Code   RO         1564    .ARM.Collect$$libinit$$0000002C  c_w.l(libinit2.o)
    0x08000312   0x08000312   0x00000000   Code   RO         1566    .ARM.Collect$$libinit$$0000002E  c_w.l(libinit2.o)
    0x08000312   0x08000312   0x00000000   Code   RO         1568    .ARM.Collect$$libinit$$00000030  c_w.l(libinit2.o)
    0x08000312   0x08000312   0x00000000   Code   RO         1570    .ARM.Collect$$libinit$$00000032  c_w.l(libinit2.o)
    0x08000312   0x08000312   0x00000002   Code   RO         1571    .ARM.Collect$$libinit$$00000033  c_w.l(libinit2.o)
    0x08000314   0x08000314   0x00000002   Code   RO         1593    .ARM.Collect$$libshutdown$$00000000  c_w.l(libshutdown.o)
    0x08000316   0x08000316   0x00000000   Code   RO         1608    .ARM.Collect$$libshutdown$$00000002  c_w.l(libshutdown2.o)
    0x08000316   0x08000316   0x00000000   Code   RO         1610    .ARM.Collect$$libshutdown$$00000004  c_w.l(libshutdown2.o)
    0x08000316   0x08000316   0x00000000   Code   RO         1613    .ARM.Collect$$libshutdown$$00000007  c_w.l(libshutdown2.o)
    0x08000316   0x08000316   0x00000000   Code   RO         1616    .ARM.Collect$$libshutdown$$0000000A  c_w.l(libshutdown2.o)
    0x08000316   0x08000316   0x00000000   Code   RO         1618    .ARM.Collect$$libshutdown$$0000000C  c_w.l(libshutdown2.o)
    0x08000316   0x08000316   0x00000000   Code   RO         1621    .ARM.Collect$$libshutdown$$0000000F  c_w.l(libshutdown2.o)
    0x08000316   0x08000316   0x00000002   Code   RO         1622    .ARM.Collect$$libshutdown$$00000010  c_w.l(libshutdown2.o)
    0x08000318   0x08000318   0x00000000   Code   RO         1450    .ARM.Collect$$rtentry$$00000000  c_w.l(__rtentry.o)
    0x08000318   0x08000318   0x00000000   Code   RO         1483    .ARM.Collect$$rtentry$$00000002  c_w.l(__rtentry2.o)
    0x08000318   0x08000318   0x00000006   Code   RO         1495    .ARM.Collect$$rtentry$$00000004  c_w.l(__rtentry4.o)
    0x0800031e   0x0800031e   0x00000000   Code   RO         1485    .ARM.Collect$$rtentry$$00000009  c_w.l(__rtentry2.o)
    0x0800031e   0x0800031e   0x00000004   Code   RO         1486    .ARM.Collect$$rtentry$$0000000A  c_w.l(__rtentry2.o)
    0x08000322   0x08000322   0x00000000   Code   RO         1488    .ARM.Collect$$rtentry$$0000000C  c_w.l(__rtentry2.o)
    0x08000322   0x08000322   0x00000008   Code   RO         1489    .ARM.Collect$$rtentry$$0000000D  c_w.l(__rtentry2.o)
    0x0800032a   0x0800032a   0x00000002   Code   RO         1525    .ARM.Collect$$rtexit$$00000000  c_w.l(rtexit.o)
    0x0800032c   0x0800032c   0x00000000   Code   RO         1573    .ARM.Collect$$rtexit$$00000002  c_w.l(rtexit2.o)
    0x0800032c   0x0800032c   0x00000004   Code   RO         1574    .ARM.Collect$$rtexit$$00000003  c_w.l(rtexit2.o)
    0x08000330   0x08000330   0x00000006   Code   RO         1575    .ARM.Collect$$rtexit$$00000004  c_w.l(rtexit2.o)
    0x08000336   0x08000336   0x00000002   PAD
    0x08000338   0x08000338   0x00000040   Code   RO            4    .text               startup_stm32h750xx.o
    0x08000378   0x08000378   0x0000004e   Code   RO         1432    .text               c_w.l(rt_memclr_w.o)
    0x080003c6   0x080003c6   0x00000006   Code   RO         1434    .text               c_w.l(heapauxi.o)
    0x080003cc   0x080003cc   0x00000016   Code   RO         1451    .text               c_w.l(_rserrno.o)
    0x080003e2   0x080003e2   0x00000002   PAD
    0x080003e4   0x080003e4   0x00000008   Code   RO         1500    .text               c_w.l(rt_errno_addr_intlibspace.o)
    0x080003ec   0x080003ec   0x00000008   Code   RO         1512    .text               c_w.l(libspace.o)
    0x080003f4   0x080003f4   0x0000004a   Code   RO         1515    .text               c_w.l(sys_stackheap_outer.o)
    0x0800043e   0x0800043e   0x00000012   Code   RO         1517    .text               c_w.l(exit.o)
    0x08000450   0x08000450   0x0000000c   Code   RO         1583    .text               c_w.l(sys_exit.o)
    0x0800045c   0x0800045c   0x00000002   Code   RO         1598    .text               c_w.l(use_no_semi.o)
    0x0800045e   0x0800045e   0x00000000   Code   RO         1600    .text               c_w.l(indicate_semi.o)
    0x0800045e   0x0800045e   0x00000002   PAD
    0x08000460   0x08000460   0x0000000c   Code   RO          168    .text.BDMA_Channel7_IRQHandler  stm32h7xx_it.o
    0x0800046c   0x0800046c   0x00000002   Code   RO          148    .text.BusFault_Handler  stm32h7xx_it.o
    0x0800046e   0x0800046e   0x00000002   Code   RO          166    .text.DMAMUX2_OVR_IRQHandler  stm32h7xx_it.o
    0x08000470   0x08000470   0x000000e0   Code   RO          673    .text.DMA_CalcBaseAndBitshift  stm32h7xx_hal_dma.o
    0x08000550   0x08000550   0x0000008c   Code   RO          675    .text.DMA_CalcDMAMUXChannelBaseAndMask  stm32h7xx_hal_dma.o
    0x080005dc   0x080005dc   0x00000084   Code   RO          677    .text.DMA_CalcDMAMUXRequestGenBaseAndMask  stm32h7xx_hal_dma.o
    0x08000660   0x08000660   0x000001a4   Code   RO          683    .text.DMA_SetConfig  stm32h7xx_hal_dma.o
    0x08000804   0x08000804   0x00000002   Code   RO          154    .text.DebugMon_Handler  stm32h7xx_it.o
    0x08000806   0x08000806   0x00000002   PAD
    0x08000808   0x08000808   0x00000014   Code   RO           60    .text.Error_Handler  main.o
    0x0800081c   0x0800081c   0x000001d8   Code   RO          689    .text.HAL_DMA_Abort_IT  stm32h7xx_hal_dma.o
    0x080009f4   0x080009f4   0x00000004   Code   RO          701    .text.HAL_DMA_GetError  stm32h7xx_hal_dma.o
    0x080009f8   0x080009f8   0x00000006   Code   RO          699    .text.HAL_DMA_GetState  stm32h7xx_hal_dma.o
    0x080009fe   0x080009fe   0x00000002   PAD
    0x08000a00   0x08000a00   0x00000580   Code   RO          693    .text.HAL_DMA_IRQHandler  stm32h7xx_hal_dma.o
    0x08000f80   0x08000f80   0x000003fc   Code   RO          671    .text.HAL_DMA_Init  stm32h7xx_hal_dma.o
    0x0800137c   0x0800137c   0x00000260   Code   RO          685    .text.HAL_DMA_Start_IT  stm32h7xx_hal_dma.o
    0x080015dc   0x080015dc   0x00000194   Code   RO          611    .text.HAL_GPIO_Init  stm32h7xx_hal_gpio.o
    0x08001770   0x08001770   0x0000000c   Code   RO          956    .text.HAL_GetREVID  stm32h7xx_hal.o
    0x0800177c   0x0800177c   0x0000000c   Code   RO          940    .text.HAL_GetTick   stm32h7xx_hal.o
    0x08001788   0x08001788   0x0000004a   Code   RO          413    .text.HAL_I2CEx_ConfigAnalogFilter  stm32h7xx_hal_i2c_ex.o
    0x080017d2   0x080017d2   0x00000048   Code   RO          415    .text.HAL_I2CEx_ConfigDigitalFilter  stm32h7xx_hal_i2c_ex.o
    0x0800181a   0x0800181a   0x00000002   Code   RO          378    .text.HAL_I2C_AbortCpltCallback  stm32h7xx_hal_i2c.o
    0x0800181c   0x0800181c   0x00000002   Code   RO          368    .text.HAL_I2C_AddrCallback  stm32h7xx_hal_i2c.o
    0x0800181e   0x0800181e   0x00000068   Code   RO          356    .text.HAL_I2C_ER_IRQHandler  stm32h7xx_hal_i2c.o
    0x08001886   0x08001886   0x00000014   Code   RO          354    .text.HAL_I2C_EV_IRQHandler  stm32h7xx_hal_i2c.o
    0x0800189a   0x0800189a   0x00000002   Code   RO          376    .text.HAL_I2C_ErrorCallback  stm32h7xx_hal_i2c.o
    0x0800189c   0x0800189c   0x00000006   Code   RO          380    .text.HAL_I2C_GetState  stm32h7xx_hal_i2c.o
    0x080018a2   0x080018a2   0x00000002   PAD
    0x080018a4   0x080018a4   0x000000a8   Code   RO          246    .text.HAL_I2C_Init  stm32h7xx_hal_i2c.o
    0x0800194c   0x0800194c   0x00000002   Code   RO          370    .text.HAL_I2C_ListenCpltCallback  stm32h7xx_hal_i2c.o
    0x0800194e   0x0800194e   0x00000002   Code   RO          362    .text.HAL_I2C_MasterRxCpltCallback  stm32h7xx_hal_i2c.o
    0x08001950   0x08001950   0x00000018   Code   RO           39    .text.HAL_I2C_MasterTxCpltCallback  dac_controller.o
    0x08001968   0x08001968   0x00000002   Code   RO          374    .text.HAL_I2C_MemRxCpltCallback  stm32h7xx_hal_i2c.o
    0x0800196a   0x0800196a   0x00000002   Code   RO           41    .text.HAL_I2C_MemTxCpltCallback  dac_controller.o
    0x0800196c   0x0800196c   0x00000100   Code   RO          320    .text.HAL_I2C_Mem_Write_DMA  stm32h7xx_hal_i2c.o
    0x08001a6c   0x08001a6c   0x000000b8   Code   RO          314    .text.HAL_I2C_Mem_Write_IT  stm32h7xx_hal_i2c.o
    0x08001b24   0x08001b24   0x000000dc   Code   RO          103    .text.HAL_I2C_MspInit  i2c.o
    0x08001c00   0x08001c00   0x00000002   Code   RO          366    .text.HAL_I2C_SlaveRxCpltCallback  stm32h7xx_hal_i2c.o
    0x08001c02   0x08001c02   0x00000002   Code   RO          364    .text.HAL_I2C_SlaveTxCpltCallback  stm32h7xx_hal_i2c.o
    0x08001c04   0x08001c04   0x0000000c   Code   RO          938    .text.HAL_IncTick   stm32h7xx_hal.o
    0x08001c10   0x08001c10   0x00000058   Code   RO          928    .text.HAL_Init      stm32h7xx_hal.o
    0x08001c68   0x08001c68   0x00000048   Code   RO          930    .text.HAL_InitTick  stm32h7xx_hal.o
    0x08001cb0   0x08001cb0   0x00000020   Code   RO          180    .text.HAL_MspInit   stm32h7xx_hal_msp.o
    0x08001cd0   0x08001cd0   0x0000001c   Code   RO          197    .text.HAL_NVIC_EnableIRQ  stm32h7xx_hal_cortex.o
    0x08001cec   0x08001cec   0x00000058   Code   RO          195    .text.HAL_NVIC_SetPriority  stm32h7xx_hal_cortex.o
    0x08001d44   0x08001d44   0x00000020   Code   RO          193    .text.HAL_NVIC_SetPriorityGrouping  stm32h7xx_hal_cortex.o
    0x08001d64   0x08001d64   0x0000004c   Code   RO          837    .text.HAL_PWREx_ConfigSupply  stm32h7xx_hal_pwr_ex.o
    0x08001db0   0x08001db0   0x00000938   Code   RO          475    .text.HAL_RCCEx_PeriphCLKConfig  stm32h7xx_hal_rcc_ex.o
    0x080026e8   0x080026e8   0x00000228   Code   RO          440    .text.HAL_RCC_ClockConfig  stm32h7xx_hal_rcc.o
    0x08002910   0x08002910   0x0000014c   Code   RO          442    .text.HAL_RCC_GetSysClockFreq  stm32h7xx_hal_rcc.o
    0x08002a5c   0x08002a5c   0x00000522   Code   RO          438    .text.HAL_RCC_OscConfig  stm32h7xx_hal_rcc.o
    0x08002f7e   0x08002f7e   0x00000002   PAD
    0x08002f80   0x08002f80   0x00000028   Code   RO          203    .text.HAL_SYSTICK_Config  stm32h7xx_hal_cortex.o
    0x08002fa8   0x08002fa8   0x00000002   Code   RO         1397    .text.HAL_TIMEx_Break2Callback  stm32h7xx_hal_tim_ex.o
    0x08002faa   0x08002faa   0x00000002   Code   RO         1395    .text.HAL_TIMEx_BreakCallback  stm32h7xx_hal_tim_ex.o
    0x08002fac   0x08002fac   0x00000002   Code   RO         1391    .text.HAL_TIMEx_CommutCallback  stm32h7xx_hal_tim_ex.o
    0x08002fae   0x08002fae   0x00000002   PAD
    0x08002fb0   0x08002fb0   0x000000a8   Code   RO         1379    .text.HAL_TIMEx_MasterConfigSynchronization  stm32h7xx_hal_tim_ex.o
    0x08003058   0x08003058   0x00000060   Code   RO         1065    .text.HAL_TIM_Base_Init  stm32h7xx_hal_tim.o
    0x080030b8   0x080030b8   0x00000038   Code   RO          122    .text.HAL_TIM_Base_MspInit  tim.o
    0x080030f0   0x080030f0   0x00000124   Code   RO         1257    .text.HAL_TIM_ConfigClockSource  stm32h7xx_hal_tim.o
    0x08003214   0x08003214   0x00000002   Code   RO         1201    .text.HAL_TIM_IC_CaptureCallback  stm32h7xx_hal_tim.o
    0x08003216   0x08003216   0x00000002   PAD
    0x08003218   0x08003218   0x0000013c   Code   RO         1199    .text.HAL_TIM_IRQHandler  stm32h7xx_hal_tim.o
    0x08003354   0x08003354   0x00000002   Code   RO         1203    .text.HAL_TIM_OC_DelayElapsedCallback  stm32h7xx_hal_tim.o
    0x08003356   0x08003356   0x00000002   Code   RO         1205    .text.HAL_TIM_PWM_PulseFinishedCallback  stm32h7xx_hal_tim.o
    0x08003358   0x08003358   0x00000010   Code   RO          128    .text.HAL_TIM_PeriodElapsedCallback  tim.o
    0x08003368   0x08003368   0x00000002   Code   RO         1209    .text.HAL_TIM_TriggerCallback  stm32h7xx_hal_tim.o
    0x0800336a   0x0800336a   0x00000002   Code   RO          144    .text.HardFault_Handler  stm32h7xx_it.o
    0x0800336c   0x0800336c   0x00000008   Code   RO          164    .text.I2C4_ER_IRQHandler  stm32h7xx_it.o
    0x08003374   0x08003374   0x0000000c   Code   RO          162    .text.I2C4_EV_IRQHandler  stm32h7xx_it.o
    0x08003380   0x08003380   0x00000016   Code   RO          340    .text.I2C_DMAAbort  stm32h7xx_hal_i2c.o
    0x08003396   0x08003396   0x00000002   PAD
    0x08003398   0x08003398   0x00000158   Code   RO          294    .text.I2C_DMAError  stm32h7xx_hal_i2c.o
    0x080034f0   0x080034f0   0x00000054   Code   RO          292    .text.I2C_DMAMasterTransmitCplt  stm32h7xx_hal_i2c.o
    0x08003544   0x08003544   0x0000005c   Code   RO          338    .text.I2C_Disable_IRQ  stm32h7xx_hal_i2c.o
    0x080035a0   0x080035a0   0x0000006c   Code   RO          278    .text.I2C_Enable_IRQ  stm32h7xx_hal_i2c.o
    0x0800360c   0x0800360c   0x00000020   Code   RO          270    .text.I2C_Flush_TXDR  stm32h7xx_hal_i2c.o
    0x0800362c   0x0800362c   0x000000a0   Code   RO          396    .text.I2C_ITAddrCplt  stm32h7xx_hal_i2c.o
    0x080036cc   0x080036cc   0x00000110   Code   RO          358    .text.I2C_ITError   stm32h7xx_hal_i2c.o
    0x080037dc   0x080037dc   0x00000060   Code   RO          392    .text.I2C_ITListenCplt  stm32h7xx_hal_i2c.o
    0x0800383c   0x0800383c   0x000000ec   Code   RO          388    .text.I2C_ITMasterCplt  stm32h7xx_hal_i2c.o
    0x08003928   0x08003928   0x00000050   Code   RO          386    .text.I2C_ITMasterSeqCplt  stm32h7xx_hal_i2c.o
    0x08003978   0x08003978   0x0000025c   Code   RO          390    .text.I2C_ITSlaveCplt  stm32h7xx_hal_i2c.o
    0x08003bd4   0x08003bd4   0x00000080   Code   RO          394    .text.I2C_ITSlaveSeqCplt  stm32h7xx_hal_i2c.o
    0x08003c54   0x08003c54   0x00000108   Code   RO          290    .text.I2C_Master_ISR_DMA  stm32h7xx_hal_i2c.o
    0x08003d5c   0x08003d5c   0x00000128   Code   RO          322    .text.I2C_Mem_ISR_DMA  stm32h7xx_hal_i2c.o
    0x08003e84   0x08003e84   0x00000138   Code   RO          316    .text.I2C_Mem_ISR_IT  stm32h7xx_hal_i2c.o
    0x08003fbc   0x08003fbc   0x0000024c   Code   RO          302    .text.I2C_Slave_ISR_DMA  stm32h7xx_hal_i2c.o
    0x08004208   0x08004208   0x00000100   Code   RO          284    .text.I2C_Slave_ISR_IT  stm32h7xx_hal_i2c.o
    0x08004308   0x08004308   0x00000038   Code   RO          258    .text.I2C_TransferConfig  stm32h7xx_hal_i2c.o
    0x08004340   0x08004340   0x00000026   Code   RO          398    .text.I2C_TreatErrorCallback  stm32h7xx_hal_i2c.o
    0x08004366   0x08004366   0x00000002   PAD
    0x08004368   0x08004368   0x0000003c   Code   RO           88    .text.MX_BDMA_Init  bdma.o
    0x080043a4   0x080043a4   0x00000020   Code   RO           75    .text.MX_GPIO_Init  gpio.o
    0x080043c4   0x080043c4   0x00000058   Code   RO          101    .text.MX_I2C4_Init  i2c.o
    0x0800441c   0x0800441c   0x00000068   Code   RO          120    .text.MX_TIM2_Init  tim.o
    0x08004484   0x08004484   0x00000002   Code   RO          146    .text.MemManage_Handler  stm32h7xx_it.o
    0x08004486   0x08004486   0x00000002   Code   RO          142    .text.NMI_Handler   stm32h7xx_it.o
    0x08004488   0x08004488   0x00000002   Code   RO          156    .text.PendSV_Handler  stm32h7xx_it.o
    0x0800448a   0x0800448a   0x00000002   PAD
    0x0800448c   0x0800448c   0x0000010c   Code   RO          477    .text.RCCEx_PLL2_Config  stm32h7xx_hal_rcc_ex.o
    0x08004598   0x08004598   0x0000010c   Code   RO          479    .text.RCCEx_PLL3_Config  stm32h7xx_hal_rcc_ex.o
    0x080046a4   0x080046a4   0x00000002   Code   RO          152    .text.SVC_Handler   stm32h7xx_it.o
    0x080046a6   0x080046a6   0x00000004   Code   RO          158    .text.SysTick_Handler  stm32h7xx_it.o
    0x080046aa   0x080046aa   0x00000002   PAD
    0x080046ac   0x080046ac   0x000000cc   Code   RO           58    .text.SystemClock_Config  main.o
    0x08004778   0x08004778   0x000000b4   Code   RO         1414    .text.SystemInit    system_stm32h7xx.o
    0x0800482c   0x0800482c   0x0000000c   Code   RO          160    .text.TIM2_IRQHandler  stm32h7xx_it.o
    0x08004838   0x08004838   0x000000d8   Code   RO         1069    .text.TIM_Base_SetConfig  stm32h7xx_hal_tim.o
    0x08004910   0x08004910   0x00000022   Code   RO         1259    .text.TIM_TI1_ConfigInputStage  stm32h7xx_hal_tim.o
    0x08004932   0x08004932   0x00000024   Code   RO         1261    .text.TIM_TI2_ConfigInputStage  stm32h7xx_hal_tim.o
    0x08004956   0x08004956   0x00000002   Code   RO          150    .text.UsageFault_Handler  stm32h7xx_it.o
    0x08004958   0x08004958   0x0000004c   Code   RO           37    .text.dac_update_handler  dac_controller.o
    0x080049a4   0x080049a4   0x00000004   PAD
    0x080049a8   0x080049a8   0x00000078   Code   RO           11    .text.generate_sine_wave  waveform_generator.o
    0x08004a20   0x08004a20   0x0000002c   Code   RO           15    .text.generate_square_wave  waveform_generator.o
    0x08004a4c   0x08004a4c   0x00000070   Code   RO           13    .text.generate_triangle_wave  waveform_generator.o
    0x08004abc   0x08004abc   0x00000054   Code   RO           56    .text.main          main.o
    0x08004b10   0x08004b10   0x00000028   Code   RO           17    .text.update_waveform_buffer  waveform_generator.o
    0x08004b38   0x08004b38   0x00000030   Code   RO         1508    i.__ARM_fpclassify  m_wv.l(fpclassify.o)
    0x08004b68   0x08004b68   0x000000b0   Code   RO         1438    i.__hardfp_sin      m_wv.l(sin.o)
    0x08004c18   0x08004c18   0x00000308   Code   RO         1471    i.__ieee754_rem_pio2  m_wv.l(rred.o)
    0x08004f20   0x08004f20   0x000000c4   Code   RO         1454    i.__kernel_cos      m_wv.l(cos_i.o)
    0x08004fe4   0x08004fe4   0x00000070   Code   RO         1510    i.__kernel_poly     m_wv.l(poly.o)
    0x08005054   0x08005054   0x00000004   PAD
    0x08005058   0x08005058   0x000000a0   Code   RO         1476    i.__kernel_sin      m_wv.l(sin_i.o)
    0x080050f8   0x080050f8   0x00000018   Code   RO         1460    i.__mathlib_dbl_invalid  m_wv.l(dunder.o)
    0x08005110   0x08005110   0x00000018   Code   RO         1463    i.__mathlib_dbl_underflow  m_wv.l(dunder.o)
    0x08005128   0x08005128   0x00000018   Code   RO         1504    i.fabs              m_wv.l(fabs.o)
    0x08005140   0x08005140   0x0000000a   Code   RO         1581    x$fpl$fpinit        fz_wv.l(fpinit.o)
    0x0800514a   0x0800514a   0x00000000   Code   RO         1453    x$fpl$usenofp       fz_wv.l(usenofp.o)
    0x0800514a   0x0800514a   0x00000006   PAD
    0x08005150   0x08005150   0x00000030   Data   RO         1455    .constdata          m_wv.l(cos_i.o)
    0x08005180   0x08005180   0x000000c8   Data   RO         1473    .constdata          m_wv.l(rred.o)
    0x08005248   0x08005248   0x00000028   Data   RO         1477    .constdata          m_wv.l(sin_i.o)
    0x08005270   0x08005270   0x00000010   Data   RO         1418    .rodata.D1CorePrescTable  system_stm32h7xx.o
    0x08005280   0x08005280   0x00000020   Data   RO         1655    Region$$Table       anon$$obj.o


    Execution Region RW_IRAM1 (Exec base: 0x20000000, Load base: 0x080052a0, Size: 0x00000000, Max: 0x00020000, ABSOLUTE)

    **** No section assigned to this execution region ****


    Execution Region RW_IRAM2 (Exec base: 0x24000000, Load base: 0x080052a0, Size: 0x00000870, Max: 0x00080000, ABSOLUTE)

    Exec Addr    Load Addr    Size         Type   Attr      Idx    E Section Name        Object

    0x24000000   0x080052a0   0x00000008   Data   RW           44    .data..L_MergedGlobals  dac_controller.o
    0x24000008   0x080052a8   0x0000000c   Data   RW         1024    .data..L_MergedGlobals  stm32h7xx_hal.o
    0x24000014   0x080052b4   0x00000008   Data   RW         1419    .data..L_MergedGlobals  system_stm32h7xx.o
    0x2400001c   0x080052bc   0x00000008   Data   RW           21    .data.current_wave  waveform_generator.o
    0x24000024   0x080052c4   0x00000004   PAD
    0x24000028        -       0x00000060   Zero   RW         1513    .bss                c_w.l(libspace.o)
    0x24000088        -       0x000000c8   Zero   RW           43    .bss.dac_buffer     dac_controller.o
    0x24000150        -       0x00000004   Zero   RW           62    .bss.error          main.o
    0x24000154        -       0x00000078   Zero   RW          108    .bss.hdma_i2c4_tx   i2c.o
    0x240001cc        -       0x00000054   Zero   RW          107    .bss.hi2c4          i2c.o
    0x24000220        -       0x0000004c   Zero   RW          130    .bss.htim2          tim.o
    0x2400026c   0x080052c4   0x00000004   PAD
    0x24000270        -       0x00000200   Zero   RW            2    HEAP                startup_stm32h750xx.o
    0x24000470        -       0x00000400   Zero   RW            1    STACK               startup_stm32h750xx.o


==============================================================================

Image component sizes


      Code (inc. data)   RO Data    RW Data    ZI Data      Debug   Object Name

        60          0          0          0          0       5425   bdma.o
       102         16          0          8        200       5609   dac_controller.o
        32          4          0          0          0       2303   gpio.o
       308         28          0          0        204      12133   i2c.o
       308         20          0          0          4       4078   main.o
        64         26        664          0       1536        848   startup_stm32h750xx.o
       196         28          0         12          0      16054   stm32h7xx_hal.o
       188         24          0          0          0      12731   stm32h7xx_hal_cortex.o
      4434        596          0          0          0      12405   stm32h7xx_hal_dma.o
       404         24          0          0          0       7180   stm32h7xx_hal_gpio.o
      4822        326          0          0          0      39425   stm32h7xx_hal_i2c.o
       146          0          0          0          0       7963   stm32h7xx_hal_i2c_ex.o
        32          4          0          0          0       2329   stm32h7xx_hal_msp.o
        76          4          0          0          0      11580   stm32h7xx_hal_pwr_ex.o
      2198         56          0          0          0      11419   stm32h7xx_hal_rcc.o
      2896         98          0          0          0      16941   stm32h7xx_hal_rcc_ex.o
       998         60          0          0          0      48811   stm32h7xx_hal_tim.o
       174         28          0          0          0      22688   stm32h7xx_hal_tim_ex.o
        66         12          0          0          0       1804   stm32h7xx_it.o
       180         36         16          8          0       5983   system_stm32h7xx.o
       176         12          0          0         76      10707   tim.o
       316         12          0          8          0       2271   waveform_generator.o

    ----------------------------------------------------------------------
     18200       1418        712         36       2028     260687   Object Totals
         0          0         32          0          0          0   (incl. Generated)
        24          4          0          0          8          0   (incl. Padding)

    ----------------------------------------------------------------------

      Code (inc. data)   RO Data    RW Data    ZI Data      Debug   Library Member Name

         8          0          0          0          0         68   __main.o
         0          0          0          0          0          0   __rtentry.o
        12          0          0          0          0          0   __rtentry2.o
         6          0          0          0          0          0   __rtentry4.o
        52          8          0          0          0          0   __scatter.o
        26          0          0          0          0          0   __scatter_copy.o
        28          0          0          0          0          0   __scatter_zi.o
        22          0          0          0          0        100   _rserrno.o
        18          0          0          0          0         80   exit.o
         6          0          0          0          0        152   heapauxi.o
         0          0          0          0          0          0   indicate_semi.o
         2          0          0          0          0          0   libinit.o
         6          0          0          0          0          0   libinit2.o
         2          0          0          0          0          0   libshutdown.o
         2          0          0          0          0          0   libshutdown2.o
         8          4          0          0         96         68   libspace.o
         8          4          0          0          0         68   rt_errno_addr_intlibspace.o
        78          0          0          0          0         80   rt_memclr_w.o
         2          0          0          0          0          0   rtexit.o
        10          0          0          0          0          0   rtexit2.o
        12          4          0          0          0         68   sys_exit.o
        74          0          0          0          0         80   sys_stackheap_outer.o
         2          0          0          0          0         68   use_no_semi.o
        10          0          0          0          0        116   fpinit.o
         0          0          0          0          0          0   usenofp.o
       196         14         48          0          0        176   cos_i.o
        48         28          0          0          0        232   dunder.o
        24          0          0          0          0        124   fabs.o
        48          0          0          0          0        124   fpclassify.o
       112          0          0          0          0        116   poly.o
       776        130        200          0          0        172   rred.o
       176         18          0          0          0        160   sin.o
       160         16         40          0          0        196   sin_i.o

    ----------------------------------------------------------------------
      1952        226        288          0         96       2248   Library Totals
        18          0          0          0          0          0   (incl. Padding)

    ----------------------------------------------------------------------

      Code (inc. data)   RO Data    RW Data    ZI Data      Debug   Library Name

       384         20          0          0         96        832   c_w.l
        10          0          0          0          0        116   fz_wv.l
      1540        206        288          0          0       1300   m_wv.l

    ----------------------------------------------------------------------
      1952        226        288          0         96       2248   Library Totals

    ----------------------------------------------------------------------

==============================================================================


      Code (inc. data)   RO Data    RW Data    ZI Data      Debug   

     20152       1644       1000         36       2124     261503   Grand Totals
     20152       1644       1000         36       2124     261503   ELF Image Totals
     20152       1644       1000         36          0          0   ROM Totals

==============================================================================

    Total RO  Size (Code + RO Data)                21152 (  20.66kB)
    Total RW  Size (RW Data + ZI Data)              2160 (   2.11kB)
    Total ROM Size (Code + RO Data + RW Data)      21188 (  20.69kB)

==============================================================================

