Component: ARM Compiler 5.06 update 5 (build 528) Tool: armlink [4d35e2]

==============================================================================

Section Cross References

    startup_stm32f103xb.o(STACK) refers (Special) to heapauxi.o(.text) for __use_two_region_memory
    startup_stm32f103xb.o(HEAP) refers (Special) to heapauxi.o(.text) for __use_two_region_memory
    startup_stm32f103xb.o(RESET) refers (Special) to heapauxi.o(.text) for __use_two_region_memory
    startup_stm32f103xb.o(RESET) refers to startup_stm32f103xb.o(STACK) for __initial_sp
    startup_stm32f103xb.o(RESET) refers to startup_stm32f103xb.o(.text) for Reset_Handler
    startup_stm32f103xb.o(RESET) refers to stm32f1xx_it.o(i.NMI_Handler) for NMI_Handler
    startup_stm32f103xb.o(RESET) refers to stm32f1xx_it.o(i.HardFault_Handler) for HardFault_Handler
    startup_stm32f103xb.o(RESET) refers to stm32f1xx_it.o(i.MemManage_Handler) for MemManage_Handler
    startup_stm32f103xb.o(RESET) refers to stm32f1xx_it.o(i.BusFault_Handler) for BusFault_Handler
    startup_stm32f103xb.o(RESET) refers to stm32f1xx_it.o(i.UsageFault_Handler) for UsageFault_Handler
    startup_stm32f103xb.o(RESET) refers to stm32f1xx_it.o(i.SVC_Handler) for SVC_Handler
    startup_stm32f103xb.o(RESET) refers to stm32f1xx_it.o(i.DebugMon_Handler) for DebugMon_Handler
    startup_stm32f103xb.o(RESET) refers to stm32f1xx_it.o(i.PendSV_Handler) for PendSV_Handler
    startup_stm32f103xb.o(RESET) refers to stm32f1xx_it.o(i.SysTick_Handler) for SysTick_Handler
    startup_stm32f103xb.o(RESET) refers to stm32f1xx_it.o(i.RCC_IRQHandler) for RCC_IRQHandler
    startup_stm32f103xb.o(RESET) refers to stm32f1xx_it.o(i.ADC1_2_IRQHandler) for ADC1_2_IRQHandler
    startup_stm32f103xb.o(RESET) refers to stm32f1xx_it.o(i.TIM1_UP_IRQHandler) for TIM1_UP_IRQHandler
    startup_stm32f103xb.o(RESET) refers to stm32f1xx_it.o(i.TIM2_IRQHandler) for TIM2_IRQHandler
    startup_stm32f103xb.o(.text) refers (Special) to heapauxi.o(.text) for __use_two_region_memory
    startup_stm32f103xb.o(.text) refers to system_stm32f1xx.o(i.SystemInit) for SystemInit
    startup_stm32f103xb.o(.text) refers to __main.o(!!!main) for __main
    startup_stm32f103xb.o(.text) refers to startup_stm32f103xb.o(HEAP) for Heap_Mem
    startup_stm32f103xb.o(.text) refers to startup_stm32f103xb.o(STACK) for Stack_Mem
    function.o(i.HAL_TIM_PeriodElapsedCallback) refers to f2d.o(x$fpl$f2d) for __aeabi_f2d
    function.o(i.HAL_TIM_PeriodElapsedCallback) refers to daddsub_clz.o(x$fpl$dadd) for __aeabi_dadd
    function.o(i.HAL_TIM_PeriodElapsedCallback) refers to d2f.o(x$fpl$d2f) for __aeabi_d2f
    function.o(i.HAL_TIM_PeriodElapsedCallback) refers to tim.o(.bss) for htim1
    function.o(i.HAL_TIM_PeriodElapsedCallback) refers to function.o(.data) for .data
    function.o(i.disp) refers to jlx256128g.o(i.StringPrint) for StringPrint
    function.o(i.disp) refers to function.o(i.start_timer) for start_timer
    function.o(i.disp) refers to function.o(i.start_18b20) for start_18b20
    function.o(i.disp) refers to function.o(.bss) for .bss
    function.o(i.init_18b20) refers to ds18b20_1.o(i.DS18B20_Init_1) for DS18B20_Init_1
    function.o(i.init_18b20) refers to ds18b20_1.o(i.DS18B20_Init_2) for DS18B20_Init_2
    function.o(i.init_18b20) refers to ds18b20_1.o(i.DS18B20_Init_3) for DS18B20_Init_3
    function.o(i.init_18b20) refers to ds18b20_1.o(i.DS18B20_Init_4) for DS18B20_Init_4
    function.o(i.initial_arr) refers to function.o(.bss) for .bss
    function.o(i.key_scan) refers to _printf_percent.o(.ARM.Collect$$_printf_percent$$00000000) for _printf_percent
    function.o(i.key_scan) refers to _printf_f.o(.ARM.Collect$$_printf_percent$$00000003) for _printf_f
    function.o(i.key_scan) refers to printf1.o(x$fpl$printf1) for _printf_fp_dec
    function.o(i.key_scan) refers to stm32f1xx_hal_gpio.o(i.HAL_GPIO_ReadPin) for HAL_GPIO_ReadPin
    function.o(i.key_scan) refers to function.o(i.System_Reset) for System_Reset
    function.o(i.key_scan) refers to stm32f1xx_hal_tim.o(i.HAL_TIM_Base_Stop_IT) for HAL_TIM_Base_Stop_IT
    function.o(i.key_scan) refers to jlx256128g.o(i.StringPrint) for StringPrint
    function.o(i.key_scan) refers to faddsub_clz.o(x$fpl$fadd) for __aeabi_fadd
    function.o(i.key_scan) refers to f2d.o(x$fpl$f2d) for __aeabi_f2d
    function.o(i.key_scan) refers to noretval__2sprintf.o(.text) for __2sprintf
    function.o(i.key_scan) refers to stm32f1xx_hal.o(i.HAL_Delay) for HAL_Delay
    function.o(i.key_scan) refers to faddsub_clz.o(x$fpl$fsub) for __aeabi_fsub
    function.o(i.key_scan) refers to stm32f1xx_hal_tim.o(i.HAL_TIM_Base_Start_IT) for HAL_TIM_Base_Start_IT
    function.o(i.key_scan) refers to function.o(.data) for .data
    function.o(i.key_scan) refers to tim.o(.bss) for htim1
    function.o(i.key_scan) refers to function.o(.bss) for .bss
    function.o(i.start_18b20) refers to _printf_percent.o(.ARM.Collect$$_printf_percent$$00000000) for _printf_percent
[...]
    TIM_ITRx_SetConfig                       0x080035d3   Thumb Code    16  stm32f1xx_hal_tim.o(i.TIM_ITRx_SetConfig)
    i.TIM_OC1_SetConfig                      0x080035e4   Section        0  stm32f1xx_hal_tim.o(i.TIM_OC1_SetConfig)
    TIM_OC1_SetConfig                        0x080035e5   Thumb Code    74  stm32f1xx_hal_tim.o(i.TIM_OC1_SetConfig)
    i.TIM_OC2_SetConfig                      0x08003634   Section        0  stm32f1xx_hal_tim.o(i.TIM_OC2_SetConfig)
    i.TIM_OC3_SetConfig                      0x0800368c   Section        0  stm32f1xx_hal_tim.o(i.TIM_OC3_SetConfig)
    TIM_OC3_SetConfig                        0x0800368d   Thumb Code    82  stm32f1xx_hal_tim.o(i.TIM_OC3_SetConfig)
    i.TIM_OC4_SetConfig                      0x080036e4   Section        0  stm32f1xx_hal_tim.o(i.TIM_OC4_SetConfig)
    TIM_OC4_SetConfig                        0x080036e5   Thumb Code    64  stm32f1xx_hal_tim.o(i.TIM_OC4_SetConfig)
    i.TIM_TI1_ConfigInputStage               0x08003728   Section        0  stm32f1xx_hal_tim.o(i.TIM_TI1_ConfigInputStage)
    TIM_TI1_ConfigInputStage                 0x08003729   Thumb Code    34  stm32f1xx_hal_tim.o(i.TIM_TI1_ConfigInputStage)
    i.TIM_TI2_ConfigInputStage               0x0800374a   Section        0  stm32f1xx_hal_tim.o(i.TIM_TI2_ConfigInputStage)
    TIM_TI2_ConfigInputStage                 0x0800374b   Thumb Code    36  stm32f1xx_hal_tim.o(i.TIM_TI2_ConfigInputStage)
    i.UsageFault_Handler                     0x0800376e   Section        0  stm32f1xx_it.o(i.UsageFault_Handler)
    i.__ARM_fpclassify                       0x08003770   Section        0  fpclassify.o(i.__ARM_fpclassify)
    i.__NVIC_SetPriority                     0x08003798   Section        0  stm32f1xx_hal_cortex.o(i.__NVIC_SetPriority)
    __NVIC_SetPriority                       0x08003799   Thumb Code    32  stm32f1xx_hal_cortex.o(i.__NVIC_SetPriority)
    i._is_digit                              0x080037b8   Section        0  __printf_wp.o(i._is_digit)
    i.clear_screen                           0x080037c6   Section        0  jlx256128g.o(i.clear_screen)
    i.delay                                  0x080037ee   Section        0  jlx256128g.o(i.delay)
    i.delay_us                               0x08003802   Section        0  18b20.o(i.delay_us)
    i.delay_us1                              0x08003812   Section        0  jlx256128g.o(i.delay_us1)
    i.disp                                   0x08003820   Section        0  function.o(i.disp)
    i.disp_16x16                             0x08003850   Section        0  jlx256128g.o(i.disp_16x16)
    i.init_18b20                             0x080038b4   Section        0  function.o(i.init_18b20)
    i.initial_lcd                            0x080038dc   Section        0  jlx256128g.o(i.initial_lcd)
    i.key_scan                               0x08003a48   Section        0  function.o(i.key_scan)
    i.lcd_address                            0x08003bb8   Section        0  jlx256128g.o(i.lcd_address)
    i.main                                   0x08003bfc   Section        0  main.o(i.main)
    i.start_18b20                            0x08003c68   Section        0  function.o(i.start_18b20)
    i.start_led                              0x08003d98   Section        0  function.o(i.start_led)
    i.start_pt100                            0x08003ee0   Section        0  function.o(i.start_pt100)
    i.start_timer                            0x08004238   Section        0  function.o(i.start_timer)
    i.transfer_command_lcd                   0x0800426c   Section        0  jlx256128g.o(i.transfer_command_lcd)
    i.transfer_data_lcd                      0x080042cc   Section        0  jlx256128g.o(i.transfer_data_lcd)
    locale$$code                             0x0800432c   Section       44  lc_numeric_c.o(locale$$code)
    x$fpl$d2f                                0x08004358   Section       98  d2f.o(x$fpl$d2f)
    x$fpl$dadd                               0x080043bc   Section      336  daddsub_clz.o(x$fpl$dadd)
    _dadd1                                   0x080043cd   Thumb Code     0  daddsub_clz.o(x$fpl$dadd)
    x$fpl$dcmpinf                            0x0800450c   Section       24  dcmpi.o(x$fpl$dcmpinf)
    x$fpl$ddiv                               0x08004524   Section      688  ddiv.o(x$fpl$ddiv)
    ddiv_entry                               0x0800452b   Thumb Code     0  ddiv.o(x$fpl$ddiv)
    x$fpl$dfix                               0x080047d4   Section       94  dfix.o(x$fpl$dfix)
    x$fpl$dflt                               0x08004832   Section       46  dflt_clz.o(x$fpl$dflt)
    x$fpl$dleqf                              0x08004860   Section      120  dleqf.o(x$fpl$dleqf)
    x$fpl$dmul                               0x080048d8   Section      340  dmul.o(x$fpl$dmul)
    x$fpl$dnaninf                            0x08004a2c   Section      156  dnaninf.o(x$fpl$dnaninf)
    x$fpl$dretinf                            0x08004ac8   Section       12  dretinf.o(x$fpl$dretinf)
    x$fpl$drleqf                             0x08004ad4   Section      108  drleqf.o(x$fpl$drleqf)
    x$fpl$dsub                               0x08004b40   Section      468  daddsub_clz.o(x$fpl$dsub)
    _dsub1                                   0x08004b51   Thumb Code     0  daddsub_clz.o(x$fpl$dsub)
    x$fpl$f2d                                0x08004d14   Section       86  f2d.o(x$fpl$f2d)
    x$fpl$fadd                               0x08004d6c   Section      196  faddsub_clz.o(x$fpl$fadd)
    _fadd1                                   0x08004d7b   Thumb Code     0  faddsub_clz.o(x$fpl$fadd)
    x$fpl$fcheck1                            0x08004e30   Section       12  fcheck1.o(x$fpl$fcheck1)
    x$fpl$fcmpinf                            0x08004e3c   Section       24  fcmpi.o(x$fpl$fcmpinf)
    x$fpl$fdiv                               0x08004e54   Section      388  fdiv.o(x$fpl$fdiv)
    _fdiv1                                   0x08004e55   Thumb Code     0  fdiv.o(x$fpl$fdiv)
    x$fpl$ffixu                              0x08004fd8   Section       62  ffixu.o(x$fpl$ffixu)
    x$fpl$fflt                               0x08005018   Section       48  fflt_clz.o(x$fpl$fflt)
    x$fpl$ffltu                              0x08005048   Section       38  fflt_clz.o(x$fpl$ffltu)
    x$fpl$fleqf                              0x08005070   Section      104  fleqf.o(x$fpl$fleqf)
    x$fpl$fmul                               0x080050d8   Section      258  fmul.o(x$fpl$fmul)
    x$fpl$fnaninf                            0x080051da   Section      140  fnaninf.o(x$fpl$fnaninf)
    x$fpl$fretinf                            0x08005266   Section       10  fretinf.o(x$fpl$fretinf)
    x$fpl$frleqf                             0x08005270   Section       98  frleqf.o(x$fpl$frleqf)
    x$fpl$fsub                               0x080052d4   Section      234  faddsub_clz.o(x$fpl$fsub)
    _fsub1                                   0x080052e3   Thumb Code     0  faddsub_clz.o(x$fpl$fsub)
    x$fpl$printf1                            0x080053be   Section        4  printf1.o(x$fpl$printf1)
    x$fpl$retnan                             0x080053c2   Section      100  retnan.o(x$fpl$retnan)
    x$fpl$scalbnf                            0x08005426   Section       76  scalbnf.o(x$fpl$scalbnf)
    x$fpl$trapveneer                         0x08005472   Section       48  trapv.o(x$fpl$trapveneer)
    .constdata                               0x080054a2   Section       18  stm32f1xx_hal_rcc.o(.constdata)
    x$fpl$usenofp                            0x080054a2   Section        0  usenofp.o(x$fpl$usenofp)
    aPredivFactorTable                       0x080054a2   Data           2  stm32f1xx_hal_rcc.o(.constdata)
    aPLLMULFactorTable                       0x080054a4   Data          16  stm32f1xx_hal_rcc.o(.constdata)
    .constdata                               0x080054b4   Section       18  stm32f1xx_hal_rcc_ex.o(.constdata)
    aPredivFactorTable                       0x080054b4   Data           2  stm32f1xx_hal_rcc_ex.o(.constdata)
    aPLLMULFactorTable                       0x080054b6   Data          16  stm32f1xx_hal_rcc_ex.o(.constdata)
    .constdata                               0x080054c6   Section       16  system_stm32f1xx.o(.constdata)
    .constdata                               0x080054d6   Section        8  system_stm32f1xx.o(.constdata)
    .constdata                               0x080054de   Section     1520  jlx256128g.o(.constdata)
    .constdata                               0x08005ad0   Section      148  bigflt0.o(.constdata)
    tenpwrs_x                                0x08005ad0   Data          60  bigflt0.o(.constdata)
    tenpwrs_i                                0x08005b0c   Data          64  bigflt0.o(.constdata)
    locale$$data                             0x08005b84   Section       28  lc_numeric_c.o(locale$$data)
    __lcnum_c_name                           0x08005b88   Data           2  lc_numeric_c.o(locale$$data)
    __lcnum_c_start                          0x08005b90   Data           0  lc_numeric_c.o(locale$$data)
    __lcnum_c_point                          0x08005b9c   Data           0  lc_numeric_c.o(locale$$data)
    __lcnum_c_thousands                      0x08005b9e   Data           0  lc_numeric_c.o(locale$$data)
    __lcnum_c_grouping                       0x08005b9f   Data           0  lc_numeric_c.o(locale$$data)
    __lcnum_c_end                            0x08005ba0   Data           0  lc_numeric_c.o(locale$$data)
    .data                                    0x20000000   Section      116  function.o(.data)
    .data                                    0x20000074   Section       12  stm32f1xx_hal.o(.data)
    .data                                    0x20000080   Section        4  system_stm32f1xx.o(.data)
    .data                                    0x20000084   Section     1024  jlx256128g.o(.data)
    .bss                                     0x20000484   Section      232  function.o(.bss)
    .bss                                     0x2000056c   Section       48  adc.o(.bss)
    .bss                                     0x2000059c   Section      216  tim.o(.bss)
    .bss                                     0x20000674   Section       96  libspace.o(.bss)
    HEAP                                     0x200006d8   Section      512  startup_stm32f103xb.o(HEAP)
    Heap_Mem                                 0x200006d8   Data         512  startup_stm32f103xb.o(HEAP)
    STACK                                    0x200008d8   Section     1024  startup_stm32f103xb.o(STACK)
    Stack_Mem                                0x200008d8   Data        1024  startup_stm32f103xb.o(STACK)
    __initial_sp                             0x20000cd8   Data           0  startup_stm32f103xb.o(STACK)

    Global Symbols

    Symbol Name                              Value     Ov Type        Size  Object(Section)

    BuildAttributes$$THM_ISAv4$P$D$K$B$S$PE$A:L22UL41UL21$X:L11$S22US41US21$IEEE1$IW$USESV6$~STKCKD$USESV7$~SHL$OTIME$ROPI$IEEEJ$EBA8$UX$STANDARDLIB$REQ8$PRES8$EABIv2 0x00000000   Number         0  anon$$obj.o ABSOLUTE
    __ARM_use_no_argv                        0x00000000   Number         0  main.o ABSOLUTE
    _printf_flags                            0x00000000   Number         0  printf_stubs.o ABSOLUTE
    _printf_return_value                     0x00000000   Number         0  printf_stubs.o ABSOLUTE
    _printf_sizespec                         0x00000000   Number         0  printf_stubs.o ABSOLUTE
    _printf_widthprec                        0x00000000   Number         0  printf_stubs.o ABSOLUTE
    __ARM_exceptions_init                     - Undefined Weak Reference
    __alloca_initialize                       - Undefined Weak Reference
    __arm_preinit_                            - Undefined Weak Reference
    __cpp_initialize__aeabi_                  - Undefined Weak Reference
    __cxa_finalize                            - Undefined Weak Reference
    __sigvec_lookup                           - Undefined Weak Reference
    _atexit_init                              - Undefined Weak Reference
    _call_atexit_fns                          - Undefined Weak Reference
    _clock_init                               - Undefined Weak Reference
    _fp_trap_init                             - Undefined Weak Reference
    _fp_trap_shutdown                         - Undefined Weak Reference
    _get_lc_collate                           - Undefined Weak Reference
    _get_lc_ctype                             - Undefined Weak Reference
    _get_lc_monetary                          - Undefined Weak Reference
    _get_lc_time                              - Undefined Weak Reference
    _getenv_init                              - Undefined Weak Reference
    _handle_redirection                       - Undefined Weak Reference
    _init_alloc                               - Undefined Weak Reference
    _init_user_alloc                          - Undefined Weak Reference
    _initio                                   - Undefined Weak Reference
    _printf_post_padding                      - Undefined Weak Reference
    _printf_pre_padding                       - Undefined Weak Reference
    _rand_init                                - Undefined Weak Reference
    _signal_finish                            - Undefined Weak Reference
    _signal_init                              - Undefined Weak Reference
    _terminate_alloc                          - Undefined Weak Reference
    _terminate_user_alloc                     - Undefined Weak Reference
    _terminateio                              - Undefined Weak Reference
    __Vectors_Size                           0x000000ec   Number         0  startup_stm32f103xb.o ABSOLUTE
    __Vectors                                0x08000000   Data           4  startup_stm32f103xb.o(RESET)
    __Vectors_End                            0x080000ec   Data           0  startup_stm32f103xb.o(RESET)
    __main                                   0x080000ed   Thumb Code     8  __main.o(!!!main)
    __scatterload                            0x080000f5   Thumb Code     0  __scatter.o(!!!scatter)
    __scatterload_rt2                        0x080000f5   Thumb Code    44  __scatter.o(!!!scatter)
    __scatterload_rt2_thumb_only             0x080000f5   Thumb Code     0  __scatter.o(!!!scatter)
    __scatterload_null                       0x08000103   Thumb Code     0  __scatter.o(!!!scatter)
    __decompress                             0x08000129   Thumb Code    90  __dczerorl2.o(!!dczerorl2)
    __decompress1                            0x08000129   Thumb Code     0  __dczerorl2.o(!!dczerorl2)
    __scatterload_zeroinit                   0x08000185   Thumb Code    28  __scatter_zi.o(!!handler_zi)
    _printf_f                                0x080001a1   Thumb Code     0  _printf_f.o(.ARM.Collect$$_printf_percent$$00000003)
    _printf_percent                          0x080001a1   Thumb Code     0  _printf_percent.o(.ARM.Collect$$_printf_percent$$00000000)
    _printf_percent_end                      0x080001a7   Thumb Code     0  _printf_percent_end.o(.ARM.Collect$$_printf_percent$$00000017)
    __rt_lib_init                            0x080001ab   Thumb Code     0  libinit.o(.ARM.Collect$$libinit$$00000000)
    __rt_lib_init_fp_1                       0x080001ad   Thumb Code     0  libinit2.o(.ARM.Collect$$libinit$$00000002)
    __rt_lib_init_heap_1                     0x080001ad   Thumb Code     0  libinit2.o(.ARM.Collect$$libinit$$0000000A)
    __rt_lib_init_lc_common                  0x080001ad   Thumb Code     0  libinit2.o(.ARM.Collect$$libinit$$0000000F)
    __rt_lib_init_preinit_1                  0x080001ad   Thumb Code     0  libinit2.o(.ARM.Collect$$libinit$$00000004)
    __rt_lib_init_rand_1                     0x080001ad   Thumb Code     0  libinit2.o(.ARM.Collect$$libinit$$0000000E)
    __rt_lib_init_user_alloc_1               0x080001ad   Thumb Code     0  libinit2.o(.ARM.Collect$$libinit$$0000000C)
    __rt_lib_init_lc_collate_1               0x080001b3   Thumb Code     0  libinit2.o(.ARM.Collect$$libinit$$00000011)
    __rt_lib_init_lc_ctype_1                 0x080001b3   Thumb Code     0  libinit2.o(.ARM.Collect$$libinit$$00000013)
    __rt_lib_init_lc_monetary_1              0x080001b3   Thumb Code     0  libinit2.o(.ARM.Collect$$libinit$$00000015)
    __rt_lib_init_lc_numeric_2               0x080001b3   Thumb Code     0  libinit2.o(.ARM.Collect$$libinit$$00000016)
    __rt_lib_init_alloca_1                   0x080001bd   Thumb Code     0  libinit2.o(.ARM.Collect$$libinit$$0000002E)
    __rt_lib_init_argv_1                     0x080001bd   Thumb Code     0  libinit2.o(.ARM.Collect$$libinit$$0000002C)
    __rt_lib_init_atexit_1                   0x080001bd   Thumb Code     0  libinit2.o(.ARM.Collect$$libinit$$0000001B)
    __rt_lib_init_clock_1                    0x080001bd   Thumb Code     0  libinit2.o(.ARM.Collect$$libinit$$00000021)
    __rt_lib_init_cpp_1                      0x080001bd   Thumb Code     0  libinit2.o(.ARM.Collect$$libinit$$00000032)
    __rt_lib_init_exceptions_1               0x080001bd   Thumb Code     0  libinit2.o(.ARM.Collect$$libinit$$00000030)
    __rt_lib_init_fp_trap_1                  0x080001bd   Thumb Code     0  libinit2.o(.ARM.Collect$$libinit$$0000001F)
    __rt_lib_init_getenv_1                   0x080001bd   Thumb Code     0  libinit2.o(.ARM.Collect$$libinit$$00000023)
    __rt_lib_init_lc_numeric_1               0x080001bd   Thumb Code     0  libinit2.o(.ARM.Collect$$libinit$$00000017)
    __rt_lib_init_lc_time_1                  0x080001bd   Thumb Code     0  libinit2.o(.ARM.Collect$$libinit$$00000019)
    __rt_lib_init_return                     0x080001bd   Thumb Code     0  libinit2.o(.ARM.Collect$$libinit$$00000033)
    __rt_lib_init_signal_1                   0x080001bd   Thumb Code     0  libinit2.o(.ARM.Collect$$libinit$$0000001D)
    __rt_lib_init_stdio_1                    0x080001bd   Thumb Code     0  libinit2.o(.ARM.Collect$$libinit$$00000025)
    __rt_lib_shutdown                        0x080001bf   Thumb Code     0  libshutdown.o(.ARM.Collect$$libshutdown$$00000000)
    __rt_lib_shutdown_cpp_1                  0x080001c1   Thumb Code     0  libshutdown2.o(.ARM.Collect$$libshutdown$$00000002)
    __rt_lib_shutdown_fp_trap_1              0x080001c1   Thumb Code     0  libshutdown2.o(.ARM.Collect$$libshutdown$$00000007)
    __rt_lib_shutdown_heap_1                 0x080001c1   Thumb Code     0  libshutdown2.o(.ARM.Collect$$libshutdown$$0000000F)
    __rt_lib_shutdown_return                 0x080001c1   Thumb Code     0  libshutdown2.o(.ARM.Collect$$libshutdown$$00000010)
    __rt_lib_shutdown_signal_1               0x080001c1   Thumb Code     0  libshutdown2.o(.ARM.Collect$$libshutdown$$0000000A)
    __rt_lib_shutdown_stdio_1                0x080001c1   Thumb Code     0  libshutdown2.o(.ARM.Collect$$libshutdown$$00000004)
    __rt_lib_shutdown_user_alloc_1           0x080001c1   Thumb Code     0  libshutdown2.o(.ARM.Collect$$libshutdown$$0000000C)
    __rt_entry                               0x080001c3   Thumb Code     0  __rtentry.o(.ARM.Collect$$rtentry$$00000000)
    __rt_entry_presh_1                       0x080001c3   Thumb Code     0  __rtentry2.o(.ARM.Collect$$rtentry$$00000002)
    __rt_entry_sh                            0x080001c3   Thumb Code     0  __rtentry4.o(.ARM.Collect$$rtentry$$00000004)
    __rt_entry_li                            0x080001c9   Thumb Code     0  __rtentry2.o(.ARM.Collect$$rtentry$$0000000A)
    __rt_entry_postsh_1                      0x080001c9   Thumb Code     0  __rtentry2.o(.ARM.Collect$$rtentry$$00000009)
    __rt_entry_main                          0x080001cd   Thumb Code     0  __rtentry2.o(.ARM.Collect$$rtentry$$0000000D)
    __rt_entry_postli_1                      0x080001cd   Thumb Code     0  __rtentry2.o(.ARM.Collect$$rtentry$$0000000C)
    __rt_exit                                0x080001d5   Thumb Code     0  rtexit.o(.ARM.Collect$$rtexit$$00000000)
    __rt_exit_ls                             0x080001d7   Thumb Code     0  rtexit2.o(.ARM.Collect$$rtexit$$00000003)
    __rt_exit_prels_1                        0x080001d7   Thumb Code     0  rtexit2.o(.ARM.Collect$$rtexit$$00000002)
    __rt_exit_exit                           0x080001db   Thumb Code     0  rtexit2.o(.ARM.Collect$$rtexit$$00000004)
    Reset_Handler                            0x080001e1   Thumb Code     8  startup_stm32f103xb.o(.text)
    CAN1_RX1_IRQHandler                      0x080001fb   Thumb Code     0  startup_stm32f103xb.o(.text)
    CAN1_SCE_IRQHandler                      0x080001fb   Thumb Code     0  startup_stm32f103xb.o(.text)
    DMA1_Channel1_IRQHandler                 0x080001fb   Thumb Code     0  startup_stm32f103xb.o(.text)
    DMA1_Channel2_IRQHandler                 0x080001fb   Thumb Code     0  startup_stm32f103xb.o(.text)
    DMA1_Channel3_IRQHandler                 0x080001fb   Thumb Code     0  startup_stm32f103xb.o(.text)
    DMA1_Channel4_IRQHandler                 0x080001fb   Thumb Code     0  startup_stm32f103xb.o(.text)
    DMA1_Channel5_IRQHandler                 0x080001fb   Thumb Code     0  startup_stm32f103xb.o(.text)
    DMA1_Channel6_IRQHandler                 0x080001fb   Thumb Code     0  startup_stm32f103xb.o(.text)
    DMA1_Channel7_IRQHandler                 0x080001fb   Thumb Code     0  startup_stm32f103xb.o(.text)
    EXTI0_IRQHandler                         0x080001fb   Thumb Code     0  startup_stm32f103xb.o(.text)
    EXTI15_10_IRQHandler                     0x080001fb   Thumb Code     0  startup_stm32f103xb.o(.text)
    EXTI1_IRQHandler                         0x080001fb   Thumb Code     0  startup_stm32f103xb.o(.text)
    EXTI2_IRQHandler                         0x080001fb   Thumb Code     0  startup_stm32f103xb.o(.text)
    EXTI3_IRQHandler                         0x080001fb   Thumb Code     0  startup_stm32f103xb.o(.text)
    EXTI4_IRQHandler                         0x080001fb   Thumb Code     0  startup_stm32f103xb.o(.text)
    EXTI9_5_IRQHandler                       0x080001fb   Thumb Code     0  startup_stm32f103xb.o(.text)
    FLASH_IRQHandler                         0x080001fb   Thumb Code     0  startup_stm32f103xb.o(.text)
    I2C1_ER_IRQHandler                       0x080001fb   Thumb Code     0  startup_stm32f103xb.o(.text)
    I2C1_EV_IRQHandler                       0x080001fb   Thumb Code     0  startup_stm32f103xb.o(.text)
    I2C2_ER_IRQHandler                       0x080001fb   Thumb Code     0  startup_stm32f103xb.o(.text)
    I2C2_EV_IRQHandler                       0x080001fb   Thumb Code     0  startup_stm32f103xb.o(.text)
    PVD_IRQHandler                           0x080001fb   Thumb Code     0  startup_stm32f103xb.o(.text)
    RTC_Alarm_IRQHandler                     0x080001fb   Thumb Code     0  startup_stm32f103xb.o(.text)
    RTC_IRQHandler                           0x080001fb   Thumb Code     0  startup_stm32f103xb.o(.text)
    SPI1_IRQHandler                          0x080001fb   Thumb Code     0  startup_stm32f103xb.o(.text)
    SPI2_IRQHandler                          0x080001fb   Thumb Code     0  startup_stm32f103xb.o(.text)
    TAMPER_IRQHandler                        0x080001fb   Thumb Code     0  startup_stm32f103xb.o(.text)
    TIM1_BRK_IRQHandler                      0x080001fb   Thumb Code     0  startup_stm32f103xb.o(.text)
    TIM1_CC_IRQHandler                       0x080001fb   Thumb Code     0  startup_stm32f103xb.o(.text)
    TIM1_TRG_COM_IRQHandler                  0x080001fb   Thumb Code     0  startup_stm32f103xb.o(.text)
    TIM3_IRQHandler                          0x080001fb   Thumb Code     0  startup_stm32f103xb.o(.text)
    TIM4_IRQHandler                          0x080001fb   Thumb Code     0  startup_stm32f103xb.o(.text)
    USART1_IRQHandler                        0x080001fb   Thumb Code     0  startup_stm32f103xb.o(.text)
    USART2_IRQHandler                        0x080001fb   Thumb Code     0  startup_stm32f103xb.o(.text)
    USART3_IRQHandler                        0x080001fb   Thumb Code     0  startup_stm32f103xb.o(.text)
    USBWakeUp_IRQHandler                     0x080001fb   Thumb Code     0  startup_stm32f103xb.o(.text)
    USB_HP_CAN1_TX_IRQHandler                0x080001fb   Thumb Code     0  startup_stm32f103xb.o(.text)
    USB_LP_CAN1_RX0_IRQHandler               0x080001fb   Thumb Code     0  startup_stm32f103xb.o(.text)
    WWDG_IRQHandler                          0x080001fb   Thumb Code     0  startup_stm32f103xb.o(.text)
    __user_initial_stackheap                 0x080001fd   Thumb Code     0  startup_stm32f103xb.o(.text)
    __2sprintf                               0x08000221   Thumb Code    34  noretval__2sprintf.o(.text)
    __printf                                 0x08000249   Thumb Code   270  __printf_wp.o(.text)
    __aeabi_memclr4                          0x08000357   Thumb Code     0  rt_memclr_w.o(.text)
    __aeabi_memclr8                          0x08000357   Thumb Code     0  rt_memclr_w.o(.text)
    __rt_memclr_w                            0x08000357   Thumb Code    78  rt_memclr_w.o(.text)
    _memset_w                                0x0800035b   Thumb Code     0  rt_memclr_w.o(.text)
    __use_two_region_memory                  0x080003a5   Thumb Code     2  heapauxi.o(.text)
    __rt_heap_escrow$2region                 0x080003a7   Thumb Code     2  heapauxi.o(.text)
    __rt_heap_expand$2region                 0x080003a9   Thumb Code     2  heapauxi.o(.text)
    __lib_sel_fp_printf                      0x080003ab   Thumb Code     2  _printf_fp_dec.o(.text)
    _printf_fp_dec_real                      0x0800055d   Thumb Code   620  _printf_fp_dec.o(.text)
    _printf_char_common                      0x080007d3   Thumb Code    32  _printf_char_common.o(.text)
    _sputc                                   0x080007f9   Thumb Code    10  _sputc.o(.text)
    __rt_locale                              0x08000805   Thumb Code     8  rt_locale_intlibspace.o(.text)
    _ll_udiv10                               0x0800080d   Thumb Code   138  lludiv10.o(.text)
    _printf_fp_infnan                        0x08000899   Thumb Code   112  _printf_fp_infnan.o(.text)
    _btod_etento                             0x08000919   Thumb Code   224  bigflt0.o(.text)
    __user_libspace                          0x080009fd   Thumb Code     8  libspace.o(.text)
    __user_perproc_libspace                  0x080009fd   Thumb Code     0  libspace.o(.text)
    __user_perthread_libspace                0x080009fd   Thumb Code     0  libspace.o(.text)
    __user_setup_stackheap                   0x08000a05   Thumb Code    74  sys_stackheap_outer.o(.text)
    exit                                     0x08000a4f   Thumb Code    18  exit.o(.text)
    strcmp                                   0x08000a61   Thumb Code   128  strcmpv7m.o(.text)
    _sys_exit                                0x08000ae1   Thumb Code     8  sys_exit.o(.text)
    __I$use$semihosting                      0x08000aed   Thumb Code     0  use_no_semi.o(.text)
    __use_no_semihosting_swi                 0x08000aed   Thumb Code     2  use_no_semi.o(.text)
    __semihosting_library_function           0x08000aef   Thumb Code     0  indicate_semi.o(.text)
    _btod_d2e                                0x08000aef   Thumb Code    62  btod.o(CL$$btod_d2e)
    _d2e_denorm_low                          0x08000b2d   Thumb Code    70  btod.o(CL$$btod_d2e_denorm_low)
    _d2e_norm_op1                            0x08000b73   Thumb Code    96  btod.o(CL$$btod_d2e_norm_op1)
    __btod_div_common                        0x08000bd3   Thumb Code   696  btod.o(CL$$btod_div_common)
    _e2e                                     0x08000f0b   Thumb Code   220  btod.o(CL$$btod_e2e)
    _btod_ediv                               0x08000fe7   Thumb Code    42  btod.o(CL$$btod_ediv)
    _btod_emul                               0x08001011   Thumb Code    42  btod.o(CL$$btod_emul)
    __btod_mult_common                       0x0800103b   Thumb Code   580  btod.o(CL$$btod_mult_common)
    ADC1_2_IRQHandler                        0x08001281   Thumb Code     6  stm32f1xx_it.o(i.ADC1_2_IRQHandler)
    ADC_ConversionStop_Disable               0x0800128d   Thumb Code    86  stm32f1xx_hal_adc.o(i.ADC_ConversionStop_Disable)
    ADC_Enable                               0x080012e5   Thumb Code   114  stm32f1xx_hal_adc.o(i.ADC_Enable)
    BusFault_Handler                         0x08001361   Thumb Code     2  stm32f1xx_it.o(i.BusFault_Handler)
    DS18B20_Check_1                          0x08001365   Thumb Code    88  ds18b20_1.o(i.DS18B20_Check_1)
    DS18B20_Check_2                          0x080013c1   Thumb Code    88  ds18b20_1.o(i.DS18B20_Check_2)
    DS18B20_Check_3                          0x0800141d   Thumb Code    88  ds18b20_1.o(i.DS18B20_Check_3)
    DS18B20_Check_4                          0x08001479   Thumb Code    88  ds18b20_1.o(i.DS18B20_Check_4)
    DS18B20_Get_Temperature_1                0x080014d5   Thumb Code    74  ds18b20_1.o(i.DS18B20_Get_Temperature_1)
    DS18B20_Get_Temperature_2                0x08001525   Thumb Code    74  ds18b20_1.o(i.DS18B20_Get_Temperature_2)
    DS18B20_Get_Temperature_3                0x08001575   Thumb Code    74  ds18b20_1.o(i.DS18B20_Get_Temperature_3)
    DS18B20_Get_Temperature_4                0x080015c5   Thumb Code    74  ds18b20_1.o(i.DS18B20_Get_Temperature_4)
    DS18B20_IO_IN_1                          0x08001615   Thumb Code    20  ds18b20_1.o(i.DS18B20_IO_IN_1)
    DS18B20_IO_IN_2                          0x0800162d   Thumb Code    20  ds18b20_1.o(i.DS18B20_IO_IN_2)
    DS18B20_IO_IN_3                          0x08001645   Thumb Code    20  ds18b20_1.o(i.DS18B20_IO_IN_3)
    DS18B20_IO_IN_4                          0x0800165d   Thumb Code    20  ds18b20_1.o(i.DS18B20_IO_IN_4)
    DS18B20_IO_OUT_1                         0x08001675   Thumb Code    24  ds18b20_1.o(i.DS18B20_IO_OUT_1)
    DS18B20_IO_OUT_2                         0x08001691   Thumb Code    24  ds18b20_1.o(i.DS18B20_IO_OUT_2)
    DS18B20_IO_OUT_3                         0x080016ad   Thumb Code    24  ds18b20_1.o(i.DS18B20_IO_OUT_3)
    DS18B20_IO_OUT_4                         0x080016c9   Thumb Code    24  ds18b20_1.o(i.DS18B20_IO_OUT_4)
    DS18B20_Init_1                           0x080016e5   Thumb Code    36  ds18b20_1.o(i.DS18B20_Init_1)
    DS18B20_Init_2                           0x0800170d   Thumb Code    36  ds18b20_1.o(i.DS18B20_Init_2)
    DS18B20_Init_3                           0x08001735   Thumb Code    36  ds18b20_1.o(i.DS18B20_Init_3)
    DS18B20_Init_4                           0x0800175d   Thumb Code    36  ds18b20_1.o(i.DS18B20_Init_4)
    DS18B20_Read_Bit_1                       0x08001785   Thumb Code    70  ds18b20_1.o(i.DS18B20_Read_Bit_1)
    DS18B20_Read_Bit_2                       0x080017d1   Thumb Code    70  ds18b20_1.o(i.DS18B20_Read_Bit_2)
    DS18B20_Read_Bit_3                       0x0800181d   Thumb Code    70  ds18b20_1.o(i.DS18B20_Read_Bit_3)
    DS18B20_Read_Bit_4                       0x08001869   Thumb Code    70  ds18b20_1.o(i.DS18B20_Read_Bit_4)
    DS18B20_Read_Byte_1                      0x080018b5   Thumb Code    32  ds18b20_1.o(i.DS18B20_Read_Byte_1)
    DS18B20_Read_Byte_2                      0x080018d5   Thumb Code    32  ds18b20_1.o(i.DS18B20_Read_Byte_2)
    DS18B20_Read_Byte_3                      0x080018f5   Thumb Code    32  ds18b20_1.o(i.DS18B20_Read_Byte_3)
    DS18B20_Read_Byte_4                      0x08001915   Thumb Code    32  ds18b20_1.o(i.DS18B20_Read_Byte_4)
    DS18B20_Rst_1                            0x08001935   Thumb Code    46  ds18b20_1.o(i.DS18B20_Rst_1)
    DS18B20_Rst_2                            0x08001969   Thumb Code    46  ds18b20_1.o(i.DS18B20_Rst_2)
    DS18B20_Rst_3                            0x0800199d   Thumb Code    46  ds18b20_1.o(i.DS18B20_Rst_3)
    DS18B20_Rst_4                            0x080019d1   Thumb Code    46  ds18b20_1.o(i.DS18B20_Rst_4)
    DS18B20_Start_1                          0x08001a05   Thumb Code    26  ds18b20_1.o(i.DS18B20_Start_1)
    DS18B20_Start_2                          0x08001a1f   Thumb Code    26  ds18b20_1.o(i.DS18B20_Start_2)
    DS18B20_Start_3                          0x08001a39   Thumb Code    26  ds18b20_1.o(i.DS18B20_Start_3)
    DS18B20_Start_4                          0x08001a53   Thumb Code    26  ds18b20_1.o(i.DS18B20_Start_4)
    DS18B20_Write_Byte_1                     0x08001a6d   Thumb Code    92  ds18b20_1.o(i.DS18B20_Write_Byte_1)
    DS18B20_Write_Byte_2                     0x08001acd   Thumb Code    92  ds18b20_1.o(i.DS18B20_Write_Byte_2)
    DS18B20_Write_Byte_3                     0x08001b2d   Thumb Code    92  ds18b20_1.o(i.DS18B20_Write_Byte_3)
    DS18B20_Write_Byte_4                     0x08001b8d   Thumb Code    92  ds18b20_1.o(i.DS18B20_Write_Byte_4)
    DebugMon_Handler                         0x08001bed   Thumb Code     2  stm32f1xx_it.o(i.DebugMon_Handler)
    Error_Handler                            0x08001bef   Thumb Code     4  main.o(i.Error_Handler)
    HAL_ADCEx_InjectedConvCpltCallback       0x08001bf3   Thumb Code     2  stm32f1xx_hal_adc_ex.o(i.HAL_ADCEx_InjectedConvCpltCallback)
    HAL_ADC_ConfigChannel                    0x08001bf5   Thumb Code   240  stm32f1xx_hal_adc.o(i.HAL_ADC_ConfigChannel)
    HAL_ADC_ConvCpltCallback                 0x08001cf1   Thumb Code     2  stm32f1xx_hal_adc.o(i.HAL_ADC_ConvCpltCallback)
    HAL_ADC_GetState                         0x08001cf3   Thumb Code     4  stm32f1xx_hal_adc.o(i.HAL_ADC_GetState)
    HAL_ADC_GetValue                         0x08001cf7   Thumb Code     6  stm32f1xx_hal_adc.o(i.HAL_ADC_GetValue)
    HAL_ADC_IRQHandler                       0x08001cfd   Thumb Code   220  stm32f1xx_hal_adc.o(i.HAL_ADC_IRQHandler)
    HAL_ADC_Init                             0x08001dd9   Thumb Code   272  stm32f1xx_hal_adc.o(i.HAL_ADC_Init)
    HAL_ADC_LevelOutOfWindowCallback         0x08001ef5   Thumb Code     2  stm32f1xx_hal_adc.o(i.HAL_ADC_LevelOutOfWindowCallback)
    HAL_ADC_MspInit                          0x08001ef9   Thumb Code    92  adc.o(i.HAL_ADC_MspInit)
    HAL_ADC_PollForConversion                0x08001f61   Thumb Code   304  stm32f1xx_hal_adc.o(i.HAL_ADC_PollForConversion)
    HAL_ADC_Start                            0x0800209d   Thumb Code   184  stm32f1xx_hal_adc.o(i.HAL_ADC_Start)
    HAL_Delay                                0x0800215d   Thumb Code    32  stm32f1xx_hal.o(i.HAL_Delay)
    HAL_GPIO_Init                            0x08002181   Thumb Code   446  stm32f1xx_hal_gpio.o(i.HAL_GPIO_Init)
    HAL_GPIO_ReadPin                         0x08002361   Thumb Code    10  stm32f1xx_hal_gpio.o(i.HAL_GPIO_ReadPin)
    HAL_GPIO_WritePin                        0x0800236b   Thumb Code    10  stm32f1xx_hal_gpio.o(i.HAL_GPIO_WritePin)
    HAL_GetTick                              0x08002375   Thumb Code     6  stm32f1xx_hal.o(i.HAL_GetTick)
    HAL_IncTick                              0x08002381   Thumb Code    12  stm32f1xx_hal.o(i.HAL_IncTick)
    HAL_Init                                 0x08002391   Thumb Code    32  stm32f1xx_hal.o(i.HAL_Init)
    HAL_InitTick                             0x080023b5   Thumb Code    54  stm32f1xx_hal.o(i.HAL_InitTick)
    HAL_MspInit                              0x080023f5   Thumb Code    74  stm32f1xx_hal_msp.o(i.HAL_MspInit)
    HAL_NVIC_EnableIRQ                       0x08002449   Thumb Code    26  stm32f1xx_hal_cortex.o(i.HAL_NVIC_EnableIRQ)
    HAL_NVIC_SetPriority                     0x08002465   Thumb Code    60  stm32f1xx_hal_cortex.o(i.HAL_NVIC_SetPriority)
    HAL_NVIC_SetPriorityGrouping             0x080024a5   Thumb Code    26  stm32f1xx_hal_cortex.o(i.HAL_NVIC_SetPriorityGrouping)
    HAL_RCCEx_GetPeriphCLKFreq               0x080024c9   Thumb Code   148  stm32f1xx_hal_rcc_ex.o(i.HAL_RCCEx_GetPeriphCLKFreq)
    HAL_RCCEx_PeriphCLKConfig                0x0800256d   Thumb Code   224  stm32f1xx_hal_rcc_ex.o(i.HAL_RCCEx_PeriphCLKConfig)
    HAL_RCC_ClockConfig                      0x08002659   Thumb Code   280  stm32f1xx_hal_rcc.o(i.HAL_RCC_ClockConfig)
    HAL_RCC_GetPCLK2Freq                     0x08002785   Thumb Code    20  stm32f1xx_hal_rcc.o(i.HAL_RCC_GetPCLK2Freq)
    HAL_RCC_GetSysClockFreq                  0x080027a5   Thumb Code    58  stm32f1xx_hal_rcc.o(i.HAL_RCC_GetSysClockFreq)
    HAL_RCC_OscConfig                        0x080027f1   Thumb Code   778  stm32f1xx_hal_rcc.o(i.HAL_RCC_OscConfig)
    HAL_SYSTICK_Config                       0x08002b11   Thumb Code    40  stm32f1xx_hal_cortex.o(i.HAL_SYSTICK_Config)
    HAL_TIMEx_BreakCallback                  0x08002b39   Thumb Code     2  stm32f1xx_hal_tim_ex.o(i.HAL_TIMEx_BreakCallback)
    HAL_TIMEx_CommutCallback                 0x08002b3b   Thumb Code     2  stm32f1xx_hal_tim_ex.o(i.HAL_TIMEx_CommutCallback)
    HAL_TIMEx_MasterConfigSynchronization    0x08002b3d   Thumb Code    92  stm32f1xx_hal_tim_ex.o(i.HAL_TIMEx_MasterConfigSynchronization)
    HAL_TIM_Base_Init                        0x08002ba5   Thumb Code    90  stm32f1xx_hal_tim.o(i.HAL_TIM_Base_Init)
    HAL_TIM_Base_MspInit                     0x08002c01   Thumb Code    86  tim.o(i.HAL_TIM_Base_MspInit)
    HAL_TIM_Base_Start_IT                    0x08002c61   Thumb Code    76  stm32f1xx_hal_tim.o(i.HAL_TIM_Base_Start_IT)
    HAL_TIM_Base_Stop_IT                     0x08002cb9   Thumb Code    48  stm32f1xx_hal_tim.o(i.HAL_TIM_Base_Stop_IT)
    HAL_TIM_ConfigClockSource                0x08002ce9   Thumb Code   220  stm32f1xx_hal_tim.o(i.HAL_TIM_ConfigClockSource)
    HAL_TIM_IC_CaptureCallback               0x08002dc5   Thumb Code     2  stm32f1xx_hal_tim.o(i.HAL_TIM_IC_CaptureCallback)
    HAL_TIM_IRQHandler                       0x08002dc7   Thumb Code   358  stm32f1xx_hal_tim.o(i.HAL_TIM_IRQHandler)
    HAL_TIM_MspPostInit                      0x08002f2d   Thumb Code    62  tim.o(i.HAL_TIM_MspPostInit)
    HAL_TIM_OC_DelayElapsedCallback          0x08002f79   Thumb Code     2  stm32f1xx_hal_tim.o(i.HAL_TIM_OC_DelayElapsedCallback)
    HAL_TIM_PWM_ConfigChannel                0x08002f7b   Thumb Code   204  stm32f1xx_hal_tim.o(i.HAL_TIM_PWM_ConfigChannel)
    HAL_TIM_PWM_Init                         0x08003047   Thumb Code    90  stm32f1xx_hal_tim.o(i.HAL_TIM_PWM_Init)
    HAL_TIM_PWM_MspInit                      0x080030a1   Thumb Code    30  tim.o(i.HAL_TIM_PWM_MspInit)
    HAL_TIM_PWM_PulseFinishedCallback        0x080030c9   Thumb Code     2  stm32f1xx_hal_tim.o(i.HAL_TIM_PWM_PulseFinishedCallback)
    HAL_TIM_PWM_Start                        0x080030cd   Thumb Code   144  stm32f1xx_hal_tim.o(i.HAL_TIM_PWM_Start)
    HAL_TIM_PeriodElapsedCallback            0x08003169   Thumb Code    54  function.o(i.HAL_TIM_PeriodElapsedCallback)
    HAL_TIM_TriggerCallback                  0x080031b5   Thumb Code     2  stm32f1xx_hal_tim.o(i.HAL_TIM_TriggerCallback)
    HardFault_Handler                        0x080031b7   Thumb Code     2  stm32f1xx_it.o(i.HardFault_Handler)
    MX_ADC1_Init                             0x080031b9   Thumb Code    70  adc.o(i.MX_ADC1_Init)
    MX_GPIO_Init                             0x08003209   Thumb Code   150  gpio.o(i.MX_GPIO_Init)
    MX_TIM1_Init                             0x080032ad   Thumb Code    98  tim.o(i.MX_TIM1_Init)
    MX_TIM2_Init                             0x08003319   Thumb Code    98  tim.o(i.MX_TIM2_Init)
    MX_TIM3_Init                             0x08003381   Thumb Code   104  tim.o(i.MX_TIM3_Init)
    MemManage_Handler                        0x080033f1   Thumb Code     2  stm32f1xx_it.o(i.MemManage_Handler)
    NMI_Handler                              0x080033f3   Thumb Code     2  stm32f1xx_it.o(i.NMI_Handler)
    PendSV_Handler                           0x080033f5   Thumb Code     2  stm32f1xx_it.o(i.PendSV_Handler)
    RCC_IRQHandler                           0x080033f7   Thumb Code     2  stm32f1xx_it.o(i.RCC_IRQHandler)
    SVC_Handler                              0x080033f9   Thumb Code     2  stm32f1xx_it.o(i.SVC_Handler)
    StringPrint                              0x080033fd   Thumb Code   124  jlx256128g.o(i.StringPrint)
    SysTick_Handler                          0x0800347d   Thumb Code     4  stm32f1xx_it.o(i.SysTick_Handler)
    SystemClock_Config                       0x08003481   Thumb Code   120  main.o(i.SystemClock_Config)
    SystemInit                               0x080034f9   Thumb Code     2  system_stm32f1xx.o(i.SystemInit)
    System_Reset                             0x080034fd   Thumb Code    26  function.o(i.System_Reset)
    TIM1_UP_IRQHandler                       0x08003521   Thumb Code     6  stm32f1xx_it.o(i.TIM1_UP_IRQHandler)
    TIM2_IRQHandler                          0x0800352d   Thumb Code     6  stm32f1xx_it.o(i.TIM2_IRQHandler)
    TIM_Base_SetConfig                       0x08003539   Thumb Code    94  stm32f1xx_hal_tim.o(i.TIM_Base_SetConfig)
    TIM_CCxChannelCmd                        0x080035a5   Thumb Code    26  stm32f1xx_hal_tim.o(i.TIM_CCxChannelCmd)
    TIM_ETR_SetConfig                        0x080035bf   Thumb Code    20  stm32f1xx_hal_tim.o(i.TIM_ETR_SetConfig)
    TIM_OC2_SetConfig                        0x08003635   Thumb Code    84  stm32f1xx_hal_tim.o(i.TIM_OC2_SetConfig)
    UsageFault_Handler                       0x0800376f   Thumb Code     2  stm32f1xx_it.o(i.UsageFault_Handler)
    __ARM_fpclassify                         0x08003771   Thumb Code    40  fpclassify.o(i.__ARM_fpclassify)
    _is_digit                                0x080037b9   Thumb Code    14  __printf_wp.o(i._is_digit)
    clear_screen                             0x080037c7   Thumb Code    40  jlx256128g.o(i.clear_screen)
    delay                                    0x080037ef   Thumb Code    20  jlx256128g.o(i.delay)
    delay_us                                 0x08003803   Thumb Code    16  18b20.o(i.delay_us)
    delay_us1                                0x08003813   Thumb Code    12  jlx256128g.o(i.delay_us1)
    disp                                     0x08003821   Thumb Code    34  function.o(i.disp)
    disp_16x16                               0x08003851   Thumb Code    96  jlx256128g.o(i.disp_16x16)
    init_18b20                               0x080038b5   Thumb Code    38  function.o(i.init_18b20)
    initial_lcd                              0x080038dd   Thumb Code   358  jlx256128g.o(i.initial_lcd)
    key_scan                                 0x08003a49   Thumb Code   318  function.o(i.key_scan)
    lcd_address                              0x08003bb9   Thumb Code    68  jlx256128g.o(i.lcd_address)
    main                                     0x08003bfd   Thumb Code    94  main.o(i.main)
    start_18b20                              0x08003c69   Thumb Code   272  function.o(i.start_18b20)
    start_led                                0x08003d99   Thumb Code   284  function.o(i.start_led)
    start_pt100                              0x08003ee1   Thumb Code   778  function.o(i.start_pt100)
    start_timer                              0x08004239   Thumb Code    36  function.o(i.start_timer)
    transfer_command_lcd                     0x0800426d   Thumb Code    90  jlx256128g.o(i.transfer_command_lcd)
    transfer_data_lcd                        0x080042cd   Thumb Code    90  jlx256128g.o(i.transfer_data_lcd)
    _get_lc_numeric                          0x0800432d   Thumb Code    44  lc_numeric_c.o(locale$$code)
    __aeabi_d2f                              0x08004359   Thumb Code     0  d2f.o(x$fpl$d2f)
    _d2f                                     0x08004359   Thumb Code    98  d2f.o(x$fpl$d2f)
    __aeabi_dadd                             0x080043bd   Thumb Code     0  daddsub_clz.o(x$fpl$dadd)
    _dadd                                    0x080043bd   Thumb Code   332  daddsub_clz.o(x$fpl$dadd)
    __fpl_dcmp_Inf                           0x0800450d   Thumb Code    24  dcmpi.o(x$fpl$dcmpinf)
    __aeabi_ddiv                             0x08004525   Thumb Code     0  ddiv.o(x$fpl$ddiv)
    _ddiv                                    0x08004525   Thumb Code   552  ddiv.o(x$fpl$ddiv)
    __aeabi_d2iz                             0x080047d5   Thumb Code     0  dfix.o(x$fpl$dfix)
    _dfix                                    0x080047d5   Thumb Code    94  dfix.o(x$fpl$dfix)
    __aeabi_i2d                              0x08004833   Thumb Code     0  dflt_clz.o(x$fpl$dflt)
    _dflt                                    0x08004833   Thumb Code    46  dflt_clz.o(x$fpl$dflt)
    __aeabi_cdcmple                          0x08004861   Thumb Code     0  dleqf.o(x$fpl$dleqf)
    _dcmple                                  0x08004861   Thumb Code   120  dleqf.o(x$fpl$dleqf)
    __fpl_dcmple_InfNaN                      0x080048c3   Thumb Code     0  dleqf.o(x$fpl$dleqf)
    __aeabi_dmul                             0x080048d9   Thumb Code     0  dmul.o(x$fpl$dmul)
    _dmul                                    0x080048d9   Thumb Code   332  dmul.o(x$fpl$dmul)
    __fpl_dnaninf                            0x08004a2d   Thumb Code   156  dnaninf.o(x$fpl$dnaninf)
    __fpl_dretinf                            0x08004ac9   Thumb Code    12  dretinf.o(x$fpl$dretinf)
    __aeabi_cdrcmple                         0x08004ad5   Thumb Code     0  drleqf.o(x$fpl$drleqf)
    _drcmple                                 0x08004ad5   Thumb Code   108  drleqf.o(x$fpl$drleqf)
    __aeabi_dsub                             0x08004b41   Thumb Code     0  daddsub_clz.o(x$fpl$dsub)
    _dsub                                    0x08004b41   Thumb Code   464  daddsub_clz.o(x$fpl$dsub)
    __aeabi_f2d                              0x08004d15   Thumb Code     0  f2d.o(x$fpl$f2d)
    _f2d                                     0x08004d15   Thumb Code    86  f2d.o(x$fpl$f2d)
    __aeabi_fadd                             0x08004d6d   Thumb Code     0  faddsub_clz.o(x$fpl$fadd)
    _fadd                                    0x08004d6d   Thumb Code   196  faddsub_clz.o(x$fpl$fadd)
    __fpl_fcheck_NaN1                        0x08004e31   Thumb Code     6  fcheck1.o(x$fpl$fcheck1)
    __fpl_fcmp_Inf                           0x08004e3d   Thumb Code    24  fcmpi.o(x$fpl$fcmpinf)
    __aeabi_fdiv                             0x08004e55   Thumb Code     0  fdiv.o(x$fpl$fdiv)
    _fdiv                                    0x08004e55   Thumb Code   384  fdiv.o(x$fpl$fdiv)
    __aeabi_f2uiz                            0x08004fd9   Thumb Code     0  ffixu.o(x$fpl$ffixu)
    _ffixu                                   0x08004fd9   Thumb Code    62  ffixu.o(x$fpl$ffixu)
    __aeabi_i2f                              0x08005019   Thumb Code     0  fflt_clz.o(x$fpl$fflt)
    _fflt                                    0x08005019   Thumb Code    48  fflt_clz.o(x$fpl$fflt)
    __aeabi_ui2f                             0x08005049   Thumb Code     0  fflt_clz.o(x$fpl$ffltu)
    _ffltu                                   0x08005049   Thumb Code    38  fflt_clz.o(x$fpl$ffltu)
    __aeabi_cfcmple                          0x08005071   Thumb Code     0  fleqf.o(x$fpl$fleqf)
    _fcmple                                  0x08005071   Thumb Code   104  fleqf.o(x$fpl$fleqf)
    __fpl_fcmple_InfNaN                      0x080050c3   Thumb Code     0  fleqf.o(x$fpl$fleqf)
    __aeabi_fmul                             0x080050d9   Thumb Code     0  fmul.o(x$fpl$fmul)
    _fmul                                    0x080050d9   Thumb Code   258  fmul.o(x$fpl$fmul)
    __fpl_fnaninf                            0x080051db   Thumb Code   140  fnaninf.o(x$fpl$fnaninf)
    __fpl_fretinf                            0x08005267   Thumb Code    10  fretinf.o(x$fpl$fretinf)
    __aeabi_cfrcmple                         0x08005271   Thumb Code     0  frleqf.o(x$fpl$frleqf)
    _frcmple                                 0x08005271   Thumb Code    98  frleqf.o(x$fpl$frleqf)
    __aeabi_fsub                             0x080052d5   Thumb Code     0  faddsub_clz.o(x$fpl$fsub)
    _fsub                                    0x080052d5   Thumb Code   234  faddsub_clz.o(x$fpl$fsub)
    _printf_fp_dec                           0x080053bf   Thumb Code     4  printf1.o(x$fpl$printf1)
    __fpl_return_NaN                         0x080053c3   Thumb Code   100  retnan.o(x$fpl$retnan)
    __ARM_scalbnf                            0x08005427   Thumb Code    76  scalbnf.o(x$fpl$scalbnf)
    __fpl_cmpreturn                          0x08005473   Thumb Code    48  trapv.o(x$fpl$trapveneer)
    __I$use$fp                               0x080054a2   Number         0  usenofp.o(x$fpl$usenofp)
    AHBPrescTable                            0x080054c6   Data          16  system_stm32f1xx.o(.constdata)
    APBPrescTable                            0x080054d6   Data           8  system_stm32f1xx.o(.constdata)
    ASCII_CODE                               0x080054de   Data        1520  jlx256128g.o(.constdata)
    Region$$Table$$Base                      0x08005b64   Number         0  anon$$obj.o(Region$$Table)
    Region$$Table$$Limit                     0x08005b84   Number         0  anon$$obj.o(Region$$Table)
    dutyCycle                                0x20000000   Data           2  function.o(.data)
    adc_value                                0x20000002   Data           2  function.o(.data)
    flag                                     0x20000004   Data           2  function.o(.data)
    flag_temp                                0x20000008   Data           4  function.o(.data)
    K                                        0x2000000c   Data           4  function.o(.data)
    Heater_set                               0x20000010   Data           4  function.o(.data)
    Vcc                                      0x20000014   Data           4  function.o(.data)
    T                                        0x20000018   Data           4  function.o(.data)
    Ti                                       0x2000001c   Data           4  function.o(.data)
    Kp                                       0x20000020   Data           4  function.o(.data)
    Kd                                       0x20000024   Data           4  function.o(.data)
    n                                        0x20000028   Data           4  function.o(.data)
    voltage                                  0x2000002c   Data           4  function.o(.data)
    TEMP1                                    0x20000030   Data           4  function.o(.data)
    TEMP2                                    0x20000034   Data           4  function.o(.data)
    TEMP3                                    0x20000038   Data           4  function.o(.data)
    TEMP4                                    0x2000003c   Data           4  function.o(.data)
    Resistor_pt100                           0x20000040   Data           4  function.o(.data)
    TEMP_pt100                               0x20000044   Data           4  function.o(.data)
    Sum_TEMP                                 0x20000048   Data           4  function.o(.data)
    Average_TEMP                             0x2000004c   Data           4  function.o(.data)
    timer                                    0x20000050   Data           4  function.o(.data)
    timer2                                   0x20000054   Data           4  function.o(.data)
    Error                                    0x20000058   Data           4  function.o(.data)
    LastError                                0x2000005c   Data           4  function.o(.data)
    Sum_Error                                0x20000060   Data           4  function.o(.data)
    Pout                                     0x20000064   Data           4  function.o(.data)
    Iout                                     0x20000068   Data           4  function.o(.data)
    Dout                                     0x2000006c   Data           4  function.o(.data)
    Ki                                       0x20000070   Data           4  function.o(.data)
    uwTickFreq                               0x20000074   Data           1  stm32f1xx_hal.o(.data)
    uwTickPrio                               0x20000078   Data           4  stm32f1xx_hal.o(.data)
    uwTick                                   0x2000007c   Data           4  stm32f1xx_hal.o(.data)
    SystemCoreClock                          0x20000080   Data           4  system_stm32f1xx.o(.data)
    bitmap_bytes                             0x20000084   Data        1024  jlx256128g.o(.data)
    vol                                      0x20000484   Data          10  function.o(.bss)
    tim                                      0x2000048e   Data          10  function.o(.bss)
    TP1                                      0x20000498   Data          10  function.o(.bss)
    TP2                                      0x200004a2   Data          10  function.o(.bss)
    TP3                                      0x200004ac   Data          10  function.o(.bss)
    TP4                                      0x200004b6   Data          10  function.o(.bss)
    TP_pt100                                 0x200004c0   Data          10  function.o(.bss)
    Aver_TEMP                                0x200004ca   Data          10  function.o(.bss)
    RES_pt100                                0x200004d4   Data          10  function.o(.bss)
    Ht_set                                   0x200004de   Data          10  function.o(.bss)
    iout                                     0x200004e8   Data          10  function.o(.bss)
    arr                                      0x200004f4   Data         120  function.o(.bss)
    hadc1                                    0x2000056c   Data          48  adc.o(.bss)
    htim1                                    0x2000059c   Data          72  tim.o(.bss)
    htim2                                    0x200005e4   Data          72  tim.o(.bss)
    htim3                                    0x2000062c   Data          72  tim.o(.bss)
    __libspace_start                         0x20000674   Data          96  libspace.o(.bss)
    __temporary_stack_top$libspace           0x200006d4   Data           0  libspace.o(.bss)



==============================================================================

Memory Map of the image

  Image Entry point : 0x080000ed

  Load Region LR_IROM1 (Base: 0x08000000, Size: 0x00006024, Max: 0x00010000, ABSOLUTE, COMPRESSED[0x00005d2c])

    Execution Region ER_IROM1 (Exec base: 0x08000000, Load base: 0x08000000, Size: 0x00005ba0, Max: 0x00010000, ABSOLUTE)

    Exec Addr    Load Addr    Size         Type   Attr      Idx    E Section Name        Object

    0x08000000   0x08000000   0x000000ec   Data   RO            3    RESET               startup_stm32f103xb.o
    0x080000ec   0x080000ec   0x00000008   Code   RO         3291  * !!!main             c_w.l(__main.o)
    0x080000f4   0x080000f4   0x00000034   Code   RO         3581    !!!scatter          c_w.l(__scatter.o)
    0x08000128   0x08000128   0x0000005a   Code   RO         3579    !!dczerorl2         c_w.l(__dczerorl2.o)
    0x08000182   0x08000182   0x00000002   PAD
    0x08000184   0x08000184   0x0000001c   Code   RO         3583    !!handler_zi        c_w.l(__scatter_zi.o)
    0x080001a0   0x080001a0   0x00000000   Code   RO         3286    .ARM.Collect$$_printf_percent$$00000000  c_w.l(_printf_percent.o)
    0x080001a0   0x080001a0   0x00000006   Code   RO         3285    .ARM.Collect$$_printf_percent$$00000003  c_w.l(_printf_f.o)
    0x080001a6   0x080001a6   0x00000004   Code   RO         3360    .ARM.Collect$$_printf_percent$$00000017  c_w.l(_printf_percent_end.o)
    0x080001aa   0x080001aa   0x00000002   Code   RO         3450    .ARM.Collect$$libinit$$00000000  c_w.l(libinit.o)
    0x080001ac   0x080001ac   0x00000000   Code   RO         3452    .ARM.Collect$$libinit$$00000002  c_w.l(libinit2.o)
    0x080001ac   0x080001ac   0x00000000   Code   RO         3454    .ARM.Collect$$libinit$$00000004  c_w.l(libinit2.o)
    0x080001ac   0x080001ac   0x00000000   Code   RO         3457    .ARM.Collect$$libinit$$0000000A  c_w.l(libinit2.o)
    0x080001ac   0x080001ac   0x00000000   Code   RO         3459    .ARM.Collect$$libinit$$0000000C  c_w.l(libinit2.o)
    0x080001ac   0x080001ac   0x00000000   Code   RO         3461    .ARM.Collect$$libinit$$0000000E  c_w.l(libinit2.o)
    0x080001ac   0x080001ac   0x00000006   Code   RO         3462    .ARM.Collect$$libinit$$0000000F  c_w.l(libinit2.o)
    0x080001b2   0x080001b2   0x00000000   Code   RO         3464    .ARM.Collect$$libinit$$00000011  c_w.l(libinit2.o)
    0x080001b2   0x080001b2   0x00000000   Code   RO         3466    .ARM.Collect$$libinit$$00000013  c_w.l(libinit2.o)
    0x080001b2   0x080001b2   0x00000000   Code   RO         3468    .ARM.Collect$$libinit$$00000015  c_w.l(libinit2.o)
    0x080001b2   0x080001b2   0x0000000a   Code   RO         3469    .ARM.Collect$$libinit$$00000016  c_w.l(libinit2.o)
    0x080001bc   0x080001bc   0x00000000   Code   RO         3470    .ARM.Collect$$libinit$$00000017  c_w.l(libinit2.o)
    0x080001bc   0x080001bc   0x00000000   Code   RO         3472    .ARM.Collect$$libinit$$00000019  c_w.l(libinit2.o)
    0x080001bc   0x080001bc   0x00000000   Code   RO         3474    .ARM.Collect$$libinit$$0000001B  c_w.l(libinit2.o)
    0x080001bc   0x080001bc   0x00000000   Code   RO         3476    .ARM.Collect$$libinit$$0000001D  c_w.l(libinit2.o)
    0x080001bc   0x080001bc   0x00000000   Code   RO         3478    .ARM.Collect$$libinit$$0000001F  c_w.l(libinit2.o)
    0x080001bc   0x080001bc   0x00000000   Code   RO         3480    .ARM.Collect$$libinit$$00000021  c_w.l(libinit2.o)
    0x080001bc   0x080001bc   0x00000000   Code   RO         3482    .ARM.Collect$$libinit$$00000023  c_w.l(libinit2.o)
    0x080001bc   0x080001bc   0x00000000   Code   RO         3484    .ARM.Collect$$libinit$$00000025  c_w.l(libinit2.o)
    0x080001bc   0x080001bc   0x00000000   Code   RO         3488    .ARM.Collect$$libinit$$0000002C  c_w.l(libinit2.o)
    0x080001bc   0x080001bc   0x00000000   Code   RO         3490    .ARM.Collect$$libinit$$0000002E  c_w.l(libinit2.o)
    0x080001bc   0x080001bc   0x00000000   Code   RO         3492    .ARM.Collect$$libinit$$00000030  c_w.l(libinit2.o)
    0x080001bc   0x080001bc   0x00000000   Code   RO         3494    .ARM.Collect$$libinit$$00000032  c_w.l(libinit2.o)
    0x080001bc   0x080001bc   0x00000002   Code   RO         3495    .ARM.Collect$$libinit$$00000033  c_w.l(libinit2.o)
    0x080001be   0x080001be   0x00000002   Code   RO         3527    .ARM.Collect$$libshutdown$$00000000  c_w.l(libshutdown.o)
    0x080001c0   0x080001c0   0x00000000   Code   RO         3538    .ARM.Collect$$libshutdown$$00000002  c_w.l(libshutdown2.o)
    0x080001c0   0x080001c0   0x00000000   Code   RO         3540    .ARM.Collect$$libshutdown$$00000004  c_w.l(libshutdown2.o)
    0x080001c0   0x080001c0   0x00000000   Code   RO         3543    .ARM.Collect$$libshutdown$$00000007  c_w.l(libshutdown2.o)
    0x080001c0   0x080001c0   0x00000000   Code   RO         3546    .ARM.Collect$$libshutdown$$0000000A  c_w.l(libshutdown2.o)
    0x080001c0   0x080001c0   0x00000000   Code   RO         3548    .ARM.Collect$$libshutdown$$0000000C  c_w.l(libshutdown2.o)
    0x080001c0   0x080001c0   0x00000000   Code   RO         3551    .ARM.Collect$$libshutdown$$0000000F  c_w.l(libshutdown2.o)
    0x080001c0   0x080001c0   0x00000002   Code   RO         3552    .ARM.Collect$$libshutdown$$00000010  c_w.l(libshutdown2.o)
    0x080001c2   0x080001c2   0x00000000   Code   RO         3353    .ARM.Collect$$rtentry$$00000000  c_w.l(__rtentry.o)
    0x080001c2   0x080001c2   0x00000000   Code   RO         3377    .ARM.Collect$$rtentry$$00000002  c_w.l(__rtentry2.o)
    0x080001c2   0x080001c2   0x00000006   Code   RO         3389    .ARM.Collect$$rtentry$$00000004  c_w.l(__rtentry4.o)
    0x080001c8   0x080001c8   0x00000000   Code   RO         3379    .ARM.Collect$$rtentry$$00000009  c_w.l(__rtentry2.o)
    0x080001c8   0x080001c8   0x00000004   Code   RO         3380    .ARM.Collect$$rtentry$$0000000A  c_w.l(__rtentry2.o)
    0x080001cc   0x080001cc   0x00000000   Code   RO         3382    .ARM.Collect$$rtentry$$0000000C  c_w.l(__rtentry2.o)
    0x080001cc   0x080001cc   0x00000008   Code   RO         3383    .ARM.Collect$$rtentry$$0000000D  c_w.l(__rtentry2.o)
    0x080001d4   0x080001d4   0x00000002   Code   RO         3498    .ARM.Collect$$rtexit$$00000000  c_w.l(rtexit.o)
    0x080001d6   0x080001d6   0x00000000   Code   RO         3505    .ARM.Collect$$rtexit$$00000002  c_w.l(rtexit2.o)
    0x080001d6   0x080001d6   0x00000004   Code   RO         3506    .ARM.Collect$$rtexit$$00000003  c_w.l(rtexit2.o)
    0x080001da   0x080001da   0x00000006   Code   RO         3507    .ARM.Collect$$rtexit$$00000004  c_w.l(rtexit2.o)
    0x080001e0   0x080001e0   0x00000040   Code   RO            4    .text               startup_stm32f103xb.o
    0x08000220   0x08000220   0x00000028   Code   RO         3261    .text               c_w.l(noretval__2sprintf.o)
    0x08000248   0x08000248   0x0000010e   Code   RO         3273    .text               c_w.l(__printf_wp.o)
    0x08000356   0x08000356   0x0000004e   Code   RO         3287    .text               c_w.l(rt_memclr_w.o)
    0x080003a4   0x080003a4   0x00000006   Code   RO         3289    .text               c_w.l(heapauxi.o)
    0x080003aa   0x080003aa   0x0000041e   Code   RO         3354    .text               c_w.l(_printf_fp_dec.o)
    0x080007c8   0x080007c8   0x00000030   Code   RO         3356    .text               c_w.l(_printf_char_common.o)
    0x080007f8   0x080007f8   0x0000000a   Code   RO         3358    .text               c_w.l(_sputc.o)
    0x08000802   0x08000802   0x00000002   PAD
    0x08000804   0x08000804   0x00000008   Code   RO         3394    .text               c_w.l(rt_locale_intlibspace.o)
    0x0800080c   0x0800080c   0x0000008a   Code   RO         3396    .text               c_w.l(lludiv10.o)
    0x08000896   0x08000896   0x00000002   PAD
    0x08000898   0x08000898   0x00000080   Code   RO         3398    .text               c_w.l(_printf_fp_infnan.o)
    0x08000918   0x08000918   0x000000e4   Code   RO         3402    .text               c_w.l(bigflt0.o)
    0x080009fc   0x080009fc   0x00000008   Code   RO         3436    .text               c_w.l(libspace.o)
    0x08000a04   0x08000a04   0x0000004a   Code   RO         3439    .text               c_w.l(sys_stackheap_outer.o)
    0x08000a4e   0x08000a4e   0x00000012   Code   RO         3441    .text               c_w.l(exit.o)
    0x08000a60   0x08000a60   0x00000080   Code   RO         3443    .text               c_w.l(strcmpv7m.o)
    0x08000ae0   0x08000ae0   0x0000000c   Code   RO         3517    .text               c_w.l(sys_exit.o)
    0x08000aec   0x08000aec   0x00000002   Code   RO         3528    .text               c_w.l(use_no_semi.o)
    0x08000aee   0x08000aee   0x00000000   Code   RO         3530    .text               c_w.l(indicate_semi.o)
    0x08000aee   0x08000aee   0x0000003e   Code   RO         3405    CL$$btod_d2e        c_w.l(btod.o)
    0x08000b2c   0x08000b2c   0x00000046   Code   RO         3407    CL$$btod_d2e_denorm_low  c_w.l(btod.o)
    0x08000b72   0x08000b72   0x00000060   Code   RO         3406    CL$$btod_d2e_norm_op1  c_w.l(btod.o)
    0x08000bd2   0x08000bd2   0x00000338   Code   RO         3415    CL$$btod_div_common  c_w.l(btod.o)
    0x08000f0a   0x08000f0a   0x000000dc   Code   RO         3412    CL$$btod_e2e        c_w.l(btod.o)
    0x08000fe6   0x08000fe6   0x0000002a   Code   RO         3409    CL$$btod_ediv       c_w.l(btod.o)
    0x08001010   0x08001010   0x0000002a   Code   RO         3408    CL$$btod_emul       c_w.l(btod.o)
    0x0800103a   0x0800103a   0x00000244   Code   RO         3414    CL$$btod_mult_common  c_w.l(btod.o)
    0x0800127e   0x0800127e   0x00000002   PAD
    0x08001280   0x08001280   0x0000000c   Code   RO          402    i.ADC1_2_IRQHandler  stm32f1xx_it.o
    0x0800128c   0x0800128c   0x00000056   Code   RO          562    i.ADC_ConversionStop_Disable  stm32f1xx_hal_adc.o
    0x080012e2   0x080012e2   0x00000002   PAD
    0x080012e4   0x080012e4   0x0000007c   Code   RO          566    i.ADC_Enable        stm32f1xx_hal_adc.o
    0x08001360   0x08001360   0x00000002   Code   RO          403    i.BusFault_Handler  stm32f1xx_it.o
    0x08001362   0x08001362   0x00000002   PAD
    0x08001364   0x08001364   0x0000005c   Code   RO         3016    i.DS18B20_Check_1   ds18b20_1.o
    0x080013c0   0x080013c0   0x0000005c   Code   RO         3017    i.DS18B20_Check_2   ds18b20_1.o
    0x0800141c   0x0800141c   0x0000005c   Code   RO         3018    i.DS18B20_Check_3   ds18b20_1.o
    0x08001478   0x08001478   0x0000005c   Code   RO         3019    i.DS18B20_Check_4   ds18b20_1.o
    0x080014d4   0x080014d4   0x00000050   Code   RO         3020    i.DS18B20_Get_Temperature_1  ds18b20_1.o
    0x08001524   0x08001524   0x00000050   Code   RO         3021    i.DS18B20_Get_Temperature_2  ds18b20_1.o
    0x08001574   0x08001574   0x00000050   Code   RO         3022    i.DS18B20_Get_Temperature_3  ds18b20_1.o
    0x080015c4   0x080015c4   0x00000050   Code   RO         3023    i.DS18B20_Get_Temperature_4  ds18b20_1.o
    0x08001614   0x08001614   0x00000018   Code   RO         3024    i.DS18B20_IO_IN_1   ds18b20_1.o
    0x0800162c   0x0800162c   0x00000018   Code   RO         3025    i.DS18B20_IO_IN_2   ds18b20_1.o
    0x08001644   0x08001644   0x00000018   Code   RO         3026    i.DS18B20_IO_IN_3   ds18b20_1.o
    0x0800165c   0x0800165c   0x00000018   Code   RO         3027    i.DS18B20_IO_IN_4   ds18b20_1.o
    0x08001674   0x08001674   0x0000001c   Code   RO         3028    i.DS18B20_IO_OUT_1  ds18b20_1.o
    0x08001690   0x08001690   0x0000001c   Code   RO         3029    i.DS18B20_IO_OUT_2  ds18b20_1.o
    0x080016ac   0x080016ac   0x0000001c   Code   RO         3030    i.DS18B20_IO_OUT_3  ds18b20_1.o
    0x080016c8   0x080016c8   0x0000001c   Code   RO         3031    i.DS18B20_IO_OUT_4  ds18b20_1.o
    0x080016e4   0x080016e4   0x00000028   Code   RO         3032    i.DS18B20_Init_1    ds18b20_1.o
    0x0800170c   0x0800170c   0x00000028   Code   RO         3033    i.DS18B20_Init_2    ds18b20_1.o
    0x08001734   0x08001734   0x00000028   Code   RO         3034    i.DS18B20_Init_3    ds18b20_1.o
    0x0800175c   0x0800175c   0x00000028   Code   RO         3035    i.DS18B20_Init_4    ds18b20_1.o
    0x08001784   0x08001784   0x0000004c   Code   RO         3036    i.DS18B20_Read_Bit_1  ds18b20_1.o
    0x080017d0   0x080017d0   0x0000004c   Code   RO         3037    i.DS18B20_Read_Bit_2  ds18b20_1.o
    0x0800181c   0x0800181c   0x0000004c   Code   RO         3038    i.DS18B20_Read_Bit_3  ds18b20_1.o
    0x08001868   0x08001868   0x0000004c   Code   RO         3039    i.DS18B20_Read_Bit_4  ds18b20_1.o
    0x080018b4   0x080018b4   0x00000020   Code   RO         3040    i.DS18B20_Read_Byte_1  ds18b20_1.o
    0x080018d4   0x080018d4   0x00000020   Code   RO         3041    i.DS18B20_Read_Byte_2  ds18b20_1.o
    0x080018f4   0x080018f4   0x00000020   Code   RO         3042    i.DS18B20_Read_Byte_3  ds18b20_1.o
    0x08001914   0x08001914   0x00000020   Code   RO         3043    i.DS18B20_Read_Byte_4  ds18b20_1.o
    0x08001934   0x08001934   0x00000034   Code   RO         3044    i.DS18B20_Rst_1     ds18b20_1.o
    0x08001968   0x08001968   0x00000034   Code   RO         3045    i.DS18B20_Rst_2     ds18b20_1.o
    0x0800199c   0x0800199c   0x00000034   Code   RO         3046    i.DS18B20_Rst_3     ds18b20_1.o
    0x080019d0   0x080019d0   0x00000034   Code   RO         3047    i.DS18B20_Rst_4     ds18b20_1.o
    0x08001a04   0x08001a04   0x0000001a   Code   RO         3048    i.DS18B20_Start_1   ds18b20_1.o
    0x08001a1e   0x08001a1e   0x0000001a   Code   RO         3049    i.DS18B20_Start_2   ds18b20_1.o
    0x08001a38   0x08001a38   0x0000001a   Code   RO         3050    i.DS18B20_Start_3   ds18b20_1.o
    0x08001a52   0x08001a52   0x0000001a   Code   RO         3051    i.DS18B20_Start_4   ds18b20_1.o
    0x08001a6c   0x08001a6c   0x00000060   Code   RO         3052    i.DS18B20_Write_Byte_1  ds18b20_1.o
    0x08001acc   0x08001acc   0x00000060   Code   RO         3053    i.DS18B20_Write_Byte_2  ds18b20_1.o
    0x08001b2c   0x08001b2c   0x00000060   Code   RO         3054    i.DS18B20_Write_Byte_3  ds18b20_1.o
    0x08001b8c   0x08001b8c   0x00000060   Code   RO         3055    i.DS18B20_Write_Byte_4  ds18b20_1.o
    0x08001bec   0x08001bec   0x00000002   Code   RO          404    i.DebugMon_Handler  stm32f1xx_it.o
    0x08001bee   0x08001bee   0x00000004   Code   RO          218    i.Error_Handler     main.o
    0x08001bf2   0x08001bf2   0x00000002   Code   RO          744    i.HAL_ADCEx_InjectedConvCpltCallback  stm32f1xx_hal_adc_ex.o
    0x08001bf4   0x08001bf4   0x000000fc   Code   RO          568    i.HAL_ADC_ConfigChannel  stm32f1xx_hal_adc.o
    0x08001cf0   0x08001cf0   0x00000002   Code   RO          569    i.HAL_ADC_ConvCpltCallback  stm32f1xx_hal_adc.o
    0x08001cf2   0x08001cf2   0x00000004   Code   RO          574    i.HAL_ADC_GetState  stm32f1xx_hal_adc.o
    0x08001cf6   0x08001cf6   0x00000006   Code   RO          575    i.HAL_ADC_GetValue  stm32f1xx_hal_adc.o
    0x08001cfc   0x08001cfc   0x000000dc   Code   RO          576    i.HAL_ADC_IRQHandler  stm32f1xx_hal_adc.o
    0x08001dd8   0x08001dd8   0x0000011c   Code   RO          577    i.HAL_ADC_Init      stm32f1xx_hal_adc.o
    0x08001ef4   0x08001ef4   0x00000002   Code   RO          578    i.HAL_ADC_LevelOutOfWindowCallback  stm32f1xx_hal_adc.o
    0x08001ef6   0x08001ef6   0x00000002   PAD
    0x08001ef8   0x08001ef8   0x00000068   Code   RO          289    i.HAL_ADC_MspInit   adc.o
    0x08001f60   0x08001f60   0x0000013c   Code   RO          581    i.HAL_ADC_PollForConversion  stm32f1xx_hal_adc.o
    0x0800209c   0x0800209c   0x000000c0   Code   RO          583    i.HAL_ADC_Start     stm32f1xx_hal_adc.o
    0x0800215c   0x0800215c   0x00000024   Code   RO          845    i.HAL_Delay         stm32f1xx_hal.o
    0x08002180   0x08002180   0x000001e0   Code   RO         1155    i.HAL_GPIO_Init     stm32f1xx_hal_gpio.o
    0x08002360   0x08002360   0x0000000a   Code   RO         1157    i.HAL_GPIO_ReadPin  stm32f1xx_hal_gpio.o
    0x0800236a   0x0800236a   0x0000000a   Code   RO         1159    i.HAL_GPIO_WritePin  stm32f1xx_hal_gpio.o
    0x08002374   0x08002374   0x0000000c   Code   RO          849    i.HAL_GetTick       stm32f1xx_hal.o
    0x08002380   0x08002380   0x00000010   Code   RO          855    i.HAL_IncTick       stm32f1xx_hal.o
    0x08002390   0x08002390   0x00000024   Code   RO          856    i.HAL_Init          stm32f1xx_hal.o
    0x080023b4   0x080023b4   0x00000040   Code   RO          857    i.HAL_InitTick      stm32f1xx_hal.o
    0x080023f4   0x080023f4   0x00000054   Code   RO          502    i.HAL_MspInit       stm32f1xx_hal_msp.o
    0x08002448   0x08002448   0x0000001a   Code   RO         1315    i.HAL_NVIC_EnableIRQ  stm32f1xx_hal_cortex.o
    0x08002462   0x08002462   0x00000002   PAD
    0x08002464   0x08002464   0x00000040   Code   RO         1321    i.HAL_NVIC_SetPriority  stm32f1xx_hal_cortex.o
    0x080024a4   0x080024a4   0x00000024   Code   RO         1322    i.HAL_NVIC_SetPriorityGrouping  stm32f1xx_hal_cortex.o
    0x080024c8   0x080024c8   0x000000a4   Code   RO         1116    i.HAL_RCCEx_GetPeriphCLKFreq  stm32f1xx_hal_rcc_ex.o
    0x0800256c   0x0800256c   0x000000ec   Code   RO         1117    i.HAL_RCCEx_PeriphCLKConfig  stm32f1xx_hal_rcc_ex.o
    0x08002658   0x08002658   0x0000012c   Code   RO         1013    i.HAL_RCC_ClockConfig  stm32f1xx_hal_rcc.o
    0x08002784   0x08002784   0x00000020   Code   RO         1021    i.HAL_RCC_GetPCLK2Freq  stm32f1xx_hal_rcc.o
    0x080027a4   0x080027a4   0x0000004c   Code   RO         1022    i.HAL_RCC_GetSysClockFreq  stm32f1xx_hal_rcc.o
    0x080027f0   0x080027f0   0x00000320   Code   RO         1025    i.HAL_RCC_OscConfig  stm32f1xx_hal_rcc.o
    0x08002b10   0x08002b10   0x00000028   Code   RO         1326    i.HAL_SYSTICK_Config  stm32f1xx_hal_cortex.o
    0x08002b38   0x08002b38   0x00000002   Code   RO         2521    i.HAL_TIMEx_BreakCallback  stm32f1xx_hal_tim_ex.o
    0x08002b3a   0x08002b3a   0x00000002   Code   RO         2522    i.HAL_TIMEx_CommutCallback  stm32f1xx_hal_tim_ex.o
    0x08002b3c   0x08002b3c   0x00000068   Code   RO         2540    i.HAL_TIMEx_MasterConfigSynchronization  stm32f1xx_hal_tim_ex.o
    0x08002ba4   0x08002ba4   0x0000005a   Code   RO         1817    i.HAL_TIM_Base_Init  stm32f1xx_hal_tim.o
    0x08002bfe   0x08002bfe   0x00000002   PAD
    0x08002c00   0x08002c00   0x00000060   Code   RO          331    i.HAL_TIM_Base_MspInit  tim.o
    0x08002c60   0x08002c60   0x00000058   Code   RO         1822    i.HAL_TIM_Base_Start_IT  stm32f1xx_hal_tim.o
    0x08002cb8   0x08002cb8   0x00000030   Code   RO         1825    i.HAL_TIM_Base_Stop_IT  stm32f1xx_hal_tim.o
    0x08002ce8   0x08002ce8   0x000000dc   Code   RO         1826    i.HAL_TIM_ConfigClockSource  stm32f1xx_hal_tim.o
    0x08002dc4   0x08002dc4   0x00000002   Code   RO         1851    i.HAL_TIM_IC_CaptureCallback  stm32f1xx_hal_tim.o
    0x08002dc6   0x08002dc6   0x00000166   Code   RO         1865    i.HAL_TIM_IRQHandler  stm32f1xx_hal_tim.o
    0x08002f2c   0x08002f2c   0x0000004c   Code   RO          332    i.HAL_TIM_MspPostInit  tim.o
    0x08002f78   0x08002f78   0x00000002   Code   RO         1868    i.HAL_TIM_OC_DelayElapsedCallback  stm32f1xx_hal_tim.o
    0x08002f7a   0x08002f7a   0x000000cc   Code   RO         1889    i.HAL_TIM_PWM_ConfigChannel  stm32f1xx_hal_tim.o
    0x08003046   0x08003046   0x0000005a   Code   RO         1892    i.HAL_TIM_PWM_Init  stm32f1xx_hal_tim.o
    0x080030a0   0x080030a0   0x00000028   Code   RO          334    i.HAL_TIM_PWM_MspInit  tim.o
    0x080030c8   0x080030c8   0x00000002   Code   RO         1895    i.HAL_TIM_PWM_PulseFinishedCallback  stm32f1xx_hal_tim.o
    0x080030ca   0x080030ca   0x00000002   PAD
    0x080030cc   0x080030cc   0x0000009c   Code   RO         1897    i.HAL_TIM_PWM_Start  stm32f1xx_hal_tim.o
    0x08003168   0x08003168   0x0000004c   Code   RO           13    i.HAL_TIM_PeriodElapsedCallback  function.o
    0x080031b4   0x080031b4   0x00000002   Code   RO         1908    i.HAL_TIM_TriggerCallback  stm32f1xx_hal_tim.o
    0x080031b6   0x080031b6   0x00000002   Code   RO          405    i.HardFault_Handler  stm32f1xx_it.o
    0x080031b8   0x080031b8   0x00000050   Code   RO          290    i.MX_ADC1_Init      adc.o
    0x08003208   0x08003208   0x000000a4   Code   RO          264    i.MX_GPIO_Init      gpio.o
    0x080032ac   0x080032ac   0x0000006c   Code   RO          335    i.MX_TIM1_Init      tim.o
    0x08003318   0x08003318   0x00000068   Code   RO          336    i.MX_TIM2_Init      tim.o
    0x08003380   0x08003380   0x00000070   Code   RO          337    i.MX_TIM3_Init      tim.o
    0x080033f0   0x080033f0   0x00000002   Code   RO          406    i.MemManage_Handler  stm32f1xx_it.o
    0x080033f2   0x080033f2   0x00000002   Code   RO          407    i.NMI_Handler       stm32f1xx_it.o
    0x080033f4   0x080033f4   0x00000002   Code   RO          408    i.PendSV_Handler    stm32f1xx_it.o
    0x080033f6   0x080033f6   0x00000002   Code   RO          409    i.RCC_IRQHandler    stm32f1xx_it.o
    0x080033f8   0x080033f8   0x00000002   Code   RO          410    i.SVC_Handler       stm32f1xx_it.o
    0x080033fa   0x080033fa   0x00000002   PAD
    0x080033fc   0x080033fc   0x00000080   Code   RO         2827    i.StringPrint       jlx256128g.o
    0x0800347c   0x0800347c   0x00000004   Code   RO          411    i.SysTick_Handler   stm32f1xx_it.o
    0x08003480   0x08003480   0x00000078   Code   RO          219    i.SystemClock_Config  main.o
    0x080034f8   0x080034f8   0x00000002   Code   RO         2789    i.SystemInit        system_stm32f1xx.o
    0x080034fa   0x080034fa   0x00000002   PAD
    0x080034fc   0x080034fc   0x00000024   Code   RO           14    i.System_Reset      function.o
    0x08003520   0x08003520   0x0000000c   Code   RO          412    i.TIM1_UP_IRQHandler  stm32f1xx_it.o
    0x0800352c   0x0800352c   0x0000000c   Code   RO          413    i.TIM2_IRQHandler   stm32f1xx_it.o
    0x08003538   0x08003538   0x0000006c   Code   RO         1910    i.TIM_Base_SetConfig  stm32f1xx_hal_tim.o
    0x080035a4   0x080035a4   0x0000001a   Code   RO         1911    i.TIM_CCxChannelCmd  stm32f1xx_hal_tim.o
    0x080035be   0x080035be   0x00000014   Code   RO         1921    i.TIM_ETR_SetConfig  stm32f1xx_hal_tim.o
    0x080035d2   0x080035d2   0x00000010   Code   RO         1922    i.TIM_ITRx_SetConfig  stm32f1xx_hal_tim.o
    0x080035e2   0x080035e2   0x00000002   PAD
    0x080035e4   0x080035e4   0x00000050   Code   RO         1923    i.TIM_OC1_SetConfig  stm32f1xx_hal_tim.o
    0x08003634   0x08003634   0x00000058   Code   RO         1924    i.TIM_OC2_SetConfig  stm32f1xx_hal_tim.o
    0x0800368c   0x0800368c   0x00000058   Code   RO         1925    i.TIM_OC3_SetConfig  stm32f1xx_hal_tim.o
    0x080036e4   0x080036e4   0x00000044   Code   RO         1926    i.TIM_OC4_SetConfig  stm32f1xx_hal_tim.o
    0x08003728   0x08003728   0x00000022   Code   RO         1928    i.TIM_TI1_ConfigInputStage  stm32f1xx_hal_tim.o
    0x0800374a   0x0800374a   0x00000024   Code   RO         1930    i.TIM_TI2_ConfigInputStage  stm32f1xx_hal_tim.o
    0x0800376e   0x0800376e   0x00000002   Code   RO          414    i.UsageFault_Handler  stm32f1xx_it.o
    0x08003770   0x08003770   0x00000028   Code   RO         3434    i.__ARM_fpclassify  m_ws.l(fpclassify.o)
    0x08003798   0x08003798   0x00000020   Code   RO         1328    i.__NVIC_SetPriority  stm32f1xx_hal_cortex.o
    0x080037b8   0x080037b8   0x0000000e   Code   RO         3275    i._is_digit         c_w.l(__printf_wp.o)
    0x080037c6   0x080037c6   0x00000028   Code   RO         2828    i.clear_screen      jlx256128g.o
    0x080037ee   0x080037ee   0x00000014   Code   RO         2829    i.delay             jlx256128g.o
    0x08003802   0x08003802   0x00000010   Code   RO         2944    i.delay_us          18b20.o
    0x08003812   0x08003812   0x0000000c   Code   RO         2830    i.delay_us1         jlx256128g.o
    0x0800381e   0x0800381e   0x00000002   PAD
    0x08003820   0x08003820   0x00000030   Code   RO           15    i.disp              function.o
    0x08003850   0x08003850   0x00000064   Code   RO         2831    i.disp_16x16        jlx256128g.o
    0x080038b4   0x080038b4   0x00000026   Code   RO           16    i.init_18b20        function.o
    0x080038da   0x080038da   0x00000002   PAD
    0x080038dc   0x080038dc   0x0000016c   Code   RO         2834    i.initial_lcd       jlx256128g.o
    0x08003a48   0x08003a48   0x00000170   Code   RO           18    i.key_scan          function.o
    0x08003bb8   0x08003bb8   0x00000044   Code   RO         2835    i.lcd_address       jlx256128g.o
    0x08003bfc   0x08003bfc   0x0000006c   Code   RO          220    i.main              main.o
    0x08003c68   0x08003c68   0x00000130   Code   RO           19    i.start_18b20       function.o
    0x08003d98   0x08003d98   0x00000148   Code   RO           20    i.start_led         function.o
    0x08003ee0   0x08003ee0   0x00000358   Code   RO           21    i.start_pt100       function.o
    0x08004238   0x08004238   0x00000034   Code   RO           22    i.start_timer       function.o
    0x0800426c   0x0800426c   0x00000060   Code   RO         2837    i.transfer_command_lcd  jlx256128g.o
    0x080042cc   0x080042cc   0x00000060   Code   RO         2838    i.transfer_data_lcd  jlx256128g.o
    0x0800432c   0x0800432c   0x0000002c   Code   RO         3428    locale$$code        c_w.l(lc_numeric_c.o)
    0x08004358   0x08004358   0x00000062   Code   RO         3293    x$fpl$d2f           fz_ws.l(d2f.o)
    0x080043ba   0x080043ba   0x00000002   PAD
    0x080043bc   0x080043bc   0x00000150   Code   RO         3295    x$fpl$dadd          fz_ws.l(daddsub_clz.o)
    0x0800450c   0x0800450c   0x00000018   Code   RO         3361    x$fpl$dcmpinf       fz_ws.l(dcmpi.o)
    0x08004524   0x08004524   0x000002b0   Code   RO         3302    x$fpl$ddiv          fz_ws.l(ddiv.o)
    0x080047d4   0x080047d4   0x0000005e   Code   RO         3305    x$fpl$dfix          fz_ws.l(dfix.o)
    0x08004832   0x08004832   0x0000002e   Code   RO         3310    x$fpl$dflt          fz_ws.l(dflt_clz.o)
    0x08004860   0x08004860   0x00000078   Code   RO         3315    x$fpl$dleqf         fz_ws.l(dleqf.o)
    0x080048d8   0x080048d8   0x00000154   Code   RO         3317    x$fpl$dmul          fz_ws.l(dmul.o)
    0x08004a2c   0x08004a2c   0x0000009c   Code   RO         3363    x$fpl$dnaninf       fz_ws.l(dnaninf.o)
    0x08004ac8   0x08004ac8   0x0000000c   Code   RO         3365    x$fpl$dretinf       fz_ws.l(dretinf.o)
    0x08004ad4   0x08004ad4   0x0000006c   Code   RO         3319    x$fpl$drleqf        fz_ws.l(drleqf.o)
    0x08004b40   0x08004b40   0x000001d4   Code   RO         3297    x$fpl$dsub          fz_ws.l(daddsub_clz.o)
    0x08004d14   0x08004d14   0x00000056   Code   RO         3321    x$fpl$f2d           fz_ws.l(f2d.o)
    0x08004d6a   0x08004d6a   0x00000002   PAD
    0x08004d6c   0x08004d6c   0x000000c4   Code   RO         3323    x$fpl$fadd          fz_ws.l(faddsub_clz.o)
    0x08004e30   0x08004e30   0x0000000c   Code   RO         3367    x$fpl$fcheck1       fz_ws.l(fcheck1.o)
    0x08004e3c   0x08004e3c   0x00000018   Code   RO         3369    x$fpl$fcmpinf       fz_ws.l(fcmpi.o)
    0x08004e54   0x08004e54   0x00000184   Code   RO         3330    x$fpl$fdiv          fz_ws.l(fdiv.o)
    0x08004fd8   0x08004fd8   0x0000003e   Code   RO         3333    x$fpl$ffixu         fz_ws.l(ffixu.o)
    0x08005016   0x08005016   0x00000002   PAD
    0x08005018   0x08005018   0x00000030   Code   RO         3338    x$fpl$fflt          fz_ws.l(fflt_clz.o)
    0x08005048   0x08005048   0x00000026   Code   RO         3337    x$fpl$ffltu         fz_ws.l(fflt_clz.o)
    0x0800506e   0x0800506e   0x00000002   PAD
    0x08005070   0x08005070   0x00000068   Code   RO         3343    x$fpl$fleqf         fz_ws.l(fleqf.o)
    0x080050d8   0x080050d8   0x00000102   Code   RO         3345    x$fpl$fmul          fz_ws.l(fmul.o)
    0x080051da   0x080051da   0x0000008c   Code   RO         3371    x$fpl$fnaninf       fz_ws.l(fnaninf.o)
    0x08005266   0x08005266   0x0000000a   Code   RO         3373    x$fpl$fretinf       fz_ws.l(fretinf.o)
    0x08005270   0x08005270   0x00000062   Code   RO         3347    x$fpl$frleqf        fz_ws.l(frleqf.o)
    0x080052d2   0x080052d2   0x00000002   PAD
    0x080052d4   0x080052d4   0x000000ea   Code   RO         3325    x$fpl$fsub          fz_ws.l(faddsub_clz.o)
    0x080053be   0x080053be   0x00000004   Code   RO         3349    x$fpl$printf1       fz_ws.l(printf1.o)
    0x080053c2   0x080053c2   0x00000064   Code   RO         3432    x$fpl$retnan        fz_ws.l(retnan.o)
    0x08005426   0x08005426   0x0000004c   Code   RO         3351    x$fpl$scalbnf       fz_ws.l(scalbnf.o)
    0x08005472   0x08005472   0x00000030   Code   RO         3496    x$fpl$trapveneer    fz_ws.l(trapv.o)
    0x080054a2   0x080054a2   0x00000000   Code   RO         3375    x$fpl$usenofp       fz_ws.l(usenofp.o)
    0x080054a2   0x080054a2   0x00000012   Data   RO         1026    .constdata          stm32f1xx_hal_rcc.o
    0x080054b4   0x080054b4   0x00000012   Data   RO         1118    .constdata          stm32f1xx_hal_rcc_ex.o
    0x080054c6   0x080054c6   0x00000010   Data   RO         2790    .constdata          system_stm32f1xx.o
    0x080054d6   0x080054d6   0x00000008   Data   RO         2791    .constdata          system_stm32f1xx.o
    0x080054de   0x080054de   0x000005f0   Data   RO         2840    .constdata          jlx256128g.o
    0x08005ace   0x08005ace   0x00000002   PAD
    0x08005ad0   0x08005ad0   0x00000094   Data   RO         3403    .constdata          c_w.l(bigflt0.o)
    0x08005b64   0x08005b64   0x00000020   Data   RO         3577    Region$$Table       anon$$obj.o
    0x08005b84   0x08005b84   0x0000001c   Data   RO         3427    locale$$data        c_w.l(lc_numeric_c.o)


    Execution Region RW_IRAM1 (Exec base: 0x20000000, Load base: 0x08005ba0, Size: 0x00000cd8, Max: 0x00005000, ABSOLUTE, COMPRESSED[0x0000018c])

    Exec Addr    Load Addr    Size         Type   Attr      Idx    E Section Name        Object

    0x20000000   COMPRESSED   0x00000074   Data   RW           27    .data               function.o
    0x20000074   COMPRESSED   0x0000000c   Data   RW          863    .data               stm32f1xx_hal.o
    0x20000080   COMPRESSED   0x00000004   Data   RW         2792    .data               system_stm32f1xx.o
    0x20000084   COMPRESSED   0x00000400   Data   RW         2841    .data               jlx256128g.o
    0x20000484        -       0x000000e8   Zero   RW           24    .bss                function.o
    0x2000056c        -       0x00000030   Zero   RW          291    .bss                adc.o
    0x2000059c        -       0x000000d8   Zero   RW          338    .bss                tim.o
    0x20000674        -       0x00000060   Zero   RW         3437    .bss                c_w.l(libspace.o)
    0x200006d4   COMPRESSED   0x00000004   PAD
    0x200006d8        -       0x00000200   Zero   RW            2    HEAP                startup_stm32f103xb.o
    0x200008d8        -       0x00000400   Zero   RW            1    STACK               startup_stm32f103xb.o


==============================================================================

Image component sizes


      Code (inc. data)   RO Data    RW Data    ZI Data      Debug   Object Name

        16          0          0          0          0       1272   18b20.o
       184         22          0          0         48       1641   adc.o
      2184        152          0          0          0      22878   ds18b20_1.o
      2106        266          0        116        232     445280   function.o
       164         14          0          0          0        939   gpio.o
       924         26       1520       1024          0       6849   jlx256128g.o
       232         14          0          0          0       2019   main.o
        64         26        236          0       1536        808   startup_stm32f103xb.o
       164         28          0         12          0       5889   stm32f1xx_hal.o
      1488         54          0          0          0       8946   stm32f1xx_hal_adc.o
         2          0          0          0          0       1053   stm32f1xx_hal_adc_ex.o
       198         14          0          0          0      28923   stm32f1xx_hal_cortex.o
       500         34          0          0          0       3503   stm32f1xx_hal_gpio.o
        84         10          0          0          0        874   stm32f1xx_hal_msp.o
      1208         72         18          0          0       4541   stm32f1xx_hal_rcc.o
       400         28         18          0          0       2465   stm32f1xx_hal_rcc_ex.o
      1826         58          0          0          0      16051   stm32f1xx_hal_tim.o
       108         12          0          0          0       2393   stm32f1xx_hal_tim_ex.o
        58         18          0          0          0       5574   stm32f1xx_it.o
         2          0         24          4          0       1107   system_stm32f1xx.o
       536         58          0          0        216       4096   tim.o

    ----------------------------------------------------------------------
     12470        906       1850       1156       2032     567101   Object Totals
         0          0         32          0          0          0   (incl. Generated)
        22          0          2          0          0          0   (incl. Padding)

    ----------------------------------------------------------------------

      Code (inc. data)   RO Data    RW Data    ZI Data      Debug   Library Member Name

        90          0          0          0          0          0   __dczerorl2.o
         8          0          0          0          0         68   __main.o
       284          0          0          0          0        156   __printf_wp.o
         0          0          0          0          0          0   __rtentry.o
        12          0          0          0          0          0   __rtentry2.o
         6          0          0          0          0          0   __rtentry4.o
        52          8          0          0          0          0   __scatter.o
        28          0          0          0          0          0   __scatter_zi.o
        48          6          0          0          0         96   _printf_char_common.o
         6          0          0          0          0          0   _printf_f.o
      1054          0          0          0          0        216   _printf_fp_dec.o
       128         16          0          0          0         84   _printf_fp_infnan.o
         0          0          0          0          0          0   _printf_percent.o
         4          0          0          0          0          0   _printf_percent_end.o
        10          0          0          0          0         68   _sputc.o
       228          4        148          0          0         96   bigflt0.o
      1936        128          0          0          0        672   btod.o
        18          0          0          0          0         80   exit.o
         6          0          0          0          0        152   heapauxi.o
         0          0          0          0          0          0   indicate_semi.o
        44         10         28          0          0         76   lc_numeric_c.o
         2          0          0          0          0          0   libinit.o
        18          0          0          0          0          0   libinit2.o
         2          0          0          0          0          0   libshutdown.o
         2          0          0          0          0          0   libshutdown2.o
         8          4          0          0         96         68   libspace.o
       138          0          0          0          0         80   lludiv10.o
        40          6          0          0          0         84   noretval__2sprintf.o
         8          4          0          0          0         68   rt_locale_intlibspace.o
        78          0          0          0          0         80   rt_memclr_w.o
         2          0          0          0          0          0   rtexit.o
        10          0          0          0          0          0   rtexit2.o
       128          0          0          0          0         68   strcmpv7m.o
        12          4          0          0          0         68   sys_exit.o
        74          0          0          0          0         80   sys_stackheap_outer.o
         2          0          0          0          0         68   use_no_semi.o
        98          4          0          0          0         92   d2f.o
       804         16          0          0          0        272   daddsub_clz.o
        24          0          0          0          0         68   dcmpi.o
       688        140          0          0          0        208   ddiv.o
        94          4          0          0          0         92   dfix.o
        46          0          0          0          0         68   dflt_clz.o
       120          4          0          0          0         92   dleqf.o
       340         12          0          0          0        104   dmul.o
       156          4          0          0          0         92   dnaninf.o
        12          0          0          0          0         68   dretinf.o
       108          0          0          0          0         80   drleqf.o
        86          4          0          0          0         84   f2d.o
       430          8          0          0          0        168   faddsub_clz.o
        12          4          0          0          0         68   fcheck1.o
        24          0          0          0          0         68   fcmpi.o
       388         76          0          0          0         96   fdiv.o
        62          4          0          0          0         84   ffixu.o
        86          0          0          0          0        136   fflt_clz.o
       104          4          0          0          0         84   fleqf.o
       258          4          0          0          0         84   fmul.o
       140          4          0          0          0         84   fnaninf.o
        10          0          0          0          0         68   fretinf.o
        98          0          0          0          0         68   frleqf.o
         4          0          0          0          0         68   printf1.o
       100          0          0          0          0         68   retnan.o
        76          0          0          0          0         68   scalbnf.o
        48          0          0          0          0         68   trapv.o
         0          0          0          0          0          0   usenofp.o
        40          0          0          0          0         68   fpclassify.o

    ----------------------------------------------------------------------
      8960        482        176          0        100       5096   Library Totals
        18          0          0          0          4          0   (incl. Padding)

    ----------------------------------------------------------------------

      Code (inc. data)   RO Data    RW Data    ZI Data      Debug   Library Name

      4486        190        176          0         96       2428   c_w.l
      4416        292          0          0          0       2600   fz_ws.l
        40          0          0          0          0         68   m_ws.l

    ----------------------------------------------------------------------
      8960        482        176          0        100       5096   Library Totals

    ----------------------------------------------------------------------

==============================================================================


      Code (inc. data)   RO Data    RW Data    ZI Data      Debug   

     21430       1388       2026       1156       2132     562209   Grand Totals
     21430       1388       2026        396       2132     562209   ELF Image Totals (compressed)
     21430       1388       2026        396          0          0   ROM Totals

==============================================================================

    Total RO  Size (Code + RO Data)                23456 (  22.91kB)
    Total RW  Size (RW Data + ZI Data)              3288 (   3.21kB)
    Total ROM Size (Code + RO Data + RW Data)      23852 (  23.29kB)

==============================================================================

