<html>
<body>
<pre>
<h1>µVision Build Log</h1>
<h2>Tool Versions:</h2>
IDE-Version: ¦ÌVision V5.24.2.0
Copyright (C) 2017 ARM Ltd and ARM Germany GmbH. All rights reserved.
License Information: fan jiexin, xxx, LIC=65ISZ-JTLED-PC8J8-3FKQC-W8ZHA-DRFDR
 
Tool Versions:
Toolchain:       MDK-ARM Plus  Version: 5.24.1
Toolchain Path:  C:\Keil_v5\ARM\ARMCLANG\Bin
C Compiler:      ArmClang.exe V6.7
Assembler:       Armasm.exe V6.7
Linker/Locator:  ArmLink.exe V6.7
Library Manager: ArmAr.exe V6.7
Hex Converter:   FromElf.exe V6.7
CPU DLL:         SARMCM3.DLL V5.24.1
Dialog DLL:      DCM.DLL V1.16.0.0
Target DLL:      STLink\ST-LINKIII-KEIL_SWO.dll V3.0.1.0
Dialog DLL:      TCM.DLL V1.32.0.0
 
<h2>Project:</h2>
C:\Users\chnxjang\Desktop\cichuangan\flash-test\MCU_Flash\MDK-ARM\MCU_Flash.uvprojx
Project File Date:  11/11/2024

<h2>Output:</h2>
*** Using Compiler 'V6.7', folder: 'C:\Keil_v5\ARM\ARMCLANG\Bin'
Build target 'MCU_Flash'
../Core/Src/main.c(122): warning: illegal character encoding in string literal [-Winvalid-source-encoding]
            printf("<B2><C1><B3><FD> <B3><U+0279><A6>\r\n");
                    ^~~~~~~~~~~~~~~~ ~~~~        ~~~~
1 warning generated.
compiling main.c...
linking...
Program Size: Code=4872 RO-data=292 RW-data=120 ZI-data=1056  
FromELF: creating hex file...
"MCU_Flash\MCU_Flash.axf" - 0 Error(s), 1 Warning(s).

<h2>Software Packages used:</h2>

Package Vendor: ARM
                http://www.keil.com/pack/ARM.CMSIS.5.6.0.pack
                ARM.CMSIS.5.6.0
                CMSIS (Cortex Microcontroller Software Interface Standard)
   * Component: CORE Version: 5.3.0

Package Vendor: Keil
                http://www.keil.com/pack/Keil.STM32F1xx_DFP.2.2.0.pack
                Keil.STM32F1xx_DFP.2.2.0
                STMicroelectronics STM32F1 Series Device Support, Drivers and Examples

<h2>Collection of Component include folders:</h2>
  .\RTE\_MCU_Flash
  C:\Keil_v5\ARM\PACK\ARM\CMSIS\5.6.0\CMSIS\Core\Include
  C:\Keil_v5\ARM\PACK\Keil\STM32F1xx_DFP\2.2.0\Device\Include

<h2>Collection of Component Files used:</h2>

   * Component: ARM::CMSIS:CORE:5.3.0
Build Time Elapsed:  00:00:03
</pre>
</body>
</html>
