C51 COMPILER V8.08   ADCX                                                                  07/30/2010 15:57:05 PAGE 1   


C51 COMPILER V8.08, COMPILATION OF MODULE ADCX
OBJECT MODULE PLACED IN ADCX.OBJ
COMPILER INVOKED BY: D:\Program Files\Keil\C51\BIN\C51.EXE ADCX.c LARGE BROWSE DEBUG OBJECTEXTEND

line level    source

   1          //启动单路AD,启动时间10ms,稳态时间160ms
   2          #include "ADCX.h"
   3          
   4          bit adcxEn;
   5          
   6          void adcxRst()
   7          {
   8   1              unsigned char i;
   9   1              adcxEn=0;
  10   1              EIE1 &=~0x08;           //EADC0C=0
  11   1              ADC0CN &=0xdf;          //AD0INT=0
  12   1      }
*** WARNING C280 IN LINE 8 OF ADCX.C: 'i': unreferenced local variable
  13          
  14          void adcxSt(unsigned char i)
  15          {
  16   1              switch (i)
  17   1              {
  18   2              case 0:
  19   2                      ADC0MX=0x13;    //P2.3
  20   2                      break;
  21   2              case 1:
  22   2                      ADC0MX=0x14;    //P2.4
  23   2                      break;
  24   2              case 2:
  25   2                      ADC0MX=0x15;    //P2.5
  26   2                      break;
  27   2              case 3:
  28   2                      ADC0MX=0x16;    //P2.6
  29   2              }
  30   1              ADC0CN &=0xdf;          //AD0INT=0
  31   1              EIE1 |=0x08;            //EADC0C=1
  32   1              AD0BUSY=1;                      //开始
  33   1      }
  34          
  35          void adcxEnd()
  36          {
  37   1              EIE1 &=~0x08;           //EADC0C=0
  38   1              ADC0CN &=0xdf;          //AD0INT=0
  39   1      }
  40          
  41          int adcxax=0;
  42          
  43          void adcxCopy(unsigned int * datap)
  44          {
  45   1              unsigned char * p=(unsigned char *) datap;
  46   1              *p=ADC0H;
  47   1              p++;
  48   1              *p=ADC0L;
  49   1              adcxax++;
  50   1      }
  51          


MODULE INFORMATION:   STATIC OVERLAYABLE
C51 COMPILER V8.08   ADCX                                                                  07/30/2010 15:57:05 PAGE 2   

   CODE SIZE        =     89    ----
   CONSTANT SIZE    =   ----    ----
   XDATA SIZE       =      2       1
   PDATA SIZE       =   ----    ----
   DATA SIZE        =   ----    ----
   IDATA SIZE       =   ----    ----
   BIT SIZE         =      1    ----
END OF MODULE INFORMATION.


C51 COMPILATION COMPLETE.  1 WARNING(S),  0 ERROR(S)
